21:38:21 **** Build of project cateen_bsp ****
make -k all 
"Running Make include in ps7_cortexa9_0/libsrc/coresightps_dcc_v1_4/src"
make -C ps7_cortexa9_0/libsrc/coresightps_dcc_v1_4/src -s include  "SHELL=CMD" "COMPILER=arm-none-eabi-gcc" "ARCHIVER=arm-none-eabi-ar" "COMPILER_FLAGS=  -O2 -c" "EXTRA_COMPILER_FLAGS=-mcpu=cortex-a9 -mfpu=vfpv3 -mfloat-abi=hard -nostartfiles -g -Wall -Wextra"
"Running Make include in ps7_cortexa9_0/libsrc/cpu_cortexa9_v2_7/src"
make -C ps7_cortexa9_0/libsrc/cpu_cortexa9_v2_7/src -s include  "SHELL=CMD" "COMPILER=arm-none-eabi-gcc" "ARCHIVER=arm-none-eabi-ar" "COMPILER_FLAGS=  -O2 -c" "EXTRA_COMPILER_FLAGS=-mcpu=cortex-a9 -mfpu=vfpv3 -mfloat-abi=hard -nostartfiles -g -Wall -Wextra"
"Running Make include in ps7_cortexa9_0/libsrc/ddrps_v1_0/src"
make -C ps7_cortexa9_0/libsrc/ddrps_v1_0/src -s include  "SHELL=CMD" "COMPILER=arm-none-eabi-gcc" "ARCHIVER=arm-none-eabi-ar" "COMPILER_FLAGS=  -O2 -c" "EXTRA_COMPILER_FLAGS=-mcpu=cortex-a9 -mfpu=vfpv3 -mfloat-abi=hard -nostartfiles -g -Wall -Wextra"
"Running Make include in ps7_cortexa9_0/libsrc/devcfg_v3_5/src"
make -C ps7_cortexa9_0/libsrc/devcfg_v3_5/src -s include  "SHELL=CMD" "COMPILER=arm-none-eabi-gcc" "ARCHIVER=arm-none-eabi-ar" "COMPILER_FLAGS=  -O2 -c" "EXTRA_COMPILER_FLAGS=-mcpu=cortex-a9 -mfpu=vfpv3 -mfloat-abi=hard -nostartfiles -g -Wall -Wextra"
"Running Make include in ps7_cortexa9_0/libsrc/dmaps_v2_4/src"
make -C ps7_cortexa9_0/libsrc/dmaps_v2_4/src -s include  "SHELL=CMD" "COMPILER=arm-none-eabi-gcc" "ARCHIVER=arm-none-eabi-ar" "COMPILER_FLAGS=  -O2 -c" "EXTRA_COMPILER_FLAGS=-mcpu=cortex-a9 -mfpu=vfpv3 -mfloat-abi=hard -nostartfiles -g -Wall -Wextra"
"Running Make include in ps7_cortexa9_0/libsrc/gpio_v4_3/src"
make -C ps7_cortexa9_0/libsrc/gpio_v4_3/src -s include  "SHELL=CMD" "COMPILER=arm-none-eabi-gcc" "ARCHIVER=arm-none-eabi-ar" "COMPILER_FLAGS=  -O2 -c" "EXTRA_COMPILER_FLAGS=-mcpu=cortex-a9 -mfpu=vfpv3 -mfloat-abi=hard -nostartfiles -g -Wall -Wextra"
"Running Make include in ps7_cortexa9_0/libsrc/hx711_zynq_v1_0/src"
make -C ps7_cortexa9_0/libsrc/hx711_zynq_v1_0/src -s include  "SHELL=CMD" "COMPILER=arm-none-eabi-gcc" "ARCHIVER=arm-none-eabi-ar" "COMPILER_FLAGS=  -O2 -c" "EXTRA_COMPILER_FLAGS=-mcpu=cortex-a9 -mfpu=vfpv3 -mfloat-abi=hard -nostartfiles -g -Wall -Wextra"
"Running Make include in ps7_cortexa9_0/libsrc/scugic_v3_10/src"
make -C ps7_cortexa9_0/libsrc/scugic_v3_10/src -s include  "SHELL=CMD" "COMPILER=arm-none-eabi-gcc" "ARCHIVER=arm-none-eabi-ar" "COMPILER_FLAGS=  -O2 -c" "EXTRA_COMPILER_FLAGS=-mcpu=cortex-a9 -mfpu=vfpv3 -mfloat-abi=hard -nostartfiles -g -Wall -Wextra"
"Running Make include in ps7_cortexa9_0/libsrc/scutimer_v2_1/src"
make -C ps7_cortexa9_0/libsrc/scutimer_v2_1/src -s include  "SHELL=CMD" "COMPILER=arm-none-eabi-gcc" "ARCHIVER=arm-none-eabi-ar" "COMPILER_FLAGS=  -O2 -c" "EXTRA_COMPILER_FLAGS=-mcpu=cortex-a9 -mfpu=vfpv3 -mfloat-abi=hard -nostartfiles -g -Wall -Wextra"
"Running Make include in ps7_cortexa9_0/libsrc/scuwdt_v2_1/src"
make -C ps7_cortexa9_0/libsrc/scuwdt_v2_1/src -s include  "SHELL=CMD" "COMPILER=arm-none-eabi-gcc" "ARCHIVER=arm-none-eabi-ar" "COMPILER_FLAGS=  -O2 -c" "EXTRA_COMPILER_FLAGS=-mcpu=cortex-a9 -mfpu=vfpv3 -mfloat-abi=hard -nostartfiles -g -Wall -Wextra"
"Running Make include in ps7_cortexa9_0/libsrc/standalone_v6_8/src"
make -C ps7_cortexa9_0/libsrc/standalone_v6_8/src -s include  "SHELL=CMD" "COMPILER=arm-none-eabi-gcc" "ARCHIVER=arm-none-eabi-ar" "COMPILER_FLAGS=  -O2 -c" "EXTRA_COMPILER_FLAGS=-mcpu=cortex-a9 -mfpu=vfpv3 -mfloat-abi=hard -nostartfiles -g -Wall -Wextra"
"Running Make include in ps7_cortexa9_0/libsrc/uartps_v3_7/src"
make -C ps7_cortexa9_0/libsrc/uartps_v3_7/src -s include  "SHELL=CMD" "COMPILER=arm-none-eabi-gcc" "ARCHIVER=arm-none-eabi-ar" "COMPILER_FLAGS=  -O2 -c" "EXTRA_COMPILER_FLAGS=-mcpu=cortex-a9 -mfpu=vfpv3 -mfloat-abi=hard -nostartfiles -g -Wall -Wextra"
"Running Make include in ps7_cortexa9_0/libsrc/xadcps_v2_3/src"
make -C ps7_cortexa9_0/libsrc/xadcps_v2_3/src -s include  "SHELL=CMD" "COMPILER=arm-none-eabi-gcc" "ARCHIVER=arm-none-eabi-ar" "COMPILER_FLAGS=  -O2 -c" "EXTRA_COMPILER_FLAGS=-mcpu=cortex-a9 -mfpu=vfpv3 -mfloat-abi=hard -nostartfiles -g -Wall -Wextra"
"Running Make libs in ps7_cortexa9_0/libsrc/coresightps_dcc_v1_4/src"
make -C ps7_cortexa9_0/libsrc/coresightps_dcc_v1_4/src -s libs  "SHELL=CMD" "COMPILER=arm-none-eabi-gcc" "ARCHIVER=arm-none-eabi-ar" "COMPILER_FLAGS=  -O2 -c" "EXTRA_COMPILER_FLAGS=-mcpu=cortex-a9 -mfpu=vfpv3 -mfloat-abi=hard -nostartfiles -g -Wall -Wextra"
"Compiling coresightps_dcc"
arm-none-eabi-ar: creating ../../../lib/libxil.a
"Running Make libs in ps7_cortexa9_0/libsrc/cpu_cortexa9_v2_7/src"
make -C ps7_cortexa9_0/libsrc/cpu_cortexa9_v2_7/src -s libs  "SHELL=CMD" "COMPILER=arm-none-eabi-gcc" "ARCHIVER=arm-none-eabi-ar" "COMPILER_FLAGS=  -O2 -c" "EXTRA_COMPILER_FLAGS=-mcpu=cortex-a9 -mfpu=vfpv3 -mfloat-abi=hard -nostartfiles -g -Wall -Wextra"
"Compiling cpu_cortexa9"
"Running Make libs in ps7_cortexa9_0/libsrc/ddrps_v1_0/src"
make -C ps7_cortexa9_0/libsrc/ddrps_v1_0/src -s libs  "SHELL=CMD" "COMPILER=arm-none-eabi-gcc" "ARCHIVER=arm-none-eabi-ar" "COMPILER_FLAGS=  -O2 -c" "EXTRA_COMPILER_FLAGS=-mcpu=cortex-a9 -mfpu=vfpv3 -mfloat-abi=hard -nostartfiles -g -Wall -Wextra"
"Compiling ddrps"
"Running Make libs in ps7_cortexa9_0/libsrc/devcfg_v3_5/src"
make -C ps7_cortexa9_0/libsrc/devcfg_v3_5/src -s libs  "SHELL=CMD" "COMPILER=arm-none-eabi-gcc" "ARCHIVER=arm-none-eabi-ar" "COMPILER_FLAGS=  -O2 -c" "EXTRA_COMPILER_FLAGS=-mcpu=cortex-a9 -mfpu=vfpv3 -mfloat-abi=hard -nostartfiles -g -Wall -Wextra"
"Compiling devcfg"
"Running Make libs in ps7_cortexa9_0/libsrc/dmaps_v2_4/src"
make -C ps7_cortexa9_0/libsrc/dmaps_v2_4/src -s libs  "SHELL=CMD" "COMPILER=arm-none-eabi-gcc" "ARCHIVER=arm-none-eabi-ar" "COMPILER_FLAGS=  -O2 -c" "EXTRA_COMPILER_FLAGS=-mcpu=cortex-a9 -mfpu=vfpv3 -mfloat-abi=hard -nostartfiles -g -Wall -Wextra"
"Compiling dmaps"
"Running Make libs in ps7_cortexa9_0/libsrc/gpio_v4_3/src"
make -C ps7_cortexa9_0/libsrc/gpio_v4_3/src -s libs  "SHELL=CMD" "COMPILER=arm-none-eabi-gcc" "ARCHIVER=arm-none-eabi-ar" "COMPILER_FLAGS=  -O2 -c" "EXTRA_COMPILER_FLAGS=-mcpu=cortex-a9 -mfpu=vfpv3 -mfloat-abi=hard -nostartfiles -g -Wall -Wextra"
"Compiling gpio"
"Running Make libs in ps7_cortexa9_0/libsrc/hx711_zynq_v1_0/src"
make -C ps7_cortexa9_0/libsrc/hx711_zynq_v1_0/src -s libs  "SHELL=CMD" "COMPILER=arm-none-eabi-gcc" "ARCHIVER=arm-none-eabi-ar" "COMPILER_FLAGS=  -O2 -c" "EXTRA_COMPILER_FLAGS=-mcpu=cortex-a9 -mfpu=vfpv3 -mfloat-abi=hard -nostartfiles -g -Wall -Wextra"
"Compiling hx711_zynq..."
hx711_zynq_selftest.c: In function 'HX711_ZYNQ_Reg_SelfTest':
hx711_zynq_selftest.c:52:59: warning: comparison between signed and unsigned integer expressions [-Wsign-compare]
    if ( HX711_ZYNQ_mReadReg (baseaddr, read_loop_index*4) != (read_loop_index+1)*READ_WRITE_MUL_FACTOR){
                                                           ^~
hx711_zynq_selftest.c:36:6: warning: unused variable 'Index' [-Wunused-variable]
  int Index;
      ^~~~~
"Running Make libs in ps7_cortexa9_0/libsrc/scugic_v3_10/src"
make -C ps7_cortexa9_0/libsrc/scugic_v3_10/src -s libs  "SHELL=CMD" "COMPILER=arm-none-eabi-gcc" "ARCHIVER=arm-none-eabi-ar" "COMPILER_FLAGS=  -O2 -c" "EXTRA_COMPILER_FLAGS=-mcpu=cortex-a9 -mfpu=vfpv3 -mfloat-abi=hard -nostartfiles -g -Wall -Wextra"
"Compiling scugic"
"Running Make libs in ps7_cortexa9_0/libsrc/scutimer_v2_1/src"
make -C ps7_cortexa9_0/libsrc/scutimer_v2_1/src -s libs  "SHELL=CMD" "COMPILER=arm-none-eabi-gcc" "ARCHIVER=arm-none-eabi-ar" "COMPILER_FLAGS=  -O2 -c" "EXTRA_COMPILER_FLAGS=-mcpu=cortex-a9 -mfpu=vfpv3 -mfloat-abi=hard -nostartfiles -g -Wall -Wextra"
"Compiling scutimer"
"Running Make libs in ps7_cortexa9_0/libsrc/scuwdt_v2_1/src"
make -C ps7_cortexa9_0/libsrc/scuwdt_v2_1/src -s libs  "SHELL=CMD" "COMPILER=arm-none-eabi-gcc" "ARCHIVER=arm-none-eabi-ar" "COMPILER_FLAGS=  -O2 -c" "EXTRA_COMPILER_FLAGS=-mcpu=cortex-a9 -mfpu=vfpv3 -mfloat-abi=hard -nostartfiles -g -Wall -Wextra"
"Compiling scuwdt"
"Running Make libs in ps7_cortexa9_0/libsrc/standalone_v6_8/src"
make -C ps7_cortexa9_0/libsrc/standalone_v6_8/src -s libs  "SHELL=CMD" "COMPILER=arm-none-eabi-gcc" "ARCHIVER=arm-none-eabi-ar" "COMPILER_FLAGS=  -O2 -c" "EXTRA_COMPILER_FLAGS=-mcpu=cortex-a9 -mfpu=vfpv3 -mfloat-abi=hard -nostartfiles -g -Wall -Wextra"
"Compiling standalone"
In file included from usleep.c:56:0:
xtime_l.h:87:9: note: #pragma message: For the sleep routines, Global timer is being used
 #pragma message ("For the sleep routines, Global timer is being used")
         ^~~~~~~
In file included from xil_sleeptimer.c:51:0:
xtime_l.h:87:9: note: #pragma message: For the sleep routines, Global timer is being used
 #pragma message ("For the sleep routines, Global timer is being used")
         ^~~~~~~
In file included from xtime_l.c:49:0:
xtime_l.h:87:9: note: #pragma message: For the sleep routines, Global timer is being used
 #pragma message ("For the sleep routines, Global timer is being used")
         ^~~~~~~
In file included from sleep.c:53:0:
xtime_l.h:87:9: note: #pragma message: For the sleep routines, Global timer is being used
 #pragma message ("For the sleep routines, Global timer is being used")
         ^~~~~~~
"Running Make libs in ps7_cortexa9_0/libsrc/uartps_v3_7/src"
make -C ps7_cortexa9_0/libsrc/uartps_v3_7/src -s libs  "SHELL=CMD" "COMPILER=arm-none-eabi-gcc" "ARCHIVER=arm-none-eabi-ar" "COMPILER_FLAGS=  -O2 -c" "EXTRA_COMPILER_FLAGS=-mcpu=cortex-a9 -mfpu=vfpv3 -mfloat-abi=hard -nostartfiles -g -Wall -Wextra"
"Compiling uartps"
"Running Make libs in ps7_cortexa9_0/libsrc/xadcps_v2_3/src"
make -C ps7_cortexa9_0/libsrc/xadcps_v2_3/src -s libs  "SHELL=CMD" "COMPILER=arm-none-eabi-gcc" "ARCHIVER=arm-none-eabi-ar" "COMPILER_FLAGS=  -O2 -c" "EXTRA_COMPILER_FLAGS=-mcpu=cortex-a9 -mfpu=vfpv3 -mfloat-abi=hard -nostartfiles -g -Wall -Wextra"
"Compiling xadcps"
'Finished building libraries'
21:38:43 **** Build of configuration Debug for project cateen ****
make pre-build main-build 
a9-linaro-pre-build-step
' '
'Building file: ../src/cateen.c'
'Invoking: ARM v7 gcc compiler'
arm-none-eabi-gcc -Wall -O0 -g3 -c -fmessage-length=0 -MT"src/cateen.o" -mcpu=cortex-a9 -mfpu=vfpv3 -mfloat-abi=hard -I../../cateen_bsp/ps7_cortexa9_0/include -MMD -MP -MF"src/cateen.d" -MT"src/cateen.o" -o "src/cateen.o" "../src/cateen.c"
'Finished building: ../src/cateen.c'
' '
'Building file: ../src/platform.c'
'Invoking: ARM v7 gcc compiler'
arm-none-eabi-gcc -Wall -O0 -g3 -c -fmessage-length=0 -MT"src/platform.o" -mcpu=cortex-a9 -mfpu=vfpv3 -mfloat-abi=hard -I../../cateen_bsp/ps7_cortexa9_0/include -MMD -MP -MF"src/platform.d" -MT"src/platform.o" -o "src/platform.o" "../src/platform.c"
'Finished building: ../src/platform.c'
' '
'Building target: cateen.elf'
'Invoking: ARM v7 gcc linker'
arm-none-eabi-gcc -mcpu=cortex-a9 -mfpu=vfpv3 -mfloat-abi=hard -Wl,-build-id=none -specs=Xilinx.spec -Wl,-T -Wl,../src/lscript.ld -L../../cateen_bsp/ps7_cortexa9_0/lib -o "cateen.elf"  ./src/cateen.o ./src/platform.o   -Wl,--start-group,-lxil,-lgcc,-lc,--end-group
'Finished building target: cateen.elf'
' '
'Invoking: ARM v7 Print Size'
arm-none-eabi-size cateen.elf  |tee "cateen.elf.size"
   text	   data	    bss	    dec	    hex	filename
  19352	   1144	  22568	  43064	   a838	cateen.elf
'Finished building: cateen.elf.size'
' '
21:38:45 **** Auto Build of configuration Debug for project cateen ****
make pre-build main-build 
a9-linaro-pre-build-step
' '
make: Nothing to be done for 'main-build'.
21:38:51 **** Auto Build of configuration Debug for project cateen ****
make pre-build main-build 
a9-linaro-pre-build-step
' '
'Building file: ../src/cateen.c'
'Invoking: ARM v7 gcc compiler'
arm-none-eabi-gcc -Wall -O0 -g3 -c -fmessage-length=0 -MT"src/cateen.o" -mcpu=cortex-a9 -mfpu=vfpv3 -mfloat-abi=hard -I../../cateen_bsp/ps7_cortexa9_0/include -MMD -MP -MF"src/cateen.d" -MT"src/cateen.o" -o "src/cateen.o" "../src/cateen.c"
../src/cateen.c:51:10: fatal error: cateen.h: No such file or directory
 #include "cateen.h"
          ^~~~~~~~~~
compilation terminated.
make: *** [src/subdir.mk:26: src/cateen.o] Error 1
21:39:11 **** Auto Build of configuration Debug for project cateen ****
make pre-build main-build 
a9-linaro-pre-build-step
' '
'Building file: ../src/cateen.c'
'Invoking: ARM v7 gcc compiler'
arm-none-eabi-gcc -Wall -O0 -g3 -c -fmessage-length=0 -MT"src/cateen.o" -mcpu=cortex-a9 -mfpu=vfpv3 -mfloat-abi=hard -I../../cateen_bsp/ps7_cortexa9_0/include -MMD -MP -MF"src/cateen.d" -MT"src/cateen.o" -o "src/cateen.o" "../src/cateen.c"
'Finished building: ../src/cateen.c'
' '
'Building target: cateen.elf'
'Invoking: ARM v7 gcc linker'
arm-none-eabi-gcc -mcpu=cortex-a9 -mfpu=vfpv3 -mfloat-abi=hard -Wl,-build-id=none -specs=Xilinx.spec -Wl,-T -Wl,../src/lscript.ld -L../../cateen_bsp/ps7_cortexa9_0/lib -o "cateen.elf"  ./src/cateen.o ./src/platform.o   -Wl,--start-group,-lxil,-lgcc,-lc,--end-group
'Finished building target: cateen.elf'
' '
'Invoking: ARM v7 Print Size'
arm-none-eabi-size cateen.elf  |tee "cateen.elf.size"
   text	   data	    bss	    dec	    hex	filename
  71128	   2580	  23344	  97052	  17b1c	cateen.elf
'Finished building: cateen.elf.size'
' '
21:39:42 **** Incremental Build of configuration Debug for project cateen ****
make pre-build main-build 
a9-linaro-pre-build-step
' '
make: Nothing to be done for 'main-build'.
21:41:32 **** Auto Build of configuration Debug for project cateen ****
make pre-build main-build 
a9-linaro-pre-build-step
' '
'Building file: ../src/cateen.c'
'Invoking: ARM v7 gcc compiler'
arm-none-eabi-gcc -Wall -O0 -g3 -c -fmessage-length=0 -MT"src/cateen.o" -mcpu=cortex-a9 -mfpu=vfpv3 -mfloat-abi=hard -I../../cateen_bsp/ps7_cortexa9_0/include -MMD -MP -MF"src/cateen.d" -MT"src/cateen.o" -o "src/cateen.o" "../src/cateen.c"
'Finished building: ../src/cateen.c'
' '
'Building target: cateen.elf'
'Invoking: ARM v7 gcc linker'
arm-none-eabi-gcc -mcpu=cortex-a9 -mfpu=vfpv3 -mfloat-abi=hard -Wl,-build-id=none -specs=Xilinx.spec -Wl,-T -Wl,../src/lscript.ld -L../../cateen_bsp/ps7_cortexa9_0/lib -o "cateen.elf"  ./src/cateen.o ./src/platform.o   -Wl,--start-group,-lxil,-lgcc,-lc,--end-group
'Finished building target: cateen.elf'
' '
'Invoking: ARM v7 Print Size'
arm-none-eabi-size cateen.elf  |tee "cateen.elf.size"
   text	   data	    bss	    dec	    hex	filename
  71128	   2580	  23344	  97052	  17b1c	cateen.elf
'Finished building: cateen.elf.size'
' '
21:43:01 **** Auto Build of configuration Debug for project cateen ****
make pre-build main-build 
a9-linaro-pre-build-step
' '
'Building file: ../src/cateen.c'
'Invoking: ARM v7 gcc compiler'
arm-none-eabi-gcc -Wall -O0 -g3 -c -fmessage-length=0 -MT"src/cateen.o" -mcpu=cortex-a9 -mfpu=vfpv3 -mfloat-abi=hard -I../../cateen_bsp/ps7_cortexa9_0/include -MMD -MP -MF"src/cateen.d" -MT"src/cateen.o" -o "src/cateen.o" "../src/cateen.c"
../src/cateen.c:90:12: warning: 'get_gram' defined but not used [-Wunused-function]
 signed int get_gram(){
            ^~~~~~~~
'Finished building: ../src/cateen.c'
' '
'Building target: cateen.elf'
'Invoking: ARM v7 gcc linker'
arm-none-eabi-gcc -mcpu=cortex-a9 -mfpu=vfpv3 -mfloat-abi=hard -Wl,-build-id=none -specs=Xilinx.spec -Wl,-T -Wl,../src/lscript.ld -L../../cateen_bsp/ps7_cortexa9_0/lib -o "cateen.elf"  ./src/cateen.o ./src/platform.o   -Wl,--start-group,-lxil,-lgcc,-lc,--end-group
'Finished building target: cateen.elf'
' '
'Invoking: ARM v7 Print Size'
arm-none-eabi-size cateen.elf  |tee "cateen.elf.size"
   text	   data	    bss	    dec	    hex	filename
  71128	   2580	  23344	  97052	  17b1c	cateen.elf
'Finished building: cateen.elf.size'
' '
21:43:18 **** Auto Build of configuration Debug for project cateen ****
make pre-build main-build 
a9-linaro-pre-build-step
' '
'Building file: ../src/cateen.c'
'Invoking: ARM v7 gcc compiler'
arm-none-eabi-gcc -Wall -O0 -g3 -c -fmessage-length=0 -MT"src/cateen.o" -mcpu=cortex-a9 -mfpu=vfpv3 -mfloat-abi=hard -I../../cateen_bsp/ps7_cortexa9_0/include -MMD -MP -MF"src/cateen.d" -MT"src/cateen.o" -o "src/cateen.o" "../src/cateen.c"
../src/cateen.c:77:12: warning: 'get_gram' defined but not used [-Wunused-function]
 signed int get_gram(){
            ^~~~~~~~
'Finished building: ../src/cateen.c'
' '
'Building target: cateen.elf'
'Invoking: ARM v7 gcc linker'
arm-none-eabi-gcc -mcpu=cortex-a9 -mfpu=vfpv3 -mfloat-abi=hard -Wl,-build-id=none -specs=Xilinx.spec -Wl,-T -Wl,../src/lscript.ld -L../../cateen_bsp/ps7_cortexa9_0/lib -o "cateen.elf"  ./src/cateen.o ./src/platform.o   -Wl,--start-group,-lxil,-lgcc,-lc,--end-group
'Finished building target: cateen.elf'
' '
'Invoking: ARM v7 Print Size'
arm-none-eabi-size cateen.elf  |tee "cateen.elf.size"
   text	   data	    bss	    dec	    hex	filename
  19424	   1144	  22584	  43152	   a890	cateen.elf
'Finished building: cateen.elf.size'
' '
21:44:06 **** Auto Build of configuration Debug for project cateen ****
make pre-build main-build 
a9-linaro-pre-build-step
' '
'Building file: ../src/cateen.c'
'Invoking: ARM v7 gcc compiler'
arm-none-eabi-gcc -Wall -O0 -g3 -c -fmessage-length=0 -MT"src/cateen.o" -mcpu=cortex-a9 -mfpu=vfpv3 -mfloat-abi=hard -I../../cateen_bsp/ps7_cortexa9_0/include -MMD -MP -MF"src/cateen.d" -MT"src/cateen.o" -o "src/cateen.o" "../src/cateen.c"
../src/cateen.c:77:12: warning: 'get_gram' defined but not used [-Wunused-function]
 signed int get_gram(){
            ^~~~~~~~
'Finished building: ../src/cateen.c'
' '
'Building target: cateen.elf'
'Invoking: ARM v7 gcc linker'
arm-none-eabi-gcc -mcpu=cortex-a9 -mfpu=vfpv3 -mfloat-abi=hard -Wl,-build-id=none -specs=Xilinx.spec -Wl,-T -Wl,../src/lscript.ld -L../../cateen_bsp/ps7_cortexa9_0/lib -o "cateen.elf"  ./src/cateen.o ./src/platform.o   -Wl,--start-group,-lxil,-lgcc,-lc,--end-group
'Finished building target: cateen.elf'
' '
'Invoking: ARM v7 Print Size'
arm-none-eabi-size cateen.elf  |tee "cateen.elf.size"
   text	   data	    bss	    dec	    hex	filename
  19424	   1144	  22584	  43152	   a890	cateen.elf
'Finished building: cateen.elf.size'
' '
21:45:58 **** Auto Build of configuration Debug for project cateen ****
make pre-build main-build 
a9-linaro-pre-build-step
' '
make: Nothing to be done for 'main-build'.
21:46:27 **** Auto Build of configuration Debug for project cateen ****
make pre-build main-build 
a9-linaro-pre-build-step
' '
make: Nothing to be done for 'main-build'.
21:46:45 **** Auto Build of configuration Debug for project cateen ****
make pre-build main-build 
a9-linaro-pre-build-step
' '
'Building file: ../src/mfrc522.c'
'Invoking: ARM v7 gcc compiler'
arm-none-eabi-gcc -Wall -O0 -g3 -c -fmessage-length=0 -MT"src/mfrc522.o" -mcpu=cortex-a9 -mfpu=vfpv3 -mfloat-abi=hard -I../../cateen_bsp/ps7_cortexa9_0/include -MMD -MP -MF"src/mfrc522.d" -MT"src/mfrc522.o" -o "src/mfrc522.o" "../src/mfrc522.c"
'Finished building: ../src/mfrc522.c'
' '
'Building target: cateen.elf'
'Invoking: ARM v7 gcc linker'
arm-none-eabi-gcc -mcpu=cortex-a9 -mfpu=vfpv3 -mfloat-abi=hard -Wl,-build-id=none -specs=Xilinx.spec -Wl,-T -Wl,../src/lscript.ld -L../../cateen_bsp/ps7_cortexa9_0/lib -o "cateen.elf"  ./src/cateen.o ./src/mfrc522.o ./src/platform.o   -Wl,--start-group,-lxil,-lgcc,-lc,--end-group
'Finished building target: cateen.elf'
' '
'Invoking: ARM v7 Print Size'
arm-none-eabi-size cateen.elf  |tee "cateen.elf.size"
   text	   data	    bss	    dec	    hex	filename
  19424	   1144	  22584	  43152	   a890	cateen.elf
'Finished building: cateen.elf.size'
' '
21:46:51 **** Auto Build of configuration Debug for project cateen ****
make pre-build main-build 
a9-linaro-pre-build-step
' '
'Building file: ../src/mfrc522.c'
'Invoking: ARM v7 gcc compiler'
arm-none-eabi-gcc -Wall -O0 -g3 -c -fmessage-length=0 -MT"src/mfrc522.o" -mcpu=cortex-a9 -mfpu=vfpv3 -mfloat-abi=hard -I../../cateen_bsp/ps7_cortexa9_0/include -MMD -MP -MF"src/mfrc522.d" -MT"src/mfrc522.o" -o "src/mfrc522.o" "../src/mfrc522.c"
../src/mfrc522.c:4:10: fatal error: rfid_zynq.h: No such file or directory
 #include "rfid_zynq.h"
          ^~~~~~~~~~~~~
compilation terminated.
make: *** [src/subdir.mk:29: src/mfrc522.o] Error 1
21:46:59 **** Auto Build of configuration Debug for project cateen ****
make pre-build main-build 
a9-linaro-pre-build-step
' '
'Building file: ../src/mfrc522.c'
'Invoking: ARM v7 gcc compiler'
arm-none-eabi-gcc -Wall -O0 -g3 -c -fmessage-length=0 -MT"src/mfrc522.o" -mcpu=cortex-a9 -mfpu=vfpv3 -mfloat-abi=hard -I../../cateen_bsp/ps7_cortexa9_0/include -MMD -MP -MF"src/mfrc522.d" -MT"src/mfrc522.o" -o "src/mfrc522.o" "../src/mfrc522.c"
../src/mfrc522.c:4:10: fatal error: canteen.h: No such file or directory
 #include "canteen.h"
          ^~~~~~~~~~~
compilation terminated.
make: *** [src/subdir.mk:29: src/mfrc522.o] Error 1
21:47:11 **** Auto Build of configuration Debug for project cateen ****
make pre-build main-build 
a9-linaro-pre-build-step
' '
'Building file: ../src/mfrc522.c'
'Invoking: ARM v7 gcc compiler'
arm-none-eabi-gcc -Wall -O0 -g3 -c -fmessage-length=0 -MT"src/mfrc522.o" -mcpu=cortex-a9 -mfpu=vfpv3 -mfloat-abi=hard -I../../cateen_bsp/ps7_cortexa9_0/include -MMD -MP -MF"src/mfrc522.d" -MT"src/mfrc522.o" -o "src/mfrc522.o" "../src/mfrc522.c"
../src/mfrc522.c: In function 'PcdHalt':
../src/mfrc522.c:338:10: warning: variable 'status' set but not used [-Wunused-but-set-variable]
     char status;
          ^~~~~~
'Finished building: ../src/mfrc522.c'
' '
'Building target: cateen.elf'
'Invoking: ARM v7 gcc linker'
arm-none-eabi-gcc -mcpu=cortex-a9 -mfpu=vfpv3 -mfloat-abi=hard -Wl,-build-id=none -specs=Xilinx.spec -Wl,-T -Wl,../src/lscript.ld -L../../cateen_bsp/ps7_cortexa9_0/lib -o "cateen.elf"  ./src/cateen.o ./src/mfrc522.o ./src/platform.o   -Wl,--start-group,-lxil,-lgcc,-lc,--end-group
./src/mfrc522.o: In function `PcdReset':
E:\project\SmartCanteen\cateen\cateen.sdk\cateen\Debug/../src/mfrc522.c:382: undefined reference to `rst'
E:\project\SmartCanteen\cateen\cateen.sdk\cateen\Debug/../src/mfrc522.c:382: undefined reference to `rst'
E:\project\SmartCanteen\cateen\cateen.sdk\cateen\Debug/../src/mfrc522.c:388: undefined reference to `rst'
E:\project\SmartCanteen\cateen\cateen.sdk\cateen\Debug/../src/mfrc522.c:388: undefined reference to `rst'
E:\project\SmartCanteen\cateen\cateen.sdk\cateen\Debug/../src/mfrc522.c:394: undefined reference to `rst'
./src/mfrc522.o:E:\project\SmartCanteen\cateen\cateen.sdk\cateen\Debug/../src/mfrc522.c:394: more undefined references to `rst' follow
./src/mfrc522.o: In function `ReadRawRC':
E:\project\SmartCanteen\cateen\cateen.sdk\cateen\Debug/../src/mfrc522.c:425: undefined reference to `sck'
E:\project\SmartCanteen\cateen\cateen.sdk\cateen\Debug/../src/mfrc522.c:425: undefined reference to `sck'
E:\project\SmartCanteen\cateen\cateen.sdk\cateen\Debug/../src/mfrc522.c:426: undefined reference to `sda'
E:\project\SmartCanteen\cateen\cateen.sdk\cateen\Debug/../src/mfrc522.c:426: undefined reference to `sda'
E:\project\SmartCanteen\cateen\cateen.sdk\cateen\Debug/../src/mfrc522.c:434: undefined reference to `mosi'
E:\project\SmartCanteen\cateen\cateen.sdk\cateen\Debug/../src/mfrc522.c:434: undefined reference to `mosi'
E:\project\SmartCanteen\cateen\cateen.sdk\cateen\Debug/../src/mfrc522.c:435: undefined reference to `sck'
E:\project\SmartCanteen\cateen\cateen.sdk\cateen\Debug/../src/mfrc522.c:435: undefined reference to `sck'
E:\project\SmartCanteen\cateen\cateen.sdk\cateen\Debug/../src/mfrc522.c:439: undefined reference to `sck'
E:\project\SmartCanteen\cateen\cateen.sdk\cateen\Debug/../src/mfrc522.c:439: undefined reference to `sck'
E:\project\SmartCanteen\cateen\cateen.sdk\cateen\Debug/../src/mfrc522.c:446: undefined reference to `sck'
./src/mfrc522.o:E:\project\SmartCanteen\cateen\cateen.sdk\cateen\Debug/../src/mfrc522.c:446: more undefined references to `sck' follow
./src/mfrc522.o: In function `ReadRawRC':
E:\project\SmartCanteen\cateen\cateen.sdk\cateen\Debug/../src/mfrc522.c:450: undefined reference to `miso'
E:\project\SmartCanteen\cateen\cateen.sdk\cateen\Debug/../src/mfrc522.c:450: undefined reference to `miso'
E:\project\SmartCanteen\cateen\cateen.sdk\cateen\Debug/../src/mfrc522.c:453: undefined reference to `sck'
E:\project\SmartCanteen\cateen\cateen.sdk\cateen\Debug/../src/mfrc522.c:453: undefined reference to `sck'
E:\project\SmartCanteen\cateen\cateen.sdk\cateen\Debug/../src/mfrc522.c:459: undefined reference to `sda'
E:\project\SmartCanteen\cateen\cateen.sdk\cateen\Debug/../src/mfrc522.c:459: undefined reference to `sda'
E:\project\SmartCanteen\cateen\cateen.sdk\cateen\Debug/../src/mfrc522.c:460: undefined reference to `sck'
E:\project\SmartCanteen\cateen\cateen.sdk\cateen\Debug/../src/mfrc522.c:460: undefined reference to `sck'
./src/mfrc522.o: In function `WriteRawRC':
E:\project\SmartCanteen\cateen\cateen.sdk\cateen\Debug/../src/mfrc522.c:476: undefined reference to `sck'
E:\project\SmartCanteen\cateen\cateen.sdk\cateen\Debug/../src/mfrc522.c:476: undefined reference to `sck'
E:\project\SmartCanteen\cateen\cateen.sdk\cateen\Debug/../src/mfrc522.c:477: undefined reference to `sda'
E:\project\SmartCanteen\cateen\cateen.sdk\cateen\Debug/../src/mfrc522.c:477: undefined reference to `sda'
E:\project\SmartCanteen\cateen\cateen.sdk\cateen\Debug/../src/mfrc522.c:485: undefined reference to `mosi'
E:\project\SmartCanteen\cateen\cateen.sdk\cateen\Debug/../src/mfrc522.c:485: undefined reference to `mosi'
E:\project\SmartCanteen\cateen\cateen.sdk\cateen\Debug/../src/mfrc522.c:486: undefined reference to `sck'
E:\project\SmartCanteen\cateen\cateen.sdk\cateen\Debug/../src/mfrc522.c:486: undefined reference to `sck'
E:\project\SmartCanteen\cateen\cateen.sdk\cateen\Debug/../src/mfrc522.c:490: undefined reference to `sck'
E:\project\SmartCanteen\cateen\cateen.sdk\cateen\Debug/../src/mfrc522.c:490: undefined reference to `sck'
E:\project\SmartCanteen\cateen\cateen.sdk\cateen\Debug/../src/mfrc522.c:498: undefined reference to `mosi'
E:\project\SmartCanteen\cateen\cateen.sdk\cateen\Debug/../src/mfrc522.c:498: undefined reference to `mosi'
E:\project\SmartCanteen\cateen\cateen.sdk\cateen\Debug/../src/mfrc522.c:499: undefined reference to `sck'
E:\project\SmartCanteen\cateen\cateen.sdk\cateen\Debug/../src/mfrc522.c:499: undefined reference to `sck'
E:\project\SmartCanteen\cateen\cateen.sdk\cateen\Debug/../src/mfrc522.c:503: undefined reference to `sck'
E:\project\SmartCanteen\cateen\cateen.sdk\cateen\Debug/../src/mfrc522.c:503: undefined reference to `sck'
E:\project\SmartCanteen\cateen\cateen.sdk\cateen\Debug/../src/mfrc522.c:508: undefined reference to `sda'
E:\project\SmartCanteen\cateen\cateen.sdk\cateen\Debug/../src/mfrc522.c:508: undefined reference to `sda'
E:\project\SmartCanteen\cateen\cateen.sdk\cateen\Debug/../src/mfrc522.c:509: undefined reference to `sck'
E:\project\SmartCanteen\cateen\cateen.sdk\cateen\Debug/../src/mfrc522.c:509: undefined reference to `sck'
collect2.exe: error: ld returned 1 exit status
make: *** [makefile:41: cateen.elf] Error 1
21:49:04 **** Auto Build of configuration Debug for project cateen ****
make pre-build main-build 
a9-linaro-pre-build-step
' '
'Building file: ../src/cateen.c'
'Invoking: ARM v7 gcc compiler'
arm-none-eabi-gcc -Wall -O0 -g3 -c -fmessage-length=0 -MT"src/cateen.o" -mcpu=cortex-a9 -mfpu=vfpv3 -mfloat-abi=hard -I../../cateen_bsp/ps7_cortexa9_0/include -MMD -MP -MF"src/cateen.d" -MT"src/cateen.o" -o "src/cateen.o" "../src/cateen.c"
../src/cateen.c: In function 'main':
../src/cateen.c:67:10: warning: implicit declaration of function 'XGpio_Initialize' [-Wimplicit-function-declaration]
     s0 = XGpio_Initialize(&miso, MF522_MISO_ID);
          ^~~~~~~~~~~~~~~~
../src/cateen.c:67:28: error: 'miso' undeclared (first use in this function); did you mean 'isb'?
     s0 = XGpio_Initialize(&miso, MF522_MISO_ID);
                            ^~~~
                            isb
../src/cateen.c:67:28: note: each undeclared identifier is reported only once for each function it appears in
../src/cateen.c:68:28: error: 'rst' undeclared (first use in this function)
     s1 = XGpio_Initialize(&rst,  MF522_RST_ID);
                            ^~~
../src/cateen.c:69:28: error: 'mosi' undeclared (first use in this function); did you mean 'miso'?
     s2 = XGpio_Initialize(&mosi, MF522_MOSI_ID);
                            ^~~~
                            miso
../src/cateen.c:70:28: error: 'sck' undeclared (first use in this function)
     s3 = XGpio_Initialize(&sck,  MF522_SCK_ID);
                            ^~~
../src/cateen.c:71:28: error: 'sda' undeclared (first use in this function)
     s4 = XGpio_Initialize(&sda,  MF522_SDA_ID);
                            ^~~
At top level:
../src/cateen.c:88:12: warning: 'get_gram' defined but not used [-Wunused-function]
 signed int get_gram(){
            ^~~~~~~~
make: *** [src/subdir.mk:29: src/cateen.o] Error 1
21:49:21 **** Auto Build of configuration Debug for project cateen ****
make pre-build main-build 
a9-linaro-pre-build-step
' '
'Building file: ../src/cateen.c'
'Invoking: ARM v7 gcc compiler'
arm-none-eabi-gcc -Wall -O0 -g3 -c -fmessage-length=0 -MT"src/cateen.o" -mcpu=cortex-a9 -mfpu=vfpv3 -mfloat-abi=hard -I../../cateen_bsp/ps7_cortexa9_0/include -MMD -MP -MF"src/cateen.d" -MT"src/cateen.o" -o "src/cateen.o" "../src/cateen.c"
../src/cateen.c:60:1: error: unknown type name 'XGpio'
 XGpio miso, rst, mosi, sck, sda;
 ^~~~~
../src/cateen.c: In function 'main':
../src/cateen.c:67:10: warning: implicit declaration of function 'XGpio_Initialize' [-Wimplicit-function-declaration]
     s0 = XGpio_Initialize(&miso, MF522_MISO_ID);
          ^~~~~~~~~~~~~~~~
At top level:
../src/cateen.c:88:12: warning: 'get_gram' defined but not used [-Wunused-function]
 signed int get_gram(){
            ^~~~~~~~
make: *** [src/subdir.mk:29: src/cateen.o] Error 1
21:50:45 **** Auto Build of configuration Debug for project cateen ****
make pre-build main-build 
a9-linaro-pre-build-step
' '
'Building file: ../src/cateen.c'
'Invoking: ARM v7 gcc compiler'
arm-none-eabi-gcc -Wall -O0 -g3 -c -fmessage-length=0 -MT"src/cateen.o" -mcpu=cortex-a9 -mfpu=vfpv3 -mfloat-abi=hard -I../../cateen_bsp/ps7_cortexa9_0/include -MMD -MP -MF"src/cateen.d" -MT"src/cateen.o" -o "src/cateen.o" "../src/cateen.c"
../src/cateen.c:88:12: warning: 'get_gram' defined but not used [-Wunused-function]
 signed int get_gram(){
            ^~~~~~~~
'Finished building: ../src/cateen.c'
' '
'Building target: cateen.elf'
'Invoking: ARM v7 gcc linker'
arm-none-eabi-gcc -mcpu=cortex-a9 -mfpu=vfpv3 -mfloat-abi=hard -Wl,-build-id=none -specs=Xilinx.spec -Wl,-T -Wl,../src/lscript.ld -L../../cateen_bsp/ps7_cortexa9_0/lib -o "cateen.elf"  ./src/cateen.o ./src/mfrc522.o ./src/platform.o   -Wl,--start-group,-lxil,-lgcc,-lc,--end-group
'Finished building target: cateen.elf'
' '
'Invoking: ARM v7 Print Size'
arm-none-eabi-size cateen.elf  |tee "cateen.elf.size"
   text	   data	    bss	    dec	    hex	filename
  28896	   1232	  22680	  52808	   ce48	cateen.elf
'Finished building: cateen.elf.size'
' '
21:51:04 **** Auto Build of configuration Debug for project cateen ****
make pre-build main-build 
a9-linaro-pre-build-step
' '
'Building file: ../src/cateen.c'
'Invoking: ARM v7 gcc compiler'
arm-none-eabi-gcc -Wall -O0 -g3 -c -fmessage-length=0 -MT"src/cateen.o" -mcpu=cortex-a9 -mfpu=vfpv3 -mfloat-abi=hard -I../../cateen_bsp/ps7_cortexa9_0/include -MMD -MP -MF"src/cateen.d" -MT"src/cateen.o" -o "src/cateen.o" "../src/cateen.c"
'Finished building: ../src/cateen.c'
' '
'Building target: cateen.elf'
'Invoking: ARM v7 gcc linker'
arm-none-eabi-gcc -mcpu=cortex-a9 -mfpu=vfpv3 -mfloat-abi=hard -Wl,-build-id=none -specs=Xilinx.spec -Wl,-T -Wl,../src/lscript.ld -L../../cateen_bsp/ps7_cortexa9_0/lib -o "cateen.elf"  ./src/cateen.o ./src/mfrc522.o ./src/platform.o   -Wl,--start-group,-lxil,-lgcc,-lc,--end-group
'Finished building target: cateen.elf'
' '
'Invoking: ARM v7 Print Size'
arm-none-eabi-size cateen.elf  |tee "cateen.elf.size"
   text	   data	    bss	    dec	    hex	filename
  28960	   1232	  22680	  52872	   ce88	cateen.elf
'Finished building: cateen.elf.size'
' '
21:52:43 **** Auto Build of configuration Debug for project cateen ****
make pre-build main-build 
a9-linaro-pre-build-step
' '
'Building file: ../src/cateen.c'
'Invoking: ARM v7 gcc compiler'
arm-none-eabi-gcc -Wall -O0 -g3 -c -fmessage-length=0 -MT"src/cateen.o" -mcpu=cortex-a9 -mfpu=vfpv3 -mfloat-abi=hard -I../../cateen_bsp/ps7_cortexa9_0/include -MMD -MP -MF"src/cateen.d" -MT"src/cateen.o" -o "src/cateen.o" "../src/cateen.c"
../src/cateen.c: In function 'main':
../src/cateen.c:84:13: warning: implicit declaration of function 'PcdReset'; did you mean 'fd_set'? [-Wimplicit-function-declaration]
             PcdReset();
             ^~~~~~~~
             fd_set
../src/cateen.c:85:13: warning: implicit declaration of function 'PcdAntennaOff' [-Wimplicit-function-declaration]
             PcdAntennaOff();
             ^~~~~~~~~~~~~
../src/cateen.c:86:13: warning: implicit declaration of function 'PcdAntennaOn' [-Wimplicit-function-declaration]
             PcdAntennaOn();
             ^~~~~~~~~~~~
../src/cateen.c:90:26: warning: implicit declaration of function 'PcdRequest' [-Wimplicit-function-declaration]
                 status = PcdRequest(PICC_REQALL, g_ucTempbuf); //Ñ°¿¨
                          ^~~~~~~~~~
../src/cateen.c:90:37: error: 'PICC_REQALL' undeclared (first use in this function)
                 status = PcdRequest(PICC_REQALL, g_ucTempbuf); //Ñ°¿¨
                                     ^~~~~~~~~~~
../src/cateen.c:90:37: note: each undeclared identifier is reported only once for each function it appears in
../src/cateen.c:90:50: error: 'g_ucTempbuf' undeclared (first use in this function)
                 status = PcdRequest(PICC_REQALL, g_ucTempbuf); //Ñ°¿¨
                                                  ^~~~~~~~~~~
../src/cateen.c:91:31: error: 'MI_OK' undeclared (first use in this function)
                 if (status != MI_OK) //initial
                               ^~~~~
../src/cateen.c:107:26: warning: implicit declaration of function 'PcdAnticoll' [-Wimplicit-function-declaration]
                 status = PcdAnticoll(g_ucTempbuf); //·À³å×²
                          ^~~~~~~~~~~
../src/cateen.c:124:26: warning: implicit declaration of function 'PcdSelect'; did you mean 'pselect'? [-Wimplicit-function-declaration]
                 status = PcdSelect(g_ucTempbuf); //Ñ¡¶¨¿¨Æ¬
                          ^~~~~~~~~
                          pselect
../src/cateen.c:137:26: warning: implicit declaration of function 'PcdAuthState' [-Wimplicit-function-declaration]
                 status = PcdAuthState(PICC_AUTHENT1A, 60, DefaultKey, g_ucTempbuf); //ÑéÖ¤¿¨Æ¬ÃÜÂë
                          ^~~~~~~~~~~~
../src/cateen.c:137:39: error: 'PICC_AUTHENT1A' undeclared (first use in this function)
                 status = PcdAuthState(PICC_AUTHENT1A, 60, DefaultKey, g_ucTempbuf); //ÑéÖ¤¿¨Æ¬ÃÜÂë
                                       ^~~~~~~~~~~~~~
../src/cateen.c:137:59: error: 'DefaultKey' undeclared (first use in this function)
                 status = PcdAuthState(PICC_AUTHENT1A, 60, DefaultKey, g_ucTempbuf); //ÑéÖ¤¿¨Æ¬ÃÜÂë
                                                           ^~~~~~~~~~
../src/cateen.c:143:26: warning: implicit declaration of function 'PcdWrite'; did you mean 'fwrite'? [-Wimplicit-function-declaration]
                 status = PcdWrite(60, data1); //Ð´¿é
                          ^~~~~~~~
                          fwrite
../src/cateen.c:143:39: error: 'data1' undeclared (first use in this function)
                 status = PcdWrite(60, data1); //Ð´¿é
                                       ^~~~~
../src/cateen.c:175:30: warning: implicit declaration of function 'PcdValue' [-Wimplicit-function-declaration]
                     status = PcdValue(PICC_DECREMENT, 60, data2); //¿Û¿î
                              ^~~~~~~~
../src/cateen.c:175:39: error: 'PICC_DECREMENT' undeclared (first use in this function); did you mean 'PICC_REQALL'?
                     status = PcdValue(PICC_DECREMENT, 60, data2); //¿Û¿î
                                       ^~~~~~~~~~~~~~
                                       PICC_REQALL
../src/cateen.c:175:59: error: 'data2' undeclared (first use in this function); did you mean 'data1'?
                     status = PcdValue(PICC_DECREMENT, 60, data2); //¿Û¿î
                                                           ^~~~~
                                                           data1
../src/cateen.c:181:30: warning: implicit declaration of function 'PcdBakValue' [-Wimplicit-function-declaration]
                     status = PcdBakValue(60, 61); //¿é±¸·Ý
                              ^~~~~~~~~~~
../src/cateen.c:187:30: warning: implicit declaration of function 'PcdRead' [-Wimplicit-function-declaration]
                     status = PcdRead(61, g_ucTempbuf); //¶Á¿é
                              ^~~~~~~
../src/cateen.c:205:21: warning: implicit declaration of function 'delay1' [-Wimplicit-function-declaration]
                     delay1(100);
                     ^~~~~~
../src/cateen.c:208:21: warning: implicit declaration of function 'PcdHalt' [-Wimplicit-function-declaration]
                     PcdHalt();
                     ^~~~~~~
make: *** [src/subdir.mk:29: src/cateen.o] Error 1
21:53:17 **** Auto Build of configuration Debug for project cateen ****
make pre-build main-build 
a9-linaro-pre-build-step
' '
'Building file: ../src/cateen.c'
'Invoking: ARM v7 gcc compiler'
arm-none-eabi-gcc -Wall -O0 -g3 -c -fmessage-length=0 -MT"src/cateen.o" -mcpu=cortex-a9 -mfpu=vfpv3 -mfloat-abi=hard -I../../cateen_bsp/ps7_cortexa9_0/include -MMD -MP -MF"src/cateen.d" -MT"src/cateen.o" -o "src/cateen.o" "../src/cateen.c"
../src/cateen.c: In function 'main':
../src/cateen.c:96:13: warning: implicit declaration of function 'PcdReset'; did you mean 'fd_set'? [-Wimplicit-function-declaration]
             PcdReset();
             ^~~~~~~~
             fd_set
../src/cateen.c:97:13: warning: implicit declaration of function 'PcdAntennaOff' [-Wimplicit-function-declaration]
             PcdAntennaOff();
             ^~~~~~~~~~~~~
../src/cateen.c:98:13: warning: implicit declaration of function 'PcdAntennaOn' [-Wimplicit-function-declaration]
             PcdAntennaOn();
             ^~~~~~~~~~~~
../src/cateen.c:102:26: warning: implicit declaration of function 'PcdRequest' [-Wimplicit-function-declaration]
                 status = PcdRequest(PICC_REQALL, g_ucTempbuf); //Ñ°¿¨
                          ^~~~~~~~~~
../src/cateen.c:102:37: error: 'PICC_REQALL' undeclared (first use in this function)
                 status = PcdRequest(PICC_REQALL, g_ucTempbuf); //Ñ°¿¨
                                     ^~~~~~~~~~~
../src/cateen.c:102:37: note: each undeclared identifier is reported only once for each function it appears in
../src/cateen.c:103:31: error: 'MI_OK' undeclared (first use in this function)
                 if (status != MI_OK) //initial
                               ^~~~~
../src/cateen.c:119:26: warning: implicit declaration of function 'PcdAnticoll' [-Wimplicit-function-declaration]
                 status = PcdAnticoll(g_ucTempbuf); //·À³å×²
                          ^~~~~~~~~~~
../src/cateen.c:136:26: warning: implicit declaration of function 'PcdSelect'; did you mean 'pselect'? [-Wimplicit-function-declaration]
                 status = PcdSelect(g_ucTempbuf); //Ñ¡¶¨¿¨Æ¬
                          ^~~~~~~~~
                          pselect
../src/cateen.c:149:26: warning: implicit declaration of function 'PcdAuthState' [-Wimplicit-function-declaration]
                 status = PcdAuthState(PICC_AUTHENT1A, 60, DefaultKey, g_ucTempbuf); //ÑéÖ¤¿¨Æ¬ÃÜÂë
                          ^~~~~~~~~~~~
../src/cateen.c:149:39: error: 'PICC_AUTHENT1A' undeclared (first use in this function)
                 status = PcdAuthState(PICC_AUTHENT1A, 60, DefaultKey, g_ucTempbuf); //ÑéÖ¤¿¨Æ¬ÃÜÂë
                                       ^~~~~~~~~~~~~~
../src/cateen.c:155:26: warning: implicit declaration of function 'PcdWrite'; did you mean 'fwrite'? [-Wimplicit-function-declaration]
                 status = PcdWrite(60, data1); //Ð´¿é
                          ^~~~~~~~
                          fwrite
../src/cateen.c:187:30: warning: implicit declaration of function 'PcdValue' [-Wimplicit-function-declaration]
                     status = PcdValue(PICC_DECREMENT, 60, data2); //¿Û¿î
                              ^~~~~~~~
../src/cateen.c:187:39: error: 'PICC_DECREMENT' undeclared (first use in this function); did you mean 'PICC_REQALL'?
                     status = PcdValue(PICC_DECREMENT, 60, data2); //¿Û¿î
                                       ^~~~~~~~~~~~~~
                                       PICC_REQALL
../src/cateen.c:193:30: warning: implicit declaration of function 'PcdBakValue' [-Wimplicit-function-declaration]
                     status = PcdBakValue(60, 61); //¿é±¸·Ý
                              ^~~~~~~~~~~
../src/cateen.c:199:30: warning: implicit declaration of function 'PcdRead' [-Wimplicit-function-declaration]
                     status = PcdRead(61, g_ucTempbuf); //¶Á¿é
                              ^~~~~~~
../src/cateen.c:220:21: warning: implicit declaration of function 'PcdHalt' [-Wimplicit-function-declaration]
                     PcdHalt();
                     ^~~~~~~
make: *** [src/subdir.mk:29: src/cateen.o] Error 1
21:53:56 **** Auto Build of configuration Debug for project cateen ****
make pre-build main-build 
a9-linaro-pre-build-step
' '
'Building file: ../src/cateen.c'
'Invoking: ARM v7 gcc compiler'
arm-none-eabi-gcc -Wall -O0 -g3 -c -fmessage-length=0 -MT"src/cateen.o" -mcpu=cortex-a9 -mfpu=vfpv3 -mfloat-abi=hard -I../../cateen_bsp/ps7_cortexa9_0/include -MMD -MP -MF"src/cateen.d" -MT"src/cateen.o" -o "src/cateen.o" "../src/cateen.c"
'Finished building: ../src/cateen.c'
' '
'Building target: cateen.elf'
'Invoking: ARM v7 gcc linker'
arm-none-eabi-gcc -mcpu=cortex-a9 -mfpu=vfpv3 -mfloat-abi=hard -Wl,-build-id=none -specs=Xilinx.spec -Wl,-T -Wl,../src/lscript.ld -L../../cateen_bsp/ps7_cortexa9_0/lib -o "cateen.elf"  ./src/cateen.o ./src/mfrc522.o ./src/platform.o   -Wl,--start-group,-lxil,-lgcc,-lc,--end-group
'Finished building target: cateen.elf'
' '
'Invoking: ARM v7 Print Size'
arm-none-eabi-size cateen.elf  |tee "cateen.elf.size"
   text	   data	    bss	    dec	    hex	filename
  79888	   2688	  23456	 106032	  19e30	cateen.elf
'Finished building: cateen.elf.size'
' '
21:54:29 **** Incremental Build of configuration Debug for project cateen ****
make pre-build main-build 
a9-linaro-pre-build-step
' '
make: Nothing to be done for 'main-build'.
21:55:54 **** Incremental Build of configuration Debug for project cateen ****
make pre-build main-build 
a9-linaro-pre-build-step
' '
make: Nothing to be done for 'main-build'.
21:58:47 **** Auto Build of configuration Debug for project cateen ****
make pre-build main-build 
a9-linaro-pre-build-step
' '
'Building file: ../src/cateen.c'
'Invoking: ARM v7 gcc compiler'
arm-none-eabi-gcc -Wall -O0 -g3 -c -fmessage-length=0 -MT"src/cateen.o" -mcpu=cortex-a9 -mfpu=vfpv3 -mfloat-abi=hard -I../../cateen_bsp/ps7_cortexa9_0/include -MMD -MP -MF"src/cateen.d" -MT"src/cateen.o" -o "src/cateen.o" "../src/cateen.c"
'Finished building: ../src/cateen.c'
' '
'Building file: ../src/mfrc522.c'
'Invoking: ARM v7 gcc compiler'
arm-none-eabi-gcc -Wall -O0 -g3 -c -fmessage-length=0 -MT"src/mfrc522.o" -mcpu=cortex-a9 -mfpu=vfpv3 -mfloat-abi=hard -I../../cateen_bsp/ps7_cortexa9_0/include -MMD -MP -MF"src/mfrc522.d" -MT"src/mfrc522.o" -o "src/mfrc522.o" "../src/mfrc522.c"
../src/mfrc522.c: In function 'PcdHalt':
../src/mfrc522.c:338:10: warning: variable 'status' set but not used [-Wunused-but-set-variable]
     char status;
          ^~~~~~
'Finished building: ../src/mfrc522.c'
' '
'Building target: cateen.elf'
'Invoking: ARM v7 gcc linker'
arm-none-eabi-gcc -mcpu=cortex-a9 -mfpu=vfpv3 -mfloat-abi=hard -Wl,-build-id=none -specs=Xilinx.spec -Wl,-T -Wl,../src/lscript.ld -L../../cateen_bsp/ps7_cortexa9_0/lib -o "cateen.elf"  ./src/cateen.o ./src/mfrc522.o ./src/platform.o   -Wl,--start-group,-lxil,-lgcc,-lc,--end-group
'Finished building target: cateen.elf'
' '
'Invoking: ARM v7 Print Size'
arm-none-eabi-size cateen.elf  |tee "cateen.elf.size"
   text	   data	    bss	    dec	    hex	filename
  79888	   2688	  23456	 106032	  19e30	cateen.elf
'Finished building: cateen.elf.size'
' '
21:58:51 **** Incremental Build of configuration Debug for project cateen ****
make pre-build main-build 
a9-linaro-pre-build-step
' '
make: Nothing to be done for 'main-build'.
22:10:34 **** Auto Build of configuration Debug for project cateen ****
make pre-build main-build 
a9-linaro-pre-build-step
' '
'Building file: ../src/cateen.c'
'Invoking: ARM v7 gcc compiler'
arm-none-eabi-gcc -Wall -O0 -g3 -c -fmessage-length=0 -MT"src/cateen.o" -mcpu=cortex-a9 -mfpu=vfpv3 -mfloat-abi=hard -I../../cateen_bsp/ps7_cortexa9_0/include -MMD -MP -MF"src/cateen.d" -MT"src/cateen.o" -o "src/cateen.o" "../src/cateen.c"
'Finished building: ../src/cateen.c'
' '
'Building target: cateen.elf'
'Invoking: ARM v7 gcc linker'
arm-none-eabi-gcc -mcpu=cortex-a9 -mfpu=vfpv3 -mfloat-abi=hard -Wl,-build-id=none -specs=Xilinx.spec -Wl,-T -Wl,../src/lscript.ld -L../../cateen_bsp/ps7_cortexa9_0/lib -o "cateen.elf"  ./src/cateen.o ./src/mfrc522.o ./src/platform.o   -Wl,--start-group,-lxil,-lgcc,-lc,--end-group
'Finished building target: cateen.elf'
' '
'Invoking: ARM v7 Print Size'
arm-none-eabi-size cateen.elf  |tee "cateen.elf.size"
   text	   data	    bss	    dec	    hex	filename
  79888	   2688	  23456	 106032	  19e30	cateen.elf
'Finished building: cateen.elf.size'
' '
22:01:06 **** Build of project cateen_bsp ****
make -k all 
"Running Make include in ps7_cortexa9_0/libsrc/coresightps_dcc_v1_4/src"
make -C ps7_cortexa9_0/libsrc/coresightps_dcc_v1_4/src -s include  "SHELL=CMD" "COMPILER=arm-none-eabi-gcc" "ARCHIVER=arm-none-eabi-ar" "COMPILER_FLAGS=  -O2 -c" "EXTRA_COMPILER_FLAGS=-mcpu=cortex-a9 -mfpu=vfpv3 -mfloat-abi=hard -nostartfiles -g -Wall -Wextra"
"Running Make include in ps7_cortexa9_0/libsrc/cpu_cortexa9_v2_7/src"
make -C ps7_cortexa9_0/libsrc/cpu_cortexa9_v2_7/src -s include  "SHELL=CMD" "COMPILER=arm-none-eabi-gcc" "ARCHIVER=arm-none-eabi-ar" "COMPILER_FLAGS=  -O2 -c" "EXTRA_COMPILER_FLAGS=-mcpu=cortex-a9 -mfpu=vfpv3 -mfloat-abi=hard -nostartfiles -g -Wall -Wextra"
"Running Make include in ps7_cortexa9_0/libsrc/ddrps_v1_0/src"
make -C ps7_cortexa9_0/libsrc/ddrps_v1_0/src -s include  "SHELL=CMD" "COMPILER=arm-none-eabi-gcc" "ARCHIVER=arm-none-eabi-ar" "COMPILER_FLAGS=  -O2 -c" "EXTRA_COMPILER_FLAGS=-mcpu=cortex-a9 -mfpu=vfpv3 -mfloat-abi=hard -nostartfiles -g -Wall -Wextra"
"Running Make include in ps7_cortexa9_0/libsrc/devcfg_v3_5/src"
make -C ps7_cortexa9_0/libsrc/devcfg_v3_5/src -s include  "SHELL=CMD" "COMPILER=arm-none-eabi-gcc" "ARCHIVER=arm-none-eabi-ar" "COMPILER_FLAGS=  -O2 -c" "EXTRA_COMPILER_FLAGS=-mcpu=cortex-a9 -mfpu=vfpv3 -mfloat-abi=hard -nostartfiles -g -Wall -Wextra"
"Running Make include in ps7_cortexa9_0/libsrc/dmaps_v2_4/src"
make -C ps7_cortexa9_0/libsrc/dmaps_v2_4/src -s include  "SHELL=CMD" "COMPILER=arm-none-eabi-gcc" "ARCHIVER=arm-none-eabi-ar" "COMPILER_FLAGS=  -O2 -c" "EXTRA_COMPILER_FLAGS=-mcpu=cortex-a9 -mfpu=vfpv3 -mfloat-abi=hard -nostartfiles -g -Wall -Wextra"
"Running Make include in ps7_cortexa9_0/libsrc/gpio_v4_3/src"
make -C ps7_cortexa9_0/libsrc/gpio_v4_3/src -s include  "SHELL=CMD" "COMPILER=arm-none-eabi-gcc" "ARCHIVER=arm-none-eabi-ar" "COMPILER_FLAGS=  -O2 -c" "EXTRA_COMPILER_FLAGS=-mcpu=cortex-a9 -mfpu=vfpv3 -mfloat-abi=hard -nostartfiles -g -Wall -Wextra"
"Running Make include in ps7_cortexa9_0/libsrc/hx711_zynq_v1_0/src"
make -C ps7_cortexa9_0/libsrc/hx711_zynq_v1_0/src -s include  "SHELL=CMD" "COMPILER=arm-none-eabi-gcc" "ARCHIVER=arm-none-eabi-ar" "COMPILER_FLAGS=  -O2 -c" "EXTRA_COMPILER_FLAGS=-mcpu=cortex-a9 -mfpu=vfpv3 -mfloat-abi=hard -nostartfiles -g -Wall -Wextra"
"Running Make include in ps7_cortexa9_0/libsrc/scugic_v3_10/src"
make -C ps7_cortexa9_0/libsrc/scugic_v3_10/src -s include  "SHELL=CMD" "COMPILER=arm-none-eabi-gcc" "ARCHIVER=arm-none-eabi-ar" "COMPILER_FLAGS=  -O2 -c" "EXTRA_COMPILER_FLAGS=-mcpu=cortex-a9 -mfpu=vfpv3 -mfloat-abi=hard -nostartfiles -g -Wall -Wextra"
"Running Make include in ps7_cortexa9_0/libsrc/scutimer_v2_1/src"
make -C ps7_cortexa9_0/libsrc/scutimer_v2_1/src -s include  "SHELL=CMD" "COMPILER=arm-none-eabi-gcc" "ARCHIVER=arm-none-eabi-ar" "COMPILER_FLAGS=  -O2 -c" "EXTRA_COMPILER_FLAGS=-mcpu=cortex-a9 -mfpu=vfpv3 -mfloat-abi=hard -nostartfiles -g -Wall -Wextra"
"Running Make include in ps7_cortexa9_0/libsrc/scuwdt_v2_1/src"
make -C ps7_cortexa9_0/libsrc/scuwdt_v2_1/src -s include  "SHELL=CMD" "COMPILER=arm-none-eabi-gcc" "ARCHIVER=arm-none-eabi-ar" "COMPILER_FLAGS=  -O2 -c" "EXTRA_COMPILER_FLAGS=-mcpu=cortex-a9 -mfpu=vfpv3 -mfloat-abi=hard -nostartfiles -g -Wall -Wextra"
"Running Make include in ps7_cortexa9_0/libsrc/standalone_v6_8/src"
make -C ps7_cortexa9_0/libsrc/standalone_v6_8/src -s include  "SHELL=CMD" "COMPILER=arm-none-eabi-gcc" "ARCHIVER=arm-none-eabi-ar" "COMPILER_FLAGS=  -O2 -c" "EXTRA_COMPILER_FLAGS=-mcpu=cortex-a9 -mfpu=vfpv3 -mfloat-abi=hard -nostartfiles -g -Wall -Wextra"
"Running Make include in ps7_cortexa9_0/libsrc/uartps_v3_7/src"
make -C ps7_cortexa9_0/libsrc/uartps_v3_7/src -s include  "SHELL=CMD" "COMPILER=arm-none-eabi-gcc" "ARCHIVER=arm-none-eabi-ar" "COMPILER_FLAGS=  -O2 -c" "EXTRA_COMPILER_FLAGS=-mcpu=cortex-a9 -mfpu=vfpv3 -mfloat-abi=hard -nostartfiles -g -Wall -Wextra"
"Running Make include in ps7_cortexa9_0/libsrc/xadcps_v2_3/src"
make -C ps7_cortexa9_0/libsrc/xadcps_v2_3/src -s include  "SHELL=CMD" "COMPILER=arm-none-eabi-gcc" "ARCHIVER=arm-none-eabi-ar" "COMPILER_FLAGS=  -O2 -c" "EXTRA_COMPILER_FLAGS=-mcpu=cortex-a9 -mfpu=vfpv3 -mfloat-abi=hard -nostartfiles -g -Wall -Wextra"
"Running Make libs in ps7_cortexa9_0/libsrc/coresightps_dcc_v1_4/src"
make -C ps7_cortexa9_0/libsrc/coresightps_dcc_v1_4/src -s libs  "SHELL=CMD" "COMPILER=arm-none-eabi-gcc" "ARCHIVER=arm-none-eabi-ar" "COMPILER_FLAGS=  -O2 -c" "EXTRA_COMPILER_FLAGS=-mcpu=cortex-a9 -mfpu=vfpv3 -mfloat-abi=hard -nostartfiles -g -Wall -Wextra"
"Compiling coresightps_dcc"
"Running Make libs in ps7_cortexa9_0/libsrc/cpu_cortexa9_v2_7/src"
make -C ps7_cortexa9_0/libsrc/cpu_cortexa9_v2_7/src -s libs  "SHELL=CMD" "COMPILER=arm-none-eabi-gcc" "ARCHIVER=arm-none-eabi-ar" "COMPILER_FLAGS=  -O2 -c" "EXTRA_COMPILER_FLAGS=-mcpu=cortex-a9 -mfpu=vfpv3 -mfloat-abi=hard -nostartfiles -g -Wall -Wextra"
"Compiling cpu_cortexa9"
"Running Make libs in ps7_cortexa9_0/libsrc/ddrps_v1_0/src"
make -C ps7_cortexa9_0/libsrc/ddrps_v1_0/src -s libs  "SHELL=CMD" "COMPILER=arm-none-eabi-gcc" "ARCHIVER=arm-none-eabi-ar" "COMPILER_FLAGS=  -O2 -c" "EXTRA_COMPILER_FLAGS=-mcpu=cortex-a9 -mfpu=vfpv3 -mfloat-abi=hard -nostartfiles -g -Wall -Wextra"
"Compiling ddrps"
"Running Make libs in ps7_cortexa9_0/libsrc/devcfg_v3_5/src"
make -C ps7_cortexa9_0/libsrc/devcfg_v3_5/src -s libs  "SHELL=CMD" "COMPILER=arm-none-eabi-gcc" "ARCHIVER=arm-none-eabi-ar" "COMPILER_FLAGS=  -O2 -c" "EXTRA_COMPILER_FLAGS=-mcpu=cortex-a9 -mfpu=vfpv3 -mfloat-abi=hard -nostartfiles -g -Wall -Wextra"
"Compiling devcfg"
"Running Make libs in ps7_cortexa9_0/libsrc/dmaps_v2_4/src"
make -C ps7_cortexa9_0/libsrc/dmaps_v2_4/src -s libs  "SHELL=CMD" "COMPILER=arm-none-eabi-gcc" "ARCHIVER=arm-none-eabi-ar" "COMPILER_FLAGS=  -O2 -c" "EXTRA_COMPILER_FLAGS=-mcpu=cortex-a9 -mfpu=vfpv3 -mfloat-abi=hard -nostartfiles -g -Wall -Wextra"
"Compiling dmaps"
"Running Make libs in ps7_cortexa9_0/libsrc/gpio_v4_3/src"
make -C ps7_cortexa9_0/libsrc/gpio_v4_3/src -s libs  "SHELL=CMD" "COMPILER=arm-none-eabi-gcc" "ARCHIVER=arm-none-eabi-ar" "COMPILER_FLAGS=  -O2 -c" "EXTRA_COMPILER_FLAGS=-mcpu=cortex-a9 -mfpu=vfpv3 -mfloat-abi=hard -nostartfiles -g -Wall -Wextra"
"Compiling gpio"
"Running Make libs in ps7_cortexa9_0/libsrc/hx711_zynq_v1_0/src"
make -C ps7_cortexa9_0/libsrc/hx711_zynq_v1_0/src -s libs  "SHELL=CMD" "COMPILER=arm-none-eabi-gcc" "ARCHIVER=arm-none-eabi-ar" "COMPILER_FLAGS=  -O2 -c" "EXTRA_COMPILER_FLAGS=-mcpu=cortex-a9 -mfpu=vfpv3 -mfloat-abi=hard -nostartfiles -g -Wall -Wextra"
"Compiling hx711_zynq..."
hx711_zynq_selftest.c: In function 'HX711_ZYNQ_Reg_SelfTest':
hx711_zynq_selftest.c:52:59: warning: comparison between signed and unsigned integer expressions [-Wsign-compare]
    if ( HX711_ZYNQ_mReadReg (baseaddr, read_loop_index*4) != (read_loop_index+1)*READ_WRITE_MUL_FACTOR){
                                                           ^~
hx711_zynq_selftest.c:36:6: warning: unused variable 'Index' [-Wunused-variable]
  int Index;
      ^~~~~
"Running Make libs in ps7_cortexa9_0/libsrc/scugic_v3_10/src"
make -C ps7_cortexa9_0/libsrc/scugic_v3_10/src -s libs  "SHELL=CMD" "COMPILER=arm-none-eabi-gcc" "ARCHIVER=arm-none-eabi-ar" "COMPILER_FLAGS=  -O2 -c" "EXTRA_COMPILER_FLAGS=-mcpu=cortex-a9 -mfpu=vfpv3 -mfloat-abi=hard -nostartfiles -g -Wall -Wextra"
"Compiling scugic"
"Running Make libs in ps7_cortexa9_0/libsrc/scutimer_v2_1/src"
make -C ps7_cortexa9_0/libsrc/scutimer_v2_1/src -s libs  "SHELL=CMD" "COMPILER=arm-none-eabi-gcc" "ARCHIVER=arm-none-eabi-ar" "COMPILER_FLAGS=  -O2 -c" "EXTRA_COMPILER_FLAGS=-mcpu=cortex-a9 -mfpu=vfpv3 -mfloat-abi=hard -nostartfiles -g -Wall -Wextra"
"Compiling scutimer"
"Running Make libs in ps7_cortexa9_0/libsrc/scuwdt_v2_1/src"
make -C ps7_cortexa9_0/libsrc/scuwdt_v2_1/src -s libs  "SHELL=CMD" "COMPILER=arm-none-eabi-gcc" "ARCHIVER=arm-none-eabi-ar" "COMPILER_FLAGS=  -O2 -c" "EXTRA_COMPILER_FLAGS=-mcpu=cortex-a9 -mfpu=vfpv3 -mfloat-abi=hard -nostartfiles -g -Wall -Wextra"
"Compiling scuwdt"
"Running Make libs in ps7_cortexa9_0/libsrc/standalone_v6_8/src"
make -C ps7_cortexa9_0/libsrc/standalone_v6_8/src -s libs  "SHELL=CMD" "COMPILER=arm-none-eabi-gcc" "ARCHIVER=arm-none-eabi-ar" "COMPILER_FLAGS=  -O2 -c" "EXTRA_COMPILER_FLAGS=-mcpu=cortex-a9 -mfpu=vfpv3 -mfloat-abi=hard -nostartfiles -g -Wall -Wextra"
"Compiling standalone"
In file included from usleep.c:56:0:
xtime_l.h:87:9: note: #pragma message: For the sleep routines, Global timer is being used
 #pragma message ("For the sleep routines, Global timer is being used")
         ^~~~~~~
In file included from sleep.c:53:0:
xtime_l.h:87:9: note: #pragma message: For the sleep routines, Global timer is being used
 #pragma message ("For the sleep routines, Global timer is being used")
         ^~~~~~~
In file included from xil_sleeptimer.c:51:0:
xtime_l.h:87:9: note: #pragma message: For the sleep routines, Global timer is being used
 #pragma message ("For the sleep routines, Global timer is being used")
         ^~~~~~~
In file included from xtime_l.c:49:0:
xtime_l.h:87:9: note: #pragma message: For the sleep routines, Global timer is being used
 #pragma message ("For the sleep routines, Global timer is being used")
         ^~~~~~~
"Running Make libs in ps7_cortexa9_0/libsrc/uartps_v3_7/src"
make -C ps7_cortexa9_0/libsrc/uartps_v3_7/src -s libs  "SHELL=CMD" "COMPILER=arm-none-eabi-gcc" "ARCHIVER=arm-none-eabi-ar" "COMPILER_FLAGS=  -O2 -c" "EXTRA_COMPILER_FLAGS=-mcpu=cortex-a9 -mfpu=vfpv3 -mfloat-abi=hard -nostartfiles -g -Wall -Wextra"
"Compiling uartps"
"Running Make libs in ps7_cortexa9_0/libsrc/xadcps_v2_3/src"
make -C ps7_cortexa9_0/libsrc/xadcps_v2_3/src -s libs  "SHELL=CMD" "COMPILER=arm-none-eabi-gcc" "ARCHIVER=arm-none-eabi-ar" "COMPILER_FLAGS=  -O2 -c" "EXTRA_COMPILER_FLAGS=-mcpu=cortex-a9 -mfpu=vfpv3 -mfloat-abi=hard -nostartfiles -g -Wall -Wextra"
"Compiling xadcps"
'Finished building libraries'
22:01:20 **** Build of configuration Debug for project cateen ****
make pre-build main-build 
a9-linaro-pre-build-step
' '
'Building file: ../src/cateen.c'
'Invoking: ARM v7 gcc compiler'
arm-none-eabi-gcc -Wall -O0 -g3 -c -fmessage-length=0 -MT"src/cateen.o" -mcpu=cortex-a9 -mfpu=vfpv3 -mfloat-abi=hard -I../../cateen_bsp/ps7_cortexa9_0/include -MMD -MP -MF"src/cateen.d" -MT"src/cateen.o" -o "src/cateen.o" "../src/cateen.c"
'Finished building: ../src/cateen.c'
' '
'Building file: ../src/mfrc522.c'
'Invoking: ARM v7 gcc compiler'
arm-none-eabi-gcc -Wall -O0 -g3 -c -fmessage-length=0 -MT"src/mfrc522.o" -mcpu=cortex-a9 -mfpu=vfpv3 -mfloat-abi=hard -I../../cateen_bsp/ps7_cortexa9_0/include -MMD -MP -MF"src/mfrc522.d" -MT"src/mfrc522.o" -o "src/mfrc522.o" "../src/mfrc522.c"
../src/mfrc522.c: In function 'PcdHalt':
../src/mfrc522.c:338:10: warning: variable 'status' set but not used [-Wunused-but-set-variable]
     char status;
          ^~~~~~
'Finished building: ../src/mfrc522.c'
' '
'Building file: ../src/platform.c'
'Invoking: ARM v7 gcc compiler'
arm-none-eabi-gcc -Wall -O0 -g3 -c -fmessage-length=0 -MT"src/platform.o" -mcpu=cortex-a9 -mfpu=vfpv3 -mfloat-abi=hard -I../../cateen_bsp/ps7_cortexa9_0/include -MMD -MP -MF"src/platform.d" -MT"src/platform.o" -o "src/platform.o" "../src/platform.c"
'Finished building: ../src/platform.c'
' '
'Building target: cateen.elf'
'Invoking: ARM v7 gcc linker'
arm-none-eabi-gcc -mcpu=cortex-a9 -mfpu=vfpv3 -mfloat-abi=hard -Wl,-build-id=none -specs=Xilinx.spec -Wl,-T -Wl,../src/lscript.ld -L../../cateen_bsp/ps7_cortexa9_0/lib -o "cateen.elf"  ./src/cateen.o ./src/mfrc522.o ./src/platform.o   -Wl,--start-group,-lxil,-lgcc,-lc,--end-group
'Finished building target: cateen.elf'
' '
'Invoking: ARM v7 Print Size'
arm-none-eabi-size cateen.elf  |tee "cateen.elf.size"
   text	   data	    bss	    dec	    hex	filename
  79888	   2688	  23456	 106032	  19e30	cateen.elf
'Finished building: cateen.elf.size'
' '
22:01:25 **** Auto Build of configuration Debug for project cateen ****
make pre-build main-build 
a9-linaro-pre-build-step
' '
'Building file: ../src/cateen.c'
'Invoking: ARM v7 gcc compiler'
arm-none-eabi-gcc -Wall -O0 -g3 -c -fmessage-length=0 -MT"src/cateen.o" -mcpu=cortex-a9 -mfpu=vfpv3 -mfloat-abi=hard -I../../cateen_bsp/ps7_cortexa9_0/include -MMD -MP -MF"src/cateen.d" -MT"src/cateen.o" -o "src/cateen.o" "../src/cateen.c"
'Finished building: ../src/cateen.c'
' '
'Building target: cateen.elf'
'Invoking: ARM v7 gcc linker'
arm-none-eabi-gcc -mcpu=cortex-a9 -mfpu=vfpv3 -mfloat-abi=hard -Wl,-build-id=none -specs=Xilinx.spec -Wl,-T -Wl,../src/lscript.ld -L../../cateen_bsp/ps7_cortexa9_0/lib -o "cateen.elf"  ./src/cateen.o ./src/mfrc522.o ./src/platform.o   -Wl,--start-group,-lxil,-lgcc,-lc,--end-group
'Finished building target: cateen.elf'
' '
'Invoking: ARM v7 Print Size'
arm-none-eabi-size cateen.elf  |tee "cateen.elf.size"
   text	   data	    bss	    dec	    hex	filename
  79888	   2688	  23456	 106032	  19e30	cateen.elf
'Finished building: cateen.elf.size'
' '
22:09:44 **** Incremental Build of configuration Debug for project cateen ****
make pre-build main-build 
a9-linaro-pre-build-step
' '
make: Nothing to be done for 'main-build'.
14:51:45 **** Auto Build of configuration Debug for project cateen ****
make pre-build main-build 
a9-linaro-pre-build-step
' '
'Building file: ../src/cateen.c'
'Invoking: ARM v7 gcc compiler'
arm-none-eabi-gcc -Wall -O0 -g3 -c -fmessage-length=0 -MT"src/cateen.o" -mcpu=cortex-a9 -mfpu=vfpv3 -mfloat-abi=hard -I../../cateen_bsp/ps7_cortexa9_0/include -MMD -MP -MF"src/cateen.d" -MT"src/cateen.o" -o "src/cateen.o" "../src/cateen.c"
'Finished building: ../src/cateen.c'
' '
'Building target: cateen.elf'
'Invoking: ARM v7 gcc linker'
arm-none-eabi-gcc -mcpu=cortex-a9 -mfpu=vfpv3 -mfloat-abi=hard -Wl,-build-id=none -specs=Xilinx.spec -Wl,-T -Wl,../src/lscript.ld -L../../cateen_bsp/ps7_cortexa9_0/lib -o "cateen.elf"  ./src/cateen.o ./src/mfrc522.o ./src/platform.o   -Wl,--start-group,-lxil,-lgcc,-lc,--end-group
'Finished building target: cateen.elf'
' '
'Invoking: ARM v7 Print Size'
arm-none-eabi-size cateen.elf  |tee "cateen.elf.size"
   text	   data	    bss	    dec	    hex	filename
  79888	   2688	  23456	 106032	  19e30	cateen.elf
'Finished building: cateen.elf.size'
' '
14:57:53 **** Auto Build of configuration Debug for project cateen ****
make pre-build main-build 
a9-linaro-pre-build-step
' '
'Building file: ../src/cateen.c'
'Invoking: ARM v7 gcc compiler'
arm-none-eabi-gcc -Wall -O0 -g3 -c -fmessage-length=0 -MT"src/cateen.o" -mcpu=cortex-a9 -mfpu=vfpv3 -mfloat-abi=hard -I../../cateen_bsp/ps7_cortexa9_0/include -MMD -MP -MF"src/cateen.d" -MT"src/cateen.o" -o "src/cateen.o" "../src/cateen.c"
'Finished building: ../src/cateen.c'
' '
'Building target: cateen.elf'
'Invoking: ARM v7 gcc linker'
arm-none-eabi-gcc -mcpu=cortex-a9 -mfpu=vfpv3 -mfloat-abi=hard -Wl,-build-id=none -specs=Xilinx.spec -Wl,-T -Wl,../src/lscript.ld -L../../cateen_bsp/ps7_cortexa9_0/lib -o "cateen.elf"  ./src/cateen.o ./src/mfrc522.o ./src/platform.o   -Wl,--start-group,-lxil,-lgcc,-lc,--end-group
'Finished building target: cateen.elf'
' '
'Invoking: ARM v7 Print Size'
arm-none-eabi-size cateen.elf  |tee "cateen.elf.size"
   text	   data	    bss	    dec	    hex	filename
  79888	   2688	  23456	 106032	  19e30	cateen.elf
'Finished building: cateen.elf.size'
' '
15:03:13 **** Auto Build of configuration Debug for project cateen ****
make pre-build main-build 
a9-linaro-pre-build-step
' '
'Building file: ../src/cateen.c'
'Invoking: ARM v7 gcc compiler'
arm-none-eabi-gcc -Wall -O0 -g3 -c -fmessage-length=0 -MT"src/cateen.o" -mcpu=cortex-a9 -mfpu=vfpv3 -mfloat-abi=hard -I../../cateen_bsp/ps7_cortexa9_0/include -MMD -MP -MF"src/cateen.d" -MT"src/cateen.o" -o "src/cateen.o" "../src/cateen.c"
'Finished building: ../src/cateen.c'
' '
'Building target: cateen.elf'
'Invoking: ARM v7 gcc linker'
arm-none-eabi-gcc -mcpu=cortex-a9 -mfpu=vfpv3 -mfloat-abi=hard -Wl,-build-id=none -specs=Xilinx.spec -Wl,-T -Wl,../src/lscript.ld -L../../cateen_bsp/ps7_cortexa9_0/lib -o "cateen.elf"  ./src/cateen.o ./src/mfrc522.o ./src/platform.o   -Wl,--start-group,-lxil,-lgcc,-lc,--end-group
'Finished building target: cateen.elf'
' '
'Invoking: ARM v7 Print Size'
arm-none-eabi-size cateen.elf  |tee "cateen.elf.size"
   text	   data	    bss	    dec	    hex	filename
  79888	   2688	  23456	 106032	  19e30	cateen.elf
'Finished building: cateen.elf.size'
' '
15:03:21 **** Auto Build of configuration Debug for project cateen ****
make pre-build main-build 
a9-linaro-pre-build-step
' '
'Building file: ../src/cateen.c'
'Invoking: ARM v7 gcc compiler'
arm-none-eabi-gcc -Wall -O0 -g3 -c -fmessage-length=0 -MT"src/cateen.o" -mcpu=cortex-a9 -mfpu=vfpv3 -mfloat-abi=hard -I../../cateen_bsp/ps7_cortexa9_0/include -MMD -MP -MF"src/cateen.d" -MT"src/cateen.o" -o "src/cateen.o" "../src/cateen.c"
'Finished building: ../src/cateen.c'
' '
'Building target: cateen.elf'
'Invoking: ARM v7 gcc linker'
arm-none-eabi-gcc -mcpu=cortex-a9 -mfpu=vfpv3 -mfloat-abi=hard -Wl,-build-id=none -specs=Xilinx.spec -Wl,-T -Wl,../src/lscript.ld -L../../cateen_bsp/ps7_cortexa9_0/lib -o "cateen.elf"  ./src/cateen.o ./src/mfrc522.o ./src/platform.o   -Wl,--start-group,-lxil,-lgcc,-lc,--end-group
'Finished building target: cateen.elf'
' '
'Invoking: ARM v7 Print Size'
arm-none-eabi-size cateen.elf  |tee "cateen.elf.size"
   text	   data	    bss	    dec	    hex	filename
  79888	   2688	  23456	 106032	  19e30	cateen.elf
'Finished building: cateen.elf.size'
' '
16:15:05 **** Auto Build of configuration Debug for project cateen ****
make pre-build main-build 
a9-linaro-pre-build-step
' '
'Building file: ../src/cateen.c'
'Invoking: ARM v7 gcc compiler'
arm-none-eabi-gcc -Wall -O0 -g3 -c -fmessage-length=0 -MT"src/cateen.o" -mcpu=cortex-a9 -mfpu=vfpv3 -mfloat-abi=hard -I../../cateen_bsp/ps7_cortexa9_0/include -MMD -MP -MF"src/cateen.d" -MT"src/cateen.o" -o "src/cateen.o" "../src/cateen.c"
../src/cateen.c:72:1: error: expected ',' or ';' before 'unsigned'
 unsigned char g_ucTempbuf[20];
 ^~~~~~~~
../src/cateen.c: In function 'main':
../src/cateen.c:109:50: error: 'g_ucTempbuf' undeclared (first use in this function)
                 status = PcdRequest(PICC_REQALL, g_ucTempbuf); //Ñ°¿¨
                                                  ^~~~~~~~~~~
../src/cateen.c:109:50: note: each undeclared identifier is reported only once for each function it appears in
make: *** [src/subdir.mk:29: src/cateen.o] Error 1
16:15:15 **** Auto Build of configuration Debug for project cateen ****
make pre-build main-build 
a9-linaro-pre-build-step
' '
'Building file: ../src/cateen.c'
'Invoking: ARM v7 gcc compiler'
arm-none-eabi-gcc -Wall -O0 -g3 -c -fmessage-length=0 -MT"src/cateen.o" -mcpu=cortex-a9 -mfpu=vfpv3 -mfloat-abi=hard -I../../cateen_bsp/ps7_cortexa9_0/include -MMD -MP -MF"src/cateen.d" -MT"src/cateen.o" -o "src/cateen.o" "../src/cateen.c"
'Finished building: ../src/cateen.c'
' '
'Building target: cateen.elf'
'Invoking: ARM v7 gcc linker'
arm-none-eabi-gcc -mcpu=cortex-a9 -mfpu=vfpv3 -mfloat-abi=hard -Wl,-build-id=none -specs=Xilinx.spec -Wl,-T -Wl,../src/lscript.ld -L../../cateen_bsp/ps7_cortexa9_0/lib -o "cateen.elf"  ./src/cateen.o ./src/mfrc522.o ./src/platform.o   -Wl,--start-group,-lxil,-lgcc,-lc,--end-group
'Finished building target: cateen.elf'
' '
'Invoking: ARM v7 Print Size'
arm-none-eabi-size cateen.elf  |tee "cateen.elf.size"
   text	   data	    bss	    dec	    hex	filename
  79888	   2720	  23456	 106064	  19e50	cateen.elf
'Finished building: cateen.elf.size'
' '
16:15:28 **** Auto Build of configuration Debug for project cateen ****
make pre-build main-build 
a9-linaro-pre-build-step
' '
'Building file: ../src/cateen.c'
'Invoking: ARM v7 gcc compiler'
arm-none-eabi-gcc -Wall -O0 -g3 -c -fmessage-length=0 -MT"src/cateen.o" -mcpu=cortex-a9 -mfpu=vfpv3 -mfloat-abi=hard -I../../cateen_bsp/ps7_cortexa9_0/include -MMD -MP -MF"src/cateen.d" -MT"src/cateen.o" -o "src/cateen.o" "../src/cateen.c"
'Finished building: ../src/cateen.c'
' '
'Building target: cateen.elf'
'Invoking: ARM v7 gcc linker'
arm-none-eabi-gcc -mcpu=cortex-a9 -mfpu=vfpv3 -mfloat-abi=hard -Wl,-build-id=none -specs=Xilinx.spec -Wl,-T -Wl,../src/lscript.ld -L../../cateen_bsp/ps7_cortexa9_0/lib -o "cateen.elf"  ./src/cateen.o ./src/mfrc522.o ./src/platform.o   -Wl,--start-group,-lxil,-lgcc,-lc,--end-group
'Finished building target: cateen.elf'
' '
'Invoking: ARM v7 Print Size'
arm-none-eabi-size cateen.elf  |tee "cateen.elf.size"
   text	   data	    bss	    dec	    hex	filename
  79888	   2712	  23456	 106056	  19e48	cateen.elf
'Finished building: cateen.elf.size'
' '
16:15:53 **** Auto Build of configuration Debug for project cateen ****
make pre-build main-build 
a9-linaro-pre-build-step
' '
'Building file: ../src/cateen.c'
'Invoking: ARM v7 gcc compiler'
arm-none-eabi-gcc -Wall -O0 -g3 -c -fmessage-length=0 -MT"src/cateen.o" -mcpu=cortex-a9 -mfpu=vfpv3 -mfloat-abi=hard -I../../cateen_bsp/ps7_cortexa9_0/include -MMD -MP -MF"src/cateen.d" -MT"src/cateen.o" -o "src/cateen.o" "../src/cateen.c"
'Finished building: ../src/cateen.c'
' '
'Building target: cateen.elf'
'Invoking: ARM v7 gcc linker'
arm-none-eabi-gcc -mcpu=cortex-a9 -mfpu=vfpv3 -mfloat-abi=hard -Wl,-build-id=none -specs=Xilinx.spec -Wl,-T -Wl,../src/lscript.ld -L../../cateen_bsp/ps7_cortexa9_0/lib -o "cateen.elf"  ./src/cateen.o ./src/mfrc522.o ./src/platform.o   -Wl,--start-group,-lxil,-lgcc,-lc,--end-group
'Finished building target: cateen.elf'
' '
'Invoking: ARM v7 Print Size'
arm-none-eabi-size cateen.elf  |tee "cateen.elf.size"
   text	   data	    bss	    dec	    hex	filename
  79888	   2712	  23456	 106056	  19e48	cateen.elf
'Finished building: cateen.elf.size'
' '
16:16:24 **** Auto Build of configuration Debug for project cateen ****
make pre-build main-build 
a9-linaro-pre-build-step
' '
'Building file: ../src/cateen.c'
'Invoking: ARM v7 gcc compiler'
arm-none-eabi-gcc -Wall -O0 -g3 -c -fmessage-length=0 -MT"src/cateen.o" -mcpu=cortex-a9 -mfpu=vfpv3 -mfloat-abi=hard -I../../cateen_bsp/ps7_cortexa9_0/include -MMD -MP -MF"src/cateen.d" -MT"src/cateen.o" -o "src/cateen.o" "../src/cateen.c"
../src/cateen.c: In function 'main':
../src/cateen.c:131:21: error: expected expression before ')' token
                 if ()
                     ^
make: *** [src/subdir.mk:29: src/cateen.o] Error 1
16:17:10 **** Auto Build of configuration Debug for project cateen ****
make pre-build main-build 
a9-linaro-pre-build-step
' '
'Building file: ../src/cateen.c'
'Invoking: ARM v7 gcc compiler'
arm-none-eabi-gcc -Wall -O0 -g3 -c -fmessage-length=0 -MT"src/cateen.o" -mcpu=cortex-a9 -mfpu=vfpv3 -mfloat-abi=hard -I../../cateen_bsp/ps7_cortexa9_0/include -MMD -MP -MF"src/cateen.d" -MT"src/cateen.o" -o "src/cateen.o" "../src/cateen.c"
'Finished building: ../src/cateen.c'
' '
'Building target: cateen.elf'
'Invoking: ARM v7 gcc linker'
arm-none-eabi-gcc -mcpu=cortex-a9 -mfpu=vfpv3 -mfloat-abi=hard -Wl,-build-id=none -specs=Xilinx.spec -Wl,-T -Wl,../src/lscript.ld -L../../cateen_bsp/ps7_cortexa9_0/lib -o "cateen.elf"  ./src/cateen.o ./src/mfrc522.o ./src/platform.o   -Wl,--start-group,-lxil,-lgcc,-lc,--end-group
'Finished building target: cateen.elf'
' '
'Invoking: ARM v7 Print Size'
arm-none-eabi-size cateen.elf  |tee "cateen.elf.size"
   text	   data	    bss	    dec	    hex	filename
  79888	   2712	  23456	 106056	  19e48	cateen.elf
'Finished building: cateen.elf.size'
' '
16:18:10 **** Auto Build of configuration Debug for project cateen ****
make pre-build main-build 
a9-linaro-pre-build-step
' '
'Building file: ../src/cateen.c'
'Invoking: ARM v7 gcc compiler'
arm-none-eabi-gcc -Wall -O0 -g3 -c -fmessage-length=0 -MT"src/cateen.o" -mcpu=cortex-a9 -mfpu=vfpv3 -mfloat-abi=hard -I../../cateen_bsp/ps7_cortexa9_0/include -MMD -MP -MF"src/cateen.d" -MT"src/cateen.o" -o "src/cateen.o" "../src/cateen.c"
'Finished building: ../src/cateen.c'
' '
'Building target: cateen.elf'
'Invoking: ARM v7 gcc linker'
arm-none-eabi-gcc -mcpu=cortex-a9 -mfpu=vfpv3 -mfloat-abi=hard -Wl,-build-id=none -specs=Xilinx.spec -Wl,-T -Wl,../src/lscript.ld -L../../cateen_bsp/ps7_cortexa9_0/lib -o "cateen.elf"  ./src/cateen.o ./src/mfrc522.o ./src/platform.o   -Wl,--start-group,-lxil,-lgcc,-lc,--end-group
'Finished building target: cateen.elf'
' '
'Invoking: ARM v7 Print Size'
arm-none-eabi-size cateen.elf  |tee "cateen.elf.size"
   text	   data	    bss	    dec	    hex	filename
  79968	   2712	  23456	 106136	  19e98	cateen.elf
'Finished building: cateen.elf.size'
' '
16:18:19 **** Incremental Build of configuration Debug for project cateen ****
make pre-build main-build 
a9-linaro-pre-build-step
' '
make: Nothing to be done for 'main-build'.
16:18:37 **** Incremental Build of configuration Debug for project cateen ****
make pre-build main-build 
a9-linaro-pre-build-step
' '
make: Nothing to be done for 'main-build'.
16:18:51 **** Incremental Build of configuration Debug for project cateen ****
make pre-build main-build 
a9-linaro-pre-build-step
' '
make: Nothing to be done for 'main-build'.
16:19:46 **** Auto Build of configuration Debug for project cateen ****
make pre-build main-build 
a9-linaro-pre-build-step
' '
'Building file: ../src/cateen.c'
'Invoking: ARM v7 gcc compiler'
arm-none-eabi-gcc -Wall -O0 -g3 -c -fmessage-length=0 -MT"src/cateen.o" -mcpu=cortex-a9 -mfpu=vfpv3 -mfloat-abi=hard -I../../cateen_bsp/ps7_cortexa9_0/include -MMD -MP -MF"src/cateen.d" -MT"src/cateen.o" -o "src/cateen.o" "../src/cateen.c"
'Finished building: ../src/cateen.c'
' '
'Building target: cateen.elf'
'Invoking: ARM v7 gcc linker'
arm-none-eabi-gcc -mcpu=cortex-a9 -mfpu=vfpv3 -mfloat-abi=hard -Wl,-build-id=none -specs=Xilinx.spec -Wl,-T -Wl,../src/lscript.ld -L../../cateen_bsp/ps7_cortexa9_0/lib -o "cateen.elf"  ./src/cateen.o ./src/mfrc522.o ./src/platform.o   -Wl,--start-group,-lxil,-lgcc,-lc,--end-group
'Finished building target: cateen.elf'
' '
'Invoking: ARM v7 Print Size'
arm-none-eabi-size cateen.elf  |tee "cateen.elf.size"
   text	   data	    bss	    dec	    hex	filename
  79968	   2712	  23456	 106136	  19e98	cateen.elf
'Finished building: cateen.elf.size'
' '
16:19:54 **** Incremental Build of configuration Debug for project cateen ****
make pre-build main-build 
a9-linaro-pre-build-step
' '
make: Nothing to be done for 'main-build'.
16:20:25 **** Auto Build of configuration Debug for project cateen ****
make pre-build main-build 
a9-linaro-pre-build-step
' '
'Building file: ../src/cateen.c'
'Invoking: ARM v7 gcc compiler'
arm-none-eabi-gcc -Wall -O0 -g3 -c -fmessage-length=0 -MT"src/cateen.o" -mcpu=cortex-a9 -mfpu=vfpv3 -mfloat-abi=hard -I../../cateen_bsp/ps7_cortexa9_0/include -MMD -MP -MF"src/cateen.d" -MT"src/cateen.o" -o "src/cateen.o" "../src/cateen.c"
'Finished building: ../src/cateen.c'
' '
'Building target: cateen.elf'
'Invoking: ARM v7 gcc linker'
arm-none-eabi-gcc -mcpu=cortex-a9 -mfpu=vfpv3 -mfloat-abi=hard -Wl,-build-id=none -specs=Xilinx.spec -Wl,-T -Wl,../src/lscript.ld -L../../cateen_bsp/ps7_cortexa9_0/lib -o "cateen.elf"  ./src/cateen.o ./src/mfrc522.o ./src/platform.o   -Wl,--start-group,-lxil,-lgcc,-lc,--end-group
'Finished building target: cateen.elf'
' '
'Invoking: ARM v7 Print Size'
arm-none-eabi-size cateen.elf  |tee "cateen.elf.size"
   text	   data	    bss	    dec	    hex	filename
  79968	   2712	  23456	 106136	  19e98	cateen.elf
'Finished building: cateen.elf.size'
' '
16:20:34 **** Auto Build of configuration Debug for project cateen ****
make pre-build main-build 
a9-linaro-pre-build-step
' '
'Building file: ../src/cateen.c'
'Invoking: ARM v7 gcc compiler'
arm-none-eabi-gcc -Wall -O0 -g3 -c -fmessage-length=0 -MT"src/cateen.o" -mcpu=cortex-a9 -mfpu=vfpv3 -mfloat-abi=hard -I../../cateen_bsp/ps7_cortexa9_0/include -MMD -MP -MF"src/cateen.d" -MT"src/cateen.o" -o "src/cateen.o" "../src/cateen.c"
'Finished building: ../src/cateen.c'
' '
'Building target: cateen.elf'
'Invoking: ARM v7 gcc linker'
arm-none-eabi-gcc -mcpu=cortex-a9 -mfpu=vfpv3 -mfloat-abi=hard -Wl,-build-id=none -specs=Xilinx.spec -Wl,-T -Wl,../src/lscript.ld -L../../cateen_bsp/ps7_cortexa9_0/lib -o "cateen.elf"  ./src/cateen.o ./src/mfrc522.o ./src/platform.o   -Wl,--start-group,-lxil,-lgcc,-lc,--end-group
'Finished building target: cateen.elf'
' '
'Invoking: ARM v7 Print Size'
arm-none-eabi-size cateen.elf  |tee "cateen.elf.size"
   text	   data	    bss	    dec	    hex	filename
  79968	   2712	  23456	 106136	  19e98	cateen.elf
'Finished building: cateen.elf.size'
' '
16:20:37 **** Incremental Build of configuration Debug for project cateen ****
make pre-build main-build 
a9-linaro-pre-build-step
' '
make: Nothing to be done for 'main-build'.
16:24:06 **** Auto Build of configuration Debug for project cateen ****
make pre-build main-build 
a9-linaro-pre-build-step
' '
'Building file: ../src/cateen.c'
'Invoking: ARM v7 gcc compiler'
arm-none-eabi-gcc -Wall -O0 -g3 -c -fmessage-length=0 -MT"src/cateen.o" -mcpu=cortex-a9 -mfpu=vfpv3 -mfloat-abi=hard -I../../cateen_bsp/ps7_cortexa9_0/include -MMD -MP -MF"src/cateen.d" -MT"src/cateen.o" -o "src/cateen.o" "../src/cateen.c"
'Finished building: ../src/cateen.c'
' '
'Building target: cateen.elf'
'Invoking: ARM v7 gcc linker'
arm-none-eabi-gcc -mcpu=cortex-a9 -mfpu=vfpv3 -mfloat-abi=hard -Wl,-build-id=none -specs=Xilinx.spec -Wl,-T -Wl,../src/lscript.ld -L../../cateen_bsp/ps7_cortexa9_0/lib -o "cateen.elf"  ./src/cateen.o ./src/mfrc522.o ./src/platform.o   -Wl,--start-group,-lxil,-lgcc,-lc,--end-group
'Finished building target: cateen.elf'
' '
'Invoking: ARM v7 Print Size'
arm-none-eabi-size cateen.elf  |tee "cateen.elf.size"
   text	   data	    bss	    dec	    hex	filename
  79968	   2712	  23456	 106136	  19e98	cateen.elf
'Finished building: cateen.elf.size'
' '
16:24:09 **** Incremental Build of configuration Debug for project cateen ****
make pre-build main-build 
a9-linaro-pre-build-step
' '
make: Nothing to be done for 'main-build'.
16:24:52 **** Auto Build of configuration Debug for project cateen ****
make pre-build main-build 
a9-linaro-pre-build-step
' '
'Building file: ../src/cateen.c'
'Invoking: ARM v7 gcc compiler'
arm-none-eabi-gcc -Wall -O0 -g3 -c -fmessage-length=0 -MT"src/cateen.o" -mcpu=cortex-a9 -mfpu=vfpv3 -mfloat-abi=hard -I../../cateen_bsp/ps7_cortexa9_0/include -MMD -MP -MF"src/cateen.d" -MT"src/cateen.o" -o "src/cateen.o" "../src/cateen.c"
'Finished building: ../src/cateen.c'
' '
'Building target: cateen.elf'
'Invoking: ARM v7 gcc linker'
arm-none-eabi-gcc -mcpu=cortex-a9 -mfpu=vfpv3 -mfloat-abi=hard -Wl,-build-id=none -specs=Xilinx.spec -Wl,-T -Wl,../src/lscript.ld -L../../cateen_bsp/ps7_cortexa9_0/lib -o "cateen.elf"  ./src/cateen.o ./src/mfrc522.o ./src/platform.o   -Wl,--start-group,-lxil,-lgcc,-lc,--end-group
'Finished building target: cateen.elf'
' '
'Invoking: ARM v7 Print Size'
arm-none-eabi-size cateen.elf  |tee "cateen.elf.size"
   text	   data	    bss	    dec	    hex	filename
  79968	   2712	  23456	 106136	  19e98	cateen.elf
'Finished building: cateen.elf.size'
' '
16:25:06 **** Incremental Build of configuration Debug for project cateen ****
make pre-build main-build 
a9-linaro-pre-build-step
' '
make: Nothing to be done for 'main-build'.
16:26:11 **** Auto Build of configuration Debug for project cateen ****
make pre-build main-build 
a9-linaro-pre-build-step
' '
'Building file: ../src/cateen.c'
'Invoking: ARM v7 gcc compiler'
arm-none-eabi-gcc -Wall -O0 -g3 -c -fmessage-length=0 -MT"src/cateen.o" -mcpu=cortex-a9 -mfpu=vfpv3 -mfloat-abi=hard -I../../cateen_bsp/ps7_cortexa9_0/include -MMD -MP -MF"src/cateen.d" -MT"src/cateen.o" -o "src/cateen.o" "../src/cateen.c"
'Finished building: ../src/cateen.c'
' '
'Building target: cateen.elf'
'Invoking: ARM v7 gcc linker'
arm-none-eabi-gcc -mcpu=cortex-a9 -mfpu=vfpv3 -mfloat-abi=hard -Wl,-build-id=none -specs=Xilinx.spec -Wl,-T -Wl,../src/lscript.ld -L../../cateen_bsp/ps7_cortexa9_0/lib -o "cateen.elf"  ./src/cateen.o ./src/mfrc522.o ./src/platform.o   -Wl,--start-group,-lxil,-lgcc,-lc,--end-group
'Finished building target: cateen.elf'
' '
'Invoking: ARM v7 Print Size'
arm-none-eabi-size cateen.elf  |tee "cateen.elf.size"
   text	   data	    bss	    dec	    hex	filename
  79984	   2712	  23456	 106152	  19ea8	cateen.elf
'Finished building: cateen.elf.size'
' '
16:26:13 **** Incremental Build of configuration Debug for project cateen ****
make pre-build main-build 
a9-linaro-pre-build-step
' '
make: Nothing to be done for 'main-build'.
16:26:52 **** Auto Build of configuration Debug for project cateen ****
make pre-build main-build 
a9-linaro-pre-build-step
' '
'Building file: ../src/cateen.c'
'Invoking: ARM v7 gcc compiler'
arm-none-eabi-gcc -Wall -O0 -g3 -c -fmessage-length=0 -MT"src/cateen.o" -mcpu=cortex-a9 -mfpu=vfpv3 -mfloat-abi=hard -I../../cateen_bsp/ps7_cortexa9_0/include -MMD -MP -MF"src/cateen.d" -MT"src/cateen.o" -o "src/cateen.o" "../src/cateen.c"
'Finished building: ../src/cateen.c'
' '
'Building target: cateen.elf'
'Invoking: ARM v7 gcc linker'
arm-none-eabi-gcc -mcpu=cortex-a9 -mfpu=vfpv3 -mfloat-abi=hard -Wl,-build-id=none -specs=Xilinx.spec -Wl,-T -Wl,../src/lscript.ld -L../../cateen_bsp/ps7_cortexa9_0/lib -o "cateen.elf"  ./src/cateen.o ./src/mfrc522.o ./src/platform.o   -Wl,--start-group,-lxil,-lgcc,-lc,--end-group
'Finished building target: cateen.elf'
' '
'Invoking: ARM v7 Print Size'
arm-none-eabi-size cateen.elf  |tee "cateen.elf.size"
   text	   data	    bss	    dec	    hex	filename
  79960	   2712	  23456	 106128	  19e90	cateen.elf
'Finished building: cateen.elf.size'
' '
16:26:59 **** Auto Build of configuration Debug for project cateen ****
make pre-build main-build 
a9-linaro-pre-build-step
' '
'Building file: ../src/cateen.c'
'Invoking: ARM v7 gcc compiler'
arm-none-eabi-gcc -Wall -O0 -g3 -c -fmessage-length=0 -MT"src/cateen.o" -mcpu=cortex-a9 -mfpu=vfpv3 -mfloat-abi=hard -I../../cateen_bsp/ps7_cortexa9_0/include -MMD -MP -MF"src/cateen.d" -MT"src/cateen.o" -o "src/cateen.o" "../src/cateen.c"
'Finished building: ../src/cateen.c'
' '
'Building target: cateen.elf'
'Invoking: ARM v7 gcc linker'
[...]
 int  _EXFUN(strcmp,(const char *, const char *));
      ^
../src/cateen.c:296:18: warning: unused variable 'temper' [-Wunused-variable]
     unsigned int temper;
                  ^~~~~~
../src/cateen.c:295:25: warning: unused variable 'cal' [-Wunused-variable]
     unsigned char state,cal;
                         ^~~
../src/cateen.c: In function 'Card_Update':
../src/cateen.c:414:12: error: incompatible types when returning type 'struct Card *' but 'struct Card' was expected
     return card;
            ^~~~
../src/cateen.c: In function 'Card_SetData':
../src/cateen.c:435:21: error: incompatible type for argument 1 of 'Card_Update'
  card = Card_Update(card);
                     ^~~~
../src/cateen.c:386:13: note: expected 'struct Card *' but argument is of type 'struct Card'
 struct Card Card_Update(struct Card * card){
             ^~~~~~~~~~~
../src/cateen.c: In function 'Card_Update':
../src/cateen.c:416:1: warning: control reaches end of non-void function [-Wreturn-type]
 }
 ^
make: *** [src/subdir.mk:29: src/cateen.o] Error 1
19:41:44 **** Auto Build of configuration Debug for project cateen ****
make pre-build main-build 
a9-linaro-pre-build-step
' '
'Building file: ../src/cateen.c'
'Invoking: ARM v7 gcc compiler'
arm-none-eabi-gcc -Wall -O0 -g3 -c -fmessage-length=0 -MT"src/cateen.o" -mcpu=cortex-a9 -mfpu=vfpv3 -mfloat-abi=hard -I../../cateen_bsp/ps7_cortexa9_0/include -MMD -MP -MF"src/cateen.d" -MT"src/cateen.o" -o "src/cateen.o" "../src/cateen.c"
../src/cateen.c: In function 'main':
../src/cateen.c:111:18: warning: unused variable 'temp' [-Wunused-variable]
     unsigned int temp;
                  ^~~~
../src/cateen.c:110:27: warning: unused variable 'i' [-Wunused-variable]
     unsigned char status, i;
                           ^
../src/cateen.c:110:19: warning: unused variable 'status' [-Wunused-variable]
     unsigned char status, i;
                   ^~~~~~
../src/cateen.c: In function 'Pcd_Sel':
../src/cateen.c:322:15: warning: pointer targets in passing argument 1 of 'strcmp' differ in signedness [-Wpointer-sign]
     if(strcmp(buffer, Id0)!=0){
               ^~~~~~
In file included from e:\software\vivado2018\sdk\2018.3\gnu\aarch32\nt\gcc-arm-none-eabi\arm-none-eabi\libc\usr\include\stdio.h:29:0,
                 from ../src/cateen.c:48:
e:\software\vivado2018\sdk\2018.3\gnu\aarch32\nt\gcc-arm-none-eabi\arm-none-eabi\libc\usr\include\string.h:28:6: note: expected 'const char *' but argument is of type 'unsigned char *'
 int  _EXFUN(strcmp,(const char *, const char *));
      ^
../src/cateen.c:322:23: warning: pointer targets in passing argument 2 of 'strcmp' differ in signedness [-Wpointer-sign]
     if(strcmp(buffer, Id0)!=0){
                       ^~~
In file included from e:\software\vivado2018\sdk\2018.3\gnu\aarch32\nt\gcc-arm-none-eabi\arm-none-eabi\libc\usr\include\stdio.h:29:0,
                 from ../src/cateen.c:48:
e:\software\vivado2018\sdk\2018.3\gnu\aarch32\nt\gcc-arm-none-eabi\arm-none-eabi\libc\usr\include\string.h:28:6: note: expected 'const char *' but argument is of type 'unsigned char *'
 int  _EXFUN(strcmp,(const char *, const char *));
      ^
../src/cateen.c:296:18: warning: unused variable 'temper' [-Wunused-variable]
     unsigned int temper;
                  ^~~~~~
../src/cateen.c:295:25: warning: unused variable 'cal' [-Wunused-variable]
     unsigned char state,cal;
                         ^~~
../src/cateen.c: In function 'Card_Update':
../src/cateen.c:414:12: error: incompatible types when returning type 'struct Card *' but 'struct Card' was expected
     return card;
            ^~~~
../src/cateen.c: In function 'Card_SetData':
../src/cateen.c:435:21: error: incompatible type for argument 1 of 'Card_Update'
  card = Card_Update(card);
                     ^~~~
../src/cateen.c:386:13: note: expected 'struct Card *' but argument is of type 'struct Card'
 struct Card Card_Update(struct Card * card){
             ^~~~~~~~~~~
../src/cateen.c: In function 'Card_Update':
../src/cateen.c:416:1: warning: control reaches end of non-void function [-Wreturn-type]
 }
 ^
make: *** [src/subdir.mk:29: src/cateen.o] Error 1
19:42:04 **** Auto Build of configuration Debug for project cateen ****
make pre-build main-build 
a9-linaro-pre-build-step
' '
'Building file: ../src/cateen.c'
'Invoking: ARM v7 gcc compiler'
arm-none-eabi-gcc -Wall -O0 -g3 -c -fmessage-length=0 -MT"src/cateen.o" -mcpu=cortex-a9 -mfpu=vfpv3 -mfloat-abi=hard -I../../cateen_bsp/ps7_cortexa9_0/include -MMD -MP -MF"src/cateen.d" -MT"src/cateen.o" -o "src/cateen.o" "../src/cateen.c"
../src/cateen.c: In function 'main':
../src/cateen.c:111:18: warning: unused variable 'temp' [-Wunused-variable]
     unsigned int temp;
                  ^~~~
../src/cateen.c:110:27: warning: unused variable 'i' [-Wunused-variable]
     unsigned char status, i;
                           ^
../src/cateen.c:110:19: warning: unused variable 'status' [-Wunused-variable]
     unsigned char status, i;
                   ^~~~~~
../src/cateen.c: In function 'Pcd_Sel':
../src/cateen.c:322:15: warning: pointer targets in passing argument 1 of 'strcmp' differ in signedness [-Wpointer-sign]
     if(strcmp(buffer, Id0)!=0){
               ^~~~~~
In file included from e:\software\vivado2018\sdk\2018.3\gnu\aarch32\nt\gcc-arm-none-eabi\arm-none-eabi\libc\usr\include\stdio.h:29:0,
                 from ../src/cateen.c:48:
e:\software\vivado2018\sdk\2018.3\gnu\aarch32\nt\gcc-arm-none-eabi\arm-none-eabi\libc\usr\include\string.h:28:6: note: expected 'const char *' but argument is of type 'unsigned char *'
 int  _EXFUN(strcmp,(const char *, const char *));
      ^
../src/cateen.c:322:23: warning: pointer targets in passing argument 2 of 'strcmp' differ in signedness [-Wpointer-sign]
     if(strcmp(buffer, Id0)!=0){
                       ^~~
In file included from e:\software\vivado2018\sdk\2018.3\gnu\aarch32\nt\gcc-arm-none-eabi\arm-none-eabi\libc\usr\include\stdio.h:29:0,
                 from ../src/cateen.c:48:
e:\software\vivado2018\sdk\2018.3\gnu\aarch32\nt\gcc-arm-none-eabi\arm-none-eabi\libc\usr\include\string.h:28:6: note: expected 'const char *' but argument is of type 'unsigned char *'
 int  _EXFUN(strcmp,(const char *, const char *));
      ^
../src/cateen.c:296:18: warning: unused variable 'temper' [-Wunused-variable]
     unsigned int temper;
                  ^~~~~~
../src/cateen.c:295:25: warning: unused variable 'cal' [-Wunused-variable]
     unsigned char state,cal;
                         ^~~
../src/cateen.c: In function 'Card_Update':
../src/cateen.c:414:12: error: incompatible types when returning type 'struct Card *' but 'struct Card' was expected
     return card;
            ^~~~
../src/cateen.c: In function 'Card_SetData':
../src/cateen.c:435:21: error: incompatible type for argument 1 of 'Card_Update'
  card = Card_Update(card);
                     ^~~~
../src/cateen.c:386:13: note: expected 'struct Card *' but argument is of type 'struct Card'
 struct Card Card_Update(struct Card * card){
             ^~~~~~~~~~~
../src/cateen.c: In function 'Card_Update':
../src/cateen.c:416:1: warning: control reaches end of non-void function [-Wreturn-type]
 }
 ^
make: *** [src/subdir.mk:29: src/cateen.o] Error 1
19:42:12 **** Auto Build of configuration Debug for project cateen ****
make pre-build main-build 
a9-linaro-pre-build-step
' '
'Building file: ../src/cateen.c'
'Invoking: ARM v7 gcc compiler'
arm-none-eabi-gcc -Wall -O0 -g3 -c -fmessage-length=0 -MT"src/cateen.o" -mcpu=cortex-a9 -mfpu=vfpv3 -mfloat-abi=hard -I../../cateen_bsp/ps7_cortexa9_0/include -MMD -MP -MF"src/cateen.d" -MT"src/cateen.o" -o "src/cateen.o" "../src/cateen.c"
../src/cateen.c: In function 'main':
../src/cateen.c:111:18: warning: unused variable 'temp' [-Wunused-variable]
     unsigned int temp;
                  ^~~~
../src/cateen.c:110:27: warning: unused variable 'i' [-Wunused-variable]
     unsigned char status, i;
                           ^
../src/cateen.c:110:19: warning: unused variable 'status' [-Wunused-variable]
     unsigned char status, i;
                   ^~~~~~
../src/cateen.c: In function 'Pcd_Sel':
../src/cateen.c:322:15: warning: pointer targets in passing argument 1 of 'strcmp' differ in signedness [-Wpointer-sign]
     if(strcmp(buffer, Id0)!=0){
               ^~~~~~
In file included from e:\software\vivado2018\sdk\2018.3\gnu\aarch32\nt\gcc-arm-none-eabi\arm-none-eabi\libc\usr\include\stdio.h:29:0,
                 from ../src/cateen.c:48:
e:\software\vivado2018\sdk\2018.3\gnu\aarch32\nt\gcc-arm-none-eabi\arm-none-eabi\libc\usr\include\string.h:28:6: note: expected 'const char *' but argument is of type 'unsigned char *'
 int  _EXFUN(strcmp,(const char *, const char *));
      ^
../src/cateen.c:322:23: warning: pointer targets in passing argument 2 of 'strcmp' differ in signedness [-Wpointer-sign]
     if(strcmp(buffer, Id0)!=0){
                       ^~~
In file included from e:\software\vivado2018\sdk\2018.3\gnu\aarch32\nt\gcc-arm-none-eabi\arm-none-eabi\libc\usr\include\stdio.h:29:0,
                 from ../src/cateen.c:48:
e:\software\vivado2018\sdk\2018.3\gnu\aarch32\nt\gcc-arm-none-eabi\arm-none-eabi\libc\usr\include\string.h:28:6: note: expected 'const char *' but argument is of type 'unsigned char *'
 int  _EXFUN(strcmp,(const char *, const char *));
      ^
../src/cateen.c:296:18: warning: unused variable 'temper' [-Wunused-variable]
     unsigned int temper;
                  ^~~~~~
../src/cateen.c:295:25: warning: unused variable 'cal' [-Wunused-variable]
     unsigned char state,cal;
                         ^~~
../src/cateen.c: At top level:
../src/cateen.c:386:13: error: conflicting types for 'Card_Update'
 struct Card Card_Update(struct Card * card){
             ^~~~~~~~~~~
In file included from ../src/cateen.c:52:0:
../src/cateen.h:38:6: note: previous declaration of 'Card_Update' was here
 void Card_Update(struct Card *card);
      ^~~~~~~~~~~
../src/cateen.c: In function 'Card_Update':
../src/cateen.c:414:12: error: incompatible types when returning type 'struct Card *' but 'struct Card' was expected
     return card;
            ^~~~
../src/cateen.c: In function 'Card_SetData':
../src/cateen.c:435:21: error: incompatible type for argument 1 of 'Card_Update'
  card = Card_Update(card);
                     ^~~~
../src/cateen.c:386:13: note: expected 'struct Card *' but argument is of type 'struct Card'
 struct Card Card_Update(struct Card * card){
             ^~~~~~~~~~~
../src/cateen.c: In function 'Card_Update':
../src/cateen.c:416:1: warning: control reaches end of non-void function [-Wreturn-type]
 }
 ^
make: *** [src/subdir.mk:29: src/cateen.o] Error 1
19:42:23 **** Auto Build of configuration Debug for project cateen ****
make pre-build main-build 
a9-linaro-pre-build-step
' '
'Building file: ../src/cateen.c'
'Invoking: ARM v7 gcc compiler'
arm-none-eabi-gcc -Wall -O0 -g3 -c -fmessage-length=0 -MT"src/cateen.o" -mcpu=cortex-a9 -mfpu=vfpv3 -mfloat-abi=hard -I../../cateen_bsp/ps7_cortexa9_0/include -MMD -MP -MF"src/cateen.d" -MT"src/cateen.o" -o "src/cateen.o" "../src/cateen.c"
../src/cateen.c: In function 'main':
../src/cateen.c:111:18: warning: unused variable 'temp' [-Wunused-variable]
     unsigned int temp;
                  ^~~~
../src/cateen.c:110:27: warning: unused variable 'i' [-Wunused-variable]
     unsigned char status, i;
                           ^
../src/cateen.c:110:19: warning: unused variable 'status' [-Wunused-variable]
     unsigned char status, i;
                   ^~~~~~
../src/cateen.c: In function 'Pcd_Sel':
../src/cateen.c:322:15: warning: pointer targets in passing argument 1 of 'strcmp' differ in signedness [-Wpointer-sign]
     if(strcmp(buffer, Id0)!=0){
               ^~~~~~
In file included from e:\software\vivado2018\sdk\2018.3\gnu\aarch32\nt\gcc-arm-none-eabi\arm-none-eabi\libc\usr\include\stdio.h:29:0,
                 from ../src/cateen.c:48:
e:\software\vivado2018\sdk\2018.3\gnu\aarch32\nt\gcc-arm-none-eabi\arm-none-eabi\libc\usr\include\string.h:28:6: note: expected 'const char *' but argument is of type 'unsigned char *'
 int  _EXFUN(strcmp,(const char *, const char *));
      ^
../src/cateen.c:322:23: warning: pointer targets in passing argument 2 of 'strcmp' differ in signedness [-Wpointer-sign]
     if(strcmp(buffer, Id0)!=0){
                       ^~~
In file included from e:\software\vivado2018\sdk\2018.3\gnu\aarch32\nt\gcc-arm-none-eabi\arm-none-eabi\libc\usr\include\stdio.h:29:0,
                 from ../src/cateen.c:48:
e:\software\vivado2018\sdk\2018.3\gnu\aarch32\nt\gcc-arm-none-eabi\arm-none-eabi\libc\usr\include\string.h:28:6: note: expected 'const char *' but argument is of type 'unsigned char *'
 int  _EXFUN(strcmp,(const char *, const char *));
      ^
../src/cateen.c:296:18: warning: unused variable 'temper' [-Wunused-variable]
     unsigned int temper;
                  ^~~~~~
../src/cateen.c:295:25: warning: unused variable 'cal' [-Wunused-variable]
     unsigned char state,cal;
                         ^~~
../src/cateen.c: In function 'Card_SetData':
../src/cateen.c:432:21: error: incompatible type for argument 1 of 'Card_Update'
  card = Card_Update(card);
                     ^~~~
../src/cateen.c:386:6: note: expected 'struct Card *' but argument is of type 'struct Card'
 void Card_Update(struct Card * card){
      ^~~~~~~~~~~
make: *** [src/subdir.mk:29: src/cateen.o] Error 1
19:42:34 **** Auto Build of configuration Debug for project cateen ****
make pre-build main-build 
a9-linaro-pre-build-step
' '
'Building file: ../src/cateen.c'
'Invoking: ARM v7 gcc compiler'
arm-none-eabi-gcc -Wall -O0 -g3 -c -fmessage-length=0 -MT"src/cateen.o" -mcpu=cortex-a9 -mfpu=vfpv3 -mfloat-abi=hard -I../../cateen_bsp/ps7_cortexa9_0/include -MMD -MP -MF"src/cateen.d" -MT"src/cateen.o" -o "src/cateen.o" "../src/cateen.c"
../src/cateen.c: In function 'main':
../src/cateen.c:111:18: warning: unused variable 'temp' [-Wunused-variable]
     unsigned int temp;
                  ^~~~
../src/cateen.c:110:27: warning: unused variable 'i' [-Wunused-variable]
     unsigned char status, i;
                           ^
../src/cateen.c:110:19: warning: unused variable 'status' [-Wunused-variable]
     unsigned char status, i;
                   ^~~~~~
../src/cateen.c: In function 'Pcd_Sel':
../src/cateen.c:322:15: warning: pointer targets in passing argument 1 of 'strcmp' differ in signedness [-Wpointer-sign]
     if(strcmp(buffer, Id0)!=0){
               ^~~~~~
In file included from e:\software\vivado2018\sdk\2018.3\gnu\aarch32\nt\gcc-arm-none-eabi\arm-none-eabi\libc\usr\include\stdio.h:29:0,
                 from ../src/cateen.c:48:
e:\software\vivado2018\sdk\2018.3\gnu\aarch32\nt\gcc-arm-none-eabi\arm-none-eabi\libc\usr\include\string.h:28:6: note: expected 'const char *' but argument is of type 'unsigned char *'
 int  _EXFUN(strcmp,(const char *, const char *));
      ^
../src/cateen.c:322:23: warning: pointer targets in passing argument 2 of 'strcmp' differ in signedness [-Wpointer-sign]
     if(strcmp(buffer, Id0)!=0){
                       ^~~
In file included from e:\software\vivado2018\sdk\2018.3\gnu\aarch32\nt\gcc-arm-none-eabi\arm-none-eabi\libc\usr\include\stdio.h:29:0,
                 from ../src/cateen.c:48:
e:\software\vivado2018\sdk\2018.3\gnu\aarch32\nt\gcc-arm-none-eabi\arm-none-eabi\libc\usr\include\string.h:28:6: note: expected 'const char *' but argument is of type 'unsigned char *'
 int  _EXFUN(strcmp,(const char *, const char *));
      ^
../src/cateen.c:296:18: warning: unused variable 'temper' [-Wunused-variable]
     unsigned int temper;
                  ^~~~~~
../src/cateen.c:295:25: warning: unused variable 'cal' [-Wunused-variable]
     unsigned char state,cal;
                         ^~~
'Finished building: ../src/cateen.c'
' '
'Building file: ../src/mfrc522.c'
'Invoking: ARM v7 gcc compiler'
arm-none-eabi-gcc -Wall -O0 -g3 -c -fmessage-length=0 -MT"src/mfrc522.o" -mcpu=cortex-a9 -mfpu=vfpv3 -mfloat-abi=hard -I../../cateen_bsp/ps7_cortexa9_0/include -MMD -MP -MF"src/mfrc522.d" -MT"src/mfrc522.o" -o "src/mfrc522.o" "../src/mfrc522.c"
../src/mfrc522.c: In function 'PcdHalt':
../src/mfrc522.c:338:10: warning: variable 'status' set but not used [-Wunused-but-set-variable]
     char status;
          ^~~~~~
'Finished building: ../src/mfrc522.c'
' '
'Building target: cateen.elf'
'Invoking: ARM v7 gcc linker'
arm-none-eabi-gcc -mcpu=cortex-a9 -mfpu=vfpv3 -mfloat-abi=hard -Wl,-build-id=none -specs=Xilinx.spec -Wl,-T -Wl,../src/lscript.ld -L../../cateen_bsp/ps7_cortexa9_0/lib -o "cateen.elf"  ./src/cateen.o ./src/mfrc522.o ./src/platform.o   -Wl,--start-group,-lxil,-lgcc,-lc,--end-group
'Finished building target: cateen.elf'
' '
'Invoking: ARM v7 Print Size'
arm-none-eabi-size cateen.elf  |tee "cateen.elf.size"
   text	   data	    bss	    dec	    hex	filename
  81472	   2736	  23456	 107664	  1a490	cateen.elf
'Finished building: cateen.elf.size'
' '
19:45:47 **** Auto Build of configuration Debug for project cateen ****
make pre-build main-build 
a9-linaro-pre-build-step
' '
'Building file: ../src/cateen.c'
'Invoking: ARM v7 gcc compiler'
arm-none-eabi-gcc -Wall -O0 -g3 -c -fmessage-length=0 -MT"src/cateen.o" -mcpu=cortex-a9 -mfpu=vfpv3 -mfloat-abi=hard -I../../cateen_bsp/ps7_cortexa9_0/include -MMD -MP -MF"src/cateen.d" -MT"src/cateen.o" -o "src/cateen.o" "../src/cateen.c"
../src/cateen.c: In function 'main':
../src/cateen.c:111:18: warning: unused variable 'temp' [-Wunused-variable]
     unsigned int temp;
                  ^~~~
../src/cateen.c:110:27: warning: unused variable 'i' [-Wunused-variable]
     unsigned char status, i;
                           ^
../src/cateen.c:110:19: warning: unused variable 'status' [-Wunused-variable]
     unsigned char status, i;
                   ^~~~~~
../src/cateen.c: In function 'Pcd_Sel':
../src/cateen.c:322:15: warning: pointer targets in passing argument 1 of 'strcmp' differ in signedness [-Wpointer-sign]
     if(strcmp(buffer, Id0)!=0){
               ^~~~~~
In file included from e:\software\vivado2018\sdk\2018.3\gnu\aarch32\nt\gcc-arm-none-eabi\arm-none-eabi\libc\usr\include\stdio.h:29:0,
                 from ../src/cateen.c:48:
e:\software\vivado2018\sdk\2018.3\gnu\aarch32\nt\gcc-arm-none-eabi\arm-none-eabi\libc\usr\include\string.h:28:6: note: expected 'const char *' but argument is of type 'unsigned char *'
 int  _EXFUN(strcmp,(const char *, const char *));
      ^
../src/cateen.c:322:23: warning: pointer targets in passing argument 2 of 'strcmp' differ in signedness [-Wpointer-sign]
     if(strcmp(buffer, Id0)!=0){
                       ^~~
In file included from e:\software\vivado2018\sdk\2018.3\gnu\aarch32\nt\gcc-arm-none-eabi\arm-none-eabi\libc\usr\include\stdio.h:29:0,
                 from ../src/cateen.c:48:
e:\software\vivado2018\sdk\2018.3\gnu\aarch32\nt\gcc-arm-none-eabi\arm-none-eabi\libc\usr\include\string.h:28:6: note: expected 'const char *' but argument is of type 'unsigned char *'
 int  _EXFUN(strcmp,(const char *, const char *));
      ^
../src/cateen.c:296:18: warning: unused variable 'temper' [-Wunused-variable]
     unsigned int temper;
                  ^~~~~~
../src/cateen.c:295:25: warning: unused variable 'cal' [-Wunused-variable]
     unsigned char state,cal;
                         ^~~
'Finished building: ../src/cateen.c'
' '
'Building target: cateen.elf'
'Invoking: ARM v7 gcc linker'
arm-none-eabi-gcc -mcpu=cortex-a9 -mfpu=vfpv3 -mfloat-abi=hard -Wl,-build-id=none -specs=Xilinx.spec -Wl,-T -Wl,../src/lscript.ld -L../../cateen_bsp/ps7_cortexa9_0/lib -o "cateen.elf"  ./src/cateen.o ./src/mfrc522.o ./src/platform.o   -Wl,--start-group,-lxil,-lgcc,-lc,--end-group
'Finished building target: cateen.elf'
' '
'Invoking: ARM v7 Print Size'
arm-none-eabi-size cateen.elf  |tee "cateen.elf.size"
   text	   data	    bss	    dec	    hex	filename
  81472	   2736	  23456	 107664	  1a490	cateen.elf
'Finished building: cateen.elf.size'
' '
