16:04:58 **** Build of project rfid_zynq_bsp ****
make -k all 
"Running Make include in ps7_cortexa9_0/libsrc/coresightps_dcc_v1_4/src"
make -C ps7_cortexa9_0/libsrc/coresightps_dcc_v1_4/src -s include  "SHELL=CMD" "COMPILER=arm-none-eabi-gcc" "ARCHIVER=arm-none-eabi-ar" "COMPILER_FLAGS=  -O2 -c" "EXTRA_COMPILER_FLAGS=-mcpu=cortex-a9 -mfpu=vfpv3 -mfloat-abi=hard -nostartfiles -g -Wall -Wextra"
"Running Make include in ps7_cortexa9_0/libsrc/cpu_cortexa9_v2_7/src"
make -C ps7_cortexa9_0/libsrc/cpu_cortexa9_v2_7/src -s include  "SHELL=CMD" "COMPILER=arm-none-eabi-gcc" "ARCHIVER=arm-none-eabi-ar" "COMPILER_FLAGS=  -O2 -c" "EXTRA_COMPILER_FLAGS=-mcpu=cortex-a9 -mfpu=vfpv3 -mfloat-abi=hard -nostartfiles -g -Wall -Wextra"
"Running Make include in ps7_cortexa9_0/libsrc/ddrps_v1_0/src"
make -C ps7_cortexa9_0/libsrc/ddrps_v1_0/src -s include  "SHELL=CMD" "COMPILER=arm-none-eabi-gcc" "ARCHIVER=arm-none-eabi-ar" "COMPILER_FLAGS=  -O2 -c" "EXTRA_COMPILER_FLAGS=-mcpu=cortex-a9 -mfpu=vfpv3 -mfloat-abi=hard -nostartfiles -g -Wall -Wextra"
"Running Make include in ps7_cortexa9_0/libsrc/devcfg_v3_5/src"
make -C ps7_cortexa9_0/libsrc/devcfg_v3_5/src -s include  "SHELL=CMD" "COMPILER=arm-none-eabi-gcc" "ARCHIVER=arm-none-eabi-ar" "COMPILER_FLAGS=  -O2 -c" "EXTRA_COMPILER_FLAGS=-mcpu=cortex-a9 -mfpu=vfpv3 -mfloat-abi=hard -nostartfiles -g -Wall -Wextra"
"Running Make include in ps7_cortexa9_0/libsrc/dmaps_v2_4/src"
make -C ps7_cortexa9_0/libsrc/dmaps_v2_4/src -s include  "SHELL=CMD" "COMPILER=arm-none-eabi-gcc" "ARCHIVER=arm-none-eabi-ar" "COMPILER_FLAGS=  -O2 -c" "EXTRA_COMPILER_FLAGS=-mcpu=cortex-a9 -mfpu=vfpv3 -mfloat-abi=hard -nostartfiles -g -Wall -Wextra"
"Running Make include in ps7_cortexa9_0/libsrc/gpio_v4_3/src"
make -C ps7_cortexa9_0/libsrc/gpio_v4_3/src -s include  "SHELL=CMD" "COMPILER=arm-none-eabi-gcc" "ARCHIVER=arm-none-eabi-ar" "COMPILER_FLAGS=  -O2 -c" "EXTRA_COMPILER_FLAGS=-mcpu=cortex-a9 -mfpu=vfpv3 -mfloat-abi=hard -nostartfiles -g -Wall -Wextra"
"Running Make include in ps7_cortexa9_0/libsrc/scugic_v3_10/src"
make -C ps7_cortexa9_0/libsrc/scugic_v3_10/src -s include  "SHELL=CMD" "COMPILER=arm-none-eabi-gcc" "ARCHIVER=arm-none-eabi-ar" "COMPILER_FLAGS=  -O2 -c" "EXTRA_COMPILER_FLAGS=-mcpu=cortex-a9 -mfpu=vfpv3 -mfloat-abi=hard -nostartfiles -g -Wall -Wextra"
"Running Make include in ps7_cortexa9_0/libsrc/scutimer_v2_1/src"
make -C ps7_cortexa9_0/libsrc/scutimer_v2_1/src -s include  "SHELL=CMD" "COMPILER=arm-none-eabi-gcc" "ARCHIVER=arm-none-eabi-ar" "COMPILER_FLAGS=  -O2 -c" "EXTRA_COMPILER_FLAGS=-mcpu=cortex-a9 -mfpu=vfpv3 -mfloat-abi=hard -nostartfiles -g -Wall -Wextra"
"Running Make include in ps7_cortexa9_0/libsrc/scuwdt_v2_1/src"
make -C ps7_cortexa9_0/libsrc/scuwdt_v2_1/src -s include  "SHELL=CMD" "COMPILER=arm-none-eabi-gcc" "ARCHIVER=arm-none-eabi-ar" "COMPILER_FLAGS=  -O2 -c" "EXTRA_COMPILER_FLAGS=-mcpu=cortex-a9 -mfpu=vfpv3 -mfloat-abi=hard -nostartfiles -g -Wall -Wextra"
"Running Make include in ps7_cortexa9_0/libsrc/standalone_v6_8/src"
make -C ps7_cortexa9_0/libsrc/standalone_v6_8/src -s include  "SHELL=CMD" "COMPILER=arm-none-eabi-gcc" "ARCHIVER=arm-none-eabi-ar" "COMPILER_FLAGS=  -O2 -c" "EXTRA_COMPILER_FLAGS=-mcpu=cortex-a9 -mfpu=vfpv3 -mfloat-abi=hard -nostartfiles -g -Wall -Wextra"
"Running Make include in ps7_cortexa9_0/libsrc/uartps_v3_7/src"
make -C ps7_cortexa9_0/libsrc/uartps_v3_7/src -s include  "SHELL=CMD" "COMPILER=arm-none-eabi-gcc" "ARCHIVER=arm-none-eabi-ar" "COMPILER_FLAGS=  -O2 -c" "EXTRA_COMPILER_FLAGS=-mcpu=cortex-a9 -mfpu=vfpv3 -mfloat-abi=hard -nostartfiles -g -Wall -Wextra"
"Running Make include in ps7_cortexa9_0/libsrc/xadcps_v2_3/src"
make -C ps7_cortexa9_0/libsrc/xadcps_v2_3/src -s include  "SHELL=CMD" "COMPILER=arm-none-eabi-gcc" "ARCHIVER=arm-none-eabi-ar" "COMPILER_FLAGS=  -O2 -c" "EXTRA_COMPILER_FLAGS=-mcpu=cortex-a9 -mfpu=vfpv3 -mfloat-abi=hard -nostartfiles -g -Wall -Wextra"
"Running Make libs in ps7_cortexa9_0/libsrc/coresightps_dcc_v1_4/src"
make -C ps7_cortexa9_0/libsrc/coresightps_dcc_v1_4/src -s libs  "SHELL=CMD" "COMPILER=arm-none-eabi-gcc" "ARCHIVER=arm-none-eabi-ar" "COMPILER_FLAGS=  -O2 -c" "EXTRA_COMPILER_FLAGS=-mcpu=cortex-a9 -mfpu=vfpv3 -mfloat-abi=hard -nostartfiles -g -Wall -Wextra"
"Compiling coresightps_dcc"
arm-none-eabi-ar: creating ../../../lib/libxil.a
"Running Make libs in ps7_cortexa9_0/libsrc/cpu_cortexa9_v2_7/src"
make -C ps7_cortexa9_0/libsrc/cpu_cortexa9_v2_7/src -s libs  "SHELL=CMD" "COMPILER=arm-none-eabi-gcc" "ARCHIVER=arm-none-eabi-ar" "COMPILER_FLAGS=  -O2 -c" "EXTRA_COMPILER_FLAGS=-mcpu=cortex-a9 -mfpu=vfpv3 -mfloat-abi=hard -nostartfiles -g -Wall -Wextra"
"Compiling cpu_cortexa9"
"Running Make libs in ps7_cortexa9_0/libsrc/ddrps_v1_0/src"
make -C ps7_cortexa9_0/libsrc/ddrps_v1_0/src -s libs  "SHELL=CMD" "COMPILER=arm-none-eabi-gcc" "ARCHIVER=arm-none-eabi-ar" "COMPILER_FLAGS=  -O2 -c" "EXTRA_COMPILER_FLAGS=-mcpu=cortex-a9 -mfpu=vfpv3 -mfloat-abi=hard -nostartfiles -g -Wall -Wextra"
"Compiling ddrps"
"Running Make libs in ps7_cortexa9_0/libsrc/devcfg_v3_5/src"
make -C ps7_cortexa9_0/libsrc/devcfg_v3_5/src -s libs  "SHELL=CMD" "COMPILER=arm-none-eabi-gcc" "ARCHIVER=arm-none-eabi-ar" "COMPILER_FLAGS=  -O2 -c" "EXTRA_COMPILER_FLAGS=-mcpu=cortex-a9 -mfpu=vfpv3 -mfloat-abi=hard -nostartfiles -g -Wall -Wextra"
"Compiling devcfg"
"Running Make libs in ps7_cortexa9_0/libsrc/dmaps_v2_4/src"
make -C ps7_cortexa9_0/libsrc/dmaps_v2_4/src -s libs  "SHELL=CMD" "COMPILER=arm-none-eabi-gcc" "ARCHIVER=arm-none-eabi-ar" "COMPILER_FLAGS=  -O2 -c" "EXTRA_COMPILER_FLAGS=-mcpu=cortex-a9 -mfpu=vfpv3 -mfloat-abi=hard -nostartfiles -g -Wall -Wextra"
"Compiling dmaps"
"Running Make libs in ps7_cortexa9_0/libsrc/gpio_v4_3/src"
make -C ps7_cortexa9_0/libsrc/gpio_v4_3/src -s libs  "SHELL=CMD" "COMPILER=arm-none-eabi-gcc" "ARCHIVER=arm-none-eabi-ar" "COMPILER_FLAGS=  -O2 -c" "EXTRA_COMPILER_FLAGS=-mcpu=cortex-a9 -mfpu=vfpv3 -mfloat-abi=hard -nostartfiles -g -Wall -Wextra"
"Compiling gpio"
"Running Make libs in ps7_cortexa9_0/libsrc/scugic_v3_10/src"
make -C ps7_cortexa9_0/libsrc/scugic_v3_10/src -s libs  "SHELL=CMD" "COMPILER=arm-none-eabi-gcc" "ARCHIVER=arm-none-eabi-ar" "COMPILER_FLAGS=  -O2 -c" "EXTRA_COMPILER_FLAGS=-mcpu=cortex-a9 -mfpu=vfpv3 -mfloat-abi=hard -nostartfiles -g -Wall -Wextra"
"Compiling scugic"
"Running Make libs in ps7_cortexa9_0/libsrc/scutimer_v2_1/src"
make -C ps7_cortexa9_0/libsrc/scutimer_v2_1/src -s libs  "SHELL=CMD" "COMPILER=arm-none-eabi-gcc" "ARCHIVER=arm-none-eabi-ar" "COMPILER_FLAGS=  -O2 -c" "EXTRA_COMPILER_FLAGS=-mcpu=cortex-a9 -mfpu=vfpv3 -mfloat-abi=hard -nostartfiles -g -Wall -Wextra"
"Compiling scutimer"
"Running Make libs in ps7_cortexa9_0/libsrc/scuwdt_v2_1/src"
make -C ps7_cortexa9_0/libsrc/scuwdt_v2_1/src -s libs  "SHELL=CMD" "COMPILER=arm-none-eabi-gcc" "ARCHIVER=arm-none-eabi-ar" "COMPILER_FLAGS=  -O2 -c" "EXTRA_COMPILER_FLAGS=-mcpu=cortex-a9 -mfpu=vfpv3 -mfloat-abi=hard -nostartfiles -g -Wall -Wextra"
"Compiling scuwdt"
"Running Make libs in ps7_cortexa9_0/libsrc/standalone_v6_8/src"
make -C ps7_cortexa9_0/libsrc/standalone_v6_8/src -s libs  "SHELL=CMD" "COMPILER=arm-none-eabi-gcc" "ARCHIVER=arm-none-eabi-ar" "COMPILER_FLAGS=  -O2 -c" "EXTRA_COMPILER_FLAGS=-mcpu=cortex-a9 -mfpu=vfpv3 -mfloat-abi=hard -nostartfiles -g -Wall -Wextra"
"Compiling standalone"
In file included from usleep.c:56:0:
xtime_l.h:87:9: note: #pragma message: For the sleep routines, Global timer is being used
 #pragma message ("For the sleep routines, Global timer is being used")
         ^~~~~~~
In file included from xil_sleeptimer.c:51:0:
xtime_l.h:87:9: note: #pragma message: For the sleep routines, Global timer is being used
 #pragma message ("For the sleep routines, Global timer is being used")
         ^~~~~~~
In file included from xtime_l.c:49:0:
xtime_l.h:87:9: note: #pragma message: For the sleep routines, Global timer is being used
 #pragma message ("For the sleep routines, Global timer is being used")
         ^~~~~~~
In file included from sleep.c:53:0:
xtime_l.h:87:9: note: #pragma message: For the sleep routines, Global timer is being used
 #pragma message ("For the sleep routines, Global timer is being used")
         ^~~~~~~
"Running Make libs in ps7_cortexa9_0/libsrc/uartps_v3_7/src"
make -C ps7_cortexa9_0/libsrc/uartps_v3_7/src -s libs  "SHELL=CMD" "COMPILER=arm-none-eabi-gcc" "ARCHIVER=arm-none-eabi-ar" "COMPILER_FLAGS=  -O2 -c" "EXTRA_COMPILER_FLAGS=-mcpu=cortex-a9 -mfpu=vfpv3 -mfloat-abi=hard -nostartfiles -g -Wall -Wextra"
"Compiling uartps"
"Running Make libs in ps7_cortexa9_0/libsrc/xadcps_v2_3/src"
make -C ps7_cortexa9_0/libsrc/xadcps_v2_3/src -s libs  "SHELL=CMD" "COMPILER=arm-none-eabi-gcc" "ARCHIVER=arm-none-eabi-ar" "COMPILER_FLAGS=  -O2 -c" "EXTRA_COMPILER_FLAGS=-mcpu=cortex-a9 -mfpu=vfpv3 -mfloat-abi=hard -nostartfiles -g -Wall -Wextra"
"Compiling xadcps"
'Finished building libraries'
16:05:11 **** Build of configuration Debug for project rfid_zynq ****
make pre-build main-build 
a9-linaro-pre-build-step
' '
'Building file: ../src/helloworld.c'
'Invoking: ARM v7 gcc compiler'
arm-none-eabi-gcc -Wall -O0 -g3 -c -fmessage-length=0 -MT"src/helloworld.o" -mcpu=cortex-a9 -mfpu=vfpv3 -mfloat-abi=hard -I../../rfid_zynq_bsp/ps7_cortexa9_0/include -MMD -MP -MF"src/helloworld.d" -MT"src/helloworld.o" -o "src/helloworld.o" "../src/helloworld.c"
'Finished building: ../src/helloworld.c'
' '
'Building file: ../src/platform.c'
'Invoking: ARM v7 gcc compiler'
arm-none-eabi-gcc -Wall -O0 -g3 -c -fmessage-length=0 -MT"src/platform.o" -mcpu=cortex-a9 -mfpu=vfpv3 -mfloat-abi=hard -I../../rfid_zynq_bsp/ps7_cortexa9_0/include -MMD -MP -MF"src/platform.d" -MT"src/platform.o" -o "src/platform.o" "../src/platform.c"
'Finished building: ../src/platform.c'
' '
'Building target: rfid_zynq.elf'
'Invoking: ARM v7 gcc linker'
arm-none-eabi-gcc -mcpu=cortex-a9 -mfpu=vfpv3 -mfloat-abi=hard -Wl,-build-id=none -specs=Xilinx.spec -Wl,-T -Wl,../src/lscript.ld -L../../rfid_zynq_bsp/ps7_cortexa9_0/lib -o "rfid_zynq.elf"  ./src/helloworld.o ./src/platform.o   -Wl,--start-group,-lxil,-lgcc,-lc,--end-group
'Finished building target: rfid_zynq.elf'
' '
'Invoking: ARM v7 Print Size'
arm-none-eabi-size rfid_zynq.elf  |tee "rfid_zynq.elf.size"
   text	   data	    bss	    dec	    hex	filename
  19352	   1144	  22568	  43064	   a838	rfid_zynq.elf
'Finished building: rfid_zynq.elf.size'
' '
16:05:12 **** Auto Build of configuration Debug for project rfid_zynq ****
make pre-build main-build 
a9-linaro-pre-build-step
' '
make: Nothing to be done for 'main-build'.
16:06:26 **** Build of configuration Debug for project rfid_zynq_bsp_xgpio_example_1 ****
make pre-build main-build 
a9-linaro-pre-build-step
' '
'Building file: ../src/xgpio_example.c'
'Invoking: ARM v7 gcc compiler'
arm-none-eabi-gcc -Wall -O0 -g3 -c -fmessage-length=0 -MT"src/xgpio_example.o" -mcpu=cortex-a9 -mfpu=vfpv3 -mfloat-abi=hard -I../../rfid_zynq_bsp/ps7_cortexa9_0/include -MMD -MP -MF"src/xgpio_example.d" -MT"src/xgpio_example.o" -o "src/xgpio_example.o" "../src/xgpio_example.c"
'Finished building: ../src/xgpio_example.c'
' '
'Building target: rfid_zynq_bsp_xgpio_example_1.elf'
'Invoking: ARM v7 gcc linker'
arm-none-eabi-gcc -mcpu=cortex-a9 -mfpu=vfpv3 -mfloat-abi=hard -Wl,-build-id=none -specs=Xilinx.spec -Wl,-T -Wl,../src/lscript.ld -L../../rfid_zynq_bsp/ps7_cortexa9_0/lib -o "rfid_zynq_bsp_xgpio_example_1.elf"  ./src/xgpio_example.o   -Wl,--start-group,-lxil,-lgcc,-lc,--end-group
'Finished building target: rfid_zynq_bsp_xgpio_example_1.elf'
' '
'Invoking: ARM v7 Print Size'
arm-none-eabi-size rfid_zynq_bsp_xgpio_example_1.elf  |tee "rfid_zynq_bsp_xgpio_example_1.elf.size"
   text	   data	    bss	    dec	    hex	filename
  23776	   1232	  22600	  47608	   b9f8	rfid_zynq_bsp_xgpio_example_1.elf
'Finished building: rfid_zynq_bsp_xgpio_example_1.elf.size'
' '
16:06:28 **** Auto Build of configuration Debug for project rfid_zynq_bsp_xgpio_example_1 ****
make pre-build main-build 
a9-linaro-pre-build-step
' '
make: Nothing to be done for 'main-build'.
16:08:23 **** Clean-only build of configuration Debug for project rfid_zynq ****
make clean 
rm -rf  ./src/helloworld.o ./src/platform.o  ./src/helloworld.d ./src/platform.d  rfid_zynq.elf.size  rfid_zynq.elf
' '
16:08:24 **** Auto Build of configuration Debug for project rfid_zynq ****
make pre-build main-build 
a9-linaro-pre-build-step
' '
'Building file: ../src/platform.c'
'Invoking: ARM v7 gcc compiler'
arm-none-eabi-gcc -Wall -O0 -g3 -c -fmessage-length=0 -MT"src/platform.o" -mcpu=cortex-a9 -mfpu=vfpv3 -mfloat-abi=hard -I../../rfid_zynq_bsp/ps7_cortexa9_0/include -MMD -MP -MF"src/platform.d" -MT"src/platform.o" -o "src/platform.o" "../src/platform.c"
'Finished building: ../src/platform.c'
' '
'Building file: ../src/rfid_zynq.c'
'Invoking: ARM v7 gcc compiler'
arm-none-eabi-gcc -Wall -O0 -g3 -c -fmessage-length=0 -MT"src/rfid_zynq.o" -mcpu=cortex-a9 -mfpu=vfpv3 -mfloat-abi=hard -I../../rfid_zynq_bsp/ps7_cortexa9_0/include -MMD -MP -MF"src/rfid_zynq.d" -MT"src/rfid_zynq.o" -o "src/rfid_zynq.o" "../src/rfid_zynq.c"
'Finished building: ../src/rfid_zynq.c'
' '
'Building target: rfid_zynq.elf'
'Invoking: ARM v7 gcc linker'
arm-none-eabi-gcc -mcpu=cortex-a9 -mfpu=vfpv3 -mfloat-abi=hard -Wl,-build-id=none -specs=Xilinx.spec -Wl,-T -Wl,../src/lscript.ld -L../../rfid_zynq_bsp/ps7_cortexa9_0/lib -o "rfid_zynq.elf"  ./src/platform.o ./src/rfid_zynq.o   -Wl,--start-group,-lxil,-lgcc,-lc,--end-group
'Finished building target: rfid_zynq.elf'
' '
'Invoking: ARM v7 Print Size'
arm-none-eabi-size rfid_zynq.elf  |tee "rfid_zynq.elf.size"
   text	   data	    bss	    dec	    hex	filename
  19352	   1144	  22568	  43064	   a838	rfid_zynq.elf
'Finished building: rfid_zynq.elf.size'
' '
16:11:35 **** Auto Build of configuration Debug for project rfid_zynq ****
make pre-build main-build 
a9-linaro-pre-build-step
' '
make: Nothing to be done for 'main-build'.
16:12:01 **** Auto Build of configuration Debug for project rfid_zynq ****
make pre-build main-build 
a9-linaro-pre-build-step
' '
make: Nothing to be done for 'main-build'.
16:12:19 **** Auto Build of configuration Debug for project rfid_zynq ****
make pre-build main-build 
a9-linaro-pre-build-step
' '
'Building file: ../src/rfid_zynq.c'
'Invoking: ARM v7 gcc compiler'
arm-none-eabi-gcc -Wall -O0 -g3 -c -fmessage-length=0 -MT"src/rfid_zynq.o" -mcpu=cortex-a9 -mfpu=vfpv3 -mfloat-abi=hard -I../../rfid_zynq_bsp/ps7_cortexa9_0/include -MMD -MP -MF"src/rfid_zynq.d" -MT"src/rfid_zynq.o" -o "src/rfid_zynq.o" "../src/rfid_zynq.c"
In file included from ../src/rfid_zynq.c:52:0:
../src/rfid_zynq.h:11:1: error: unknown type name 'sbit'
 sbit MF522_SDA  = P1^7;
 ^~~~
../src/rfid_zynq.h:11:19: error: 'P1' undeclared here (not in a function)
 sbit MF522_SDA  = P1^7;
                   ^~
make: *** [src/subdir.mk:26: src/rfid_zynq.o] Error 1
16:12:39 **** Auto Build of configuration Debug for project rfid_zynq ****
make pre-build main-build 
a9-linaro-pre-build-step
' '
'Building file: ../src/rfid_zynq.c'
'Invoking: ARM v7 gcc compiler'
arm-none-eabi-gcc -Wall -O0 -g3 -c -fmessage-length=0 -MT"src/rfid_zynq.o" -mcpu=cortex-a9 -mfpu=vfpv3 -mfloat-abi=hard -I../../rfid_zynq_bsp/ps7_cortexa9_0/include -MMD -MP -MF"src/rfid_zynq.d" -MT"src/rfid_zynq.o" -o "src/rfid_zynq.o" "../src/rfid_zynq.c"
../src/rfid_zynq.c:51:10: fatal error: xparameter.h: No such file or directory
 #include "xparameter.h"
          ^~~~~~~~~~~~~~
compilation terminated.
make: *** [src/subdir.mk:26: src/rfid_zynq.o] Error 1
16:12:53 **** Auto Build of configuration Debug for project rfid_zynq ****
make pre-build main-build 
a9-linaro-pre-build-step
' '
'Building file: ../src/rfid_zynq.c'
'Invoking: ARM v7 gcc compiler'
arm-none-eabi-gcc -Wall -O0 -g3 -c -fmessage-length=0 -MT"src/rfid_zynq.o" -mcpu=cortex-a9 -mfpu=vfpv3 -mfloat-abi=hard -I../../rfid_zynq_bsp/ps7_cortexa9_0/include -MMD -MP -MF"src/rfid_zynq.d" -MT"src/rfid_zynq.o" -o "src/rfid_zynq.o" "../src/rfid_zynq.c"
In file included from ../src/rfid_zynq.c:54:0:
../src/rfid_zynq.h:11:1: error: unknown type name 'sbit'
 sbit MF522_SDA  = P1^7;
 ^~~~
../src/rfid_zynq.h:11:19: error: 'P1' undeclared here (not in a function)
 sbit MF522_SDA  = P1^7;
                   ^~
make: *** [src/subdir.mk:26: src/rfid_zynq.o] Error 1
16:14:02 **** Auto Build of configuration Debug for project rfid_zynq ****
make pre-build main-build 
a9-linaro-pre-build-step
' '
'Building file: ../src/rfid_zynq.c'
'Invoking: ARM v7 gcc compiler'
arm-none-eabi-gcc -Wall -O0 -g3 -c -fmessage-length=0 -MT"src/rfid_zynq.o" -mcpu=cortex-a9 -mfpu=vfpv3 -mfloat-abi=hard -I../../rfid_zynq_bsp/ps7_cortexa9_0/include -MMD -MP -MF"src/rfid_zynq.d" -MT"src/rfid_zynq.o" -o "src/rfid_zynq.o" "../src/rfid_zynq.c"
In file included from ../src/rfid_zynq.c:54:0:
../src/rfid_zynq.h:11:1: error: unknown type name 'sbit'
 sbit MF522_SDA  = XPAR_AXI_GPIO_4_BASEADDR;
 ^~~~
make: *** [src/subdir.mk:26: src/rfid_zynq.o] Error 1
16:14:52 **** Auto Build of configuration Debug for project rfid_zynq ****
make pre-build main-build 
a9-linaro-pre-build-step
' '
'Building file: ../src/rfid_zynq.c'
'Invoking: ARM v7 gcc compiler'
arm-none-eabi-gcc -Wall -O0 -g3 -c -fmessage-length=0 -MT"src/rfid_zynq.o" -mcpu=cortex-a9 -mfpu=vfpv3 -mfloat-abi=hard -I../../rfid_zynq_bsp/ps7_cortexa9_0/include -MMD -MP -MF"src/rfid_zynq.d" -MT"src/rfid_zynq.o" -o "src/rfid_zynq.o" "../src/rfid_zynq.c"
'Finished building: ../src/rfid_zynq.c'
' '
'Building target: rfid_zynq.elf'
'Invoking: ARM v7 gcc linker'
arm-none-eabi-gcc -mcpu=cortex-a9 -mfpu=vfpv3 -mfloat-abi=hard -Wl,-build-id=none -specs=Xilinx.spec -Wl,-T -Wl,../src/lscript.ld -L../../rfid_zynq_bsp/ps7_cortexa9_0/lib -o "rfid_zynq.elf"  ./src/platform.o ./src/rfid_zynq.o   -Wl,--start-group,-lxil,-lgcc,-lc,--end-group
'Finished building target: rfid_zynq.elf'
' '
'Invoking: ARM v7 Print Size'
arm-none-eabi-size rfid_zynq.elf  |tee "rfid_zynq.elf.size"
   text	   data	    bss	    dec	    hex	filename
  19352	   1144	  22568	  43064	   a838	rfid_zynq.elf
'Finished building: rfid_zynq.elf.size'
' '
16:26:12 **** Auto Build of configuration Debug for project rfid_zynq ****
make pre-build main-build 
a9-linaro-pre-build-step
' '
'Building file: ../src/rfid_zynq.c'
'Invoking: ARM v7 gcc compiler'
arm-none-eabi-gcc -Wall -O0 -g3 -c -fmessage-length=0 -MT"src/rfid_zynq.o" -mcpu=cortex-a9 -mfpu=vfpv3 -mfloat-abi=hard -I../../rfid_zynq_bsp/ps7_cortexa9_0/include -MMD -MP -MF"src/rfid_zynq.d" -MT"src/rfid_zynq.o" -o "src/rfid_zynq.o" "../src/rfid_zynq.c"
'Finished building: ../src/rfid_zynq.c'
' '
'Building target: rfid_zynq.elf'
'Invoking: ARM v7 gcc linker'
arm-none-eabi-gcc -mcpu=cortex-a9 -mfpu=vfpv3 -mfloat-abi=hard -Wl,-build-id=none -specs=Xilinx.spec -Wl,-T -Wl,../src/lscript.ld -L../../rfid_zynq_bsp/ps7_cortexa9_0/lib -o "rfid_zynq.elf"  ./src/platform.o ./src/rfid_zynq.o   -Wl,--start-group,-lxil,-lgcc,-lc,--end-group
'Finished building target: rfid_zynq.elf'
' '
'Invoking: ARM v7 Print Size'
arm-none-eabi-size rfid_zynq.elf  |tee "rfid_zynq.elf.size"
   text	   data	    bss	    dec	    hex	filename
  19352	   1144	  22568	  43064	   a838	rfid_zynq.elf
'Finished building: rfid_zynq.elf.size'
' '
16:26:29 **** Auto Build of configuration Debug for project rfid_zynq ****
make pre-build main-build 
a9-linaro-pre-build-step
' '
'Building file: ../src/rfid_zynq.c'
'Invoking: ARM v7 gcc compiler'
arm-none-eabi-gcc -Wall -O0 -g3 -c -fmessage-length=0 -MT"src/rfid_zynq.o" -mcpu=cortex-a9 -mfpu=vfpv3 -mfloat-abi=hard -I../../rfid_zynq_bsp/ps7_cortexa9_0/include -MMD -MP -MF"src/rfid_zynq.d" -MT"src/rfid_zynq.o" -o "src/rfid_zynq.o" "../src/rfid_zynq.c"
../src/rfid_zynq.c:53:10: fatal error: slepp.h: No such file or directory
 #include "slepp.h"
          ^~~~~~~~~
compilation terminated.
make: *** [src/subdir.mk:26: src/rfid_zynq.o] Error 1
16:26:32 **** Auto Build of configuration Debug for project rfid_zynq ****
make pre-build main-build 
a9-linaro-pre-build-step
' '
'Building file: ../src/rfid_zynq.c'
'Invoking: ARM v7 gcc compiler'
arm-none-eabi-gcc -Wall -O0 -g3 -c -fmessage-length=0 -MT"src/rfid_zynq.o" -mcpu=cortex-a9 -mfpu=vfpv3 -mfloat-abi=hard -I../../rfid_zynq_bsp/ps7_cortexa9_0/include -MMD -MP -MF"src/rfid_zynq.d" -MT"src/rfid_zynq.o" -o "src/rfid_zynq.o" "../src/rfid_zynq.c"
'Finished building: ../src/rfid_zynq.c'
' '
'Building target: rfid_zynq.elf'
'Invoking: ARM v7 gcc linker'
arm-none-eabi-gcc -mcpu=cortex-a9 -mfpu=vfpv3 -mfloat-abi=hard -Wl,-build-id=none -specs=Xilinx.spec -Wl,-T -Wl,../src/lscript.ld -L../../rfid_zynq_bsp/ps7_cortexa9_0/lib -o "rfid_zynq.elf"  ./src/platform.o ./src/rfid_zynq.o   -Wl,--start-group,-lxil,-lgcc,-lc,--end-group
'Finished building target: rfid_zynq.elf'
' '
'Invoking: ARM v7 Print Size'
arm-none-eabi-size rfid_zynq.elf  |tee "rfid_zynq.elf.size"
   text	   data	    bss	    dec	    hex	filename
  19352	   1144	  22568	  43064	   a838	rfid_zynq.elf
'Finished building: rfid_zynq.elf.size'
' '
19:28:04 **** Clean-only build of configuration Debug for project rfid_zynq_bsp_xgpio_example_1 ****
make clean 
rm -rf  ./src/xgpio_example.o  ./src/xgpio_example.d  rfid_zynq_bsp_xgpio_example_1.elf.size  rfid_zynq_bsp_xgpio_example_1.elf
' '
19:28:04 **** Build of configuration Debug for project rfid_zynq_bsp_xgpio_example_1 ****
make pre-build main-build 
a9-linaro-pre-build-step
' '
'Building file: ../src/xgpio_example.c'
'Invoking: ARM v7 gcc compiler'
arm-none-eabi-gcc -Wall -O0 -g3 -c -fmessage-length=0 -MT"src/xgpio_example.o" -mcpu=cortex-a9 -mfpu=vfpv3 -mfloat-abi=hard -I../../rfid_zynq_bsp/ps7_cortexa9_0/include -MMD -MP -MF"src/xgpio_example.d" -MT"src/xgpio_example.o" -o "src/xgpio_example.o" "../src/xgpio_example.c"
'Finished building: ../src/xgpio_example.c'
' '
'Building target: rfid_zynq_bsp_xgpio_example_1.elf'
'Invoking: ARM v7 gcc linker'
arm-none-eabi-gcc -mcpu=cortex-a9 -mfpu=vfpv3 -mfloat-abi=hard -Wl,-build-id=none -specs=Xilinx.spec -Wl,-T -Wl,../src/lscript.ld -L../../rfid_zynq_bsp/ps7_cortexa9_0/lib -o "rfid_zynq_bsp_xgpio_example_1.elf"  ./src/xgpio_example.o   -Wl,--start-group,-lxil,-lgcc,-lc,--end-group
'Finished building target: rfid_zynq_bsp_xgpio_example_1.elf'
' '
'Invoking: ARM v7 Print Size'
arm-none-eabi-size rfid_zynq_bsp_xgpio_example_1.elf  |tee "rfid_zynq_bsp_xgpio_example_1.elf.size"
   text	   data	    bss	    dec	    hex	filename
  23776	   1232	  22600	  47608	   b9f8	rfid_zynq_bsp_xgpio_example_1.elf
'Finished building: rfid_zynq_bsp_xgpio_example_1.elf.size'
' '
19:43:17 **** Clean-only build of configuration Debug for project rfid_zynq ****
make clean 
rm -rf  ./src/platform.o ./src/rfid_zynq.o  ./src/platform.d ./src/rfid_zynq.d  rfid_zynq.elf.size  rfid_zynq.elf
' '
19:43:17 **** Auto Build of configuration Debug for project rfid_zynq ****
make pre-build main-build 
a9-linaro-pre-build-step
' '
'Building file: ../src/platform.c'
'Invoking: ARM v7 gcc compiler'
arm-none-eabi-gcc -Wall -O0 -g3 -c -fmessage-length=0 -MT"src/platform.o" -mcpu=cortex-a9 -mfpu=vfpv3 -mfloat-abi=hard -I../../rfid_zynq_bsp/ps7_cortexa9_0/include -MMD -MP -MF"src/platform.d" -MT"src/platform.o" -o "src/platform.o" "../src/platform.c"
'Finished building: ../src/platform.c'
' '
'Building file: ../src/rfid_zynq.c'
'Invoking: ARM v7 gcc compiler'
arm-none-eabi-gcc -Wall -O0 -g3 -c -fmessage-length=0 -MT"src/rfid_zynq.o" -mcpu=cortex-a9 -mfpu=vfpv3 -mfloat-abi=hard -I../../rfid_zynq_bsp/ps7_cortexa9_0/include -MMD -MP -MF"src/rfid_zynq.d" -MT"src/rfid_zynq.o" -o "src/rfid_zynq.o" "../src/rfid_zynq.c"
'Finished building: ../src/rfid_zynq.c'
' '
'Building target: rfid_zynq.elf'
'Invoking: ARM v7 gcc linker'
arm-none-eabi-gcc -mcpu=cortex-a9 -mfpu=vfpv3 -mfloat-abi=hard -Wl,-build-id=none -specs=Xilinx.spec -Wl,-T -Wl,../src/lscript.ld -L../../rfid_zynq_bsp/ps7_cortexa9_0/lib -o "rfid_zynq.elf"  ./src/platform.o ./src/rfid_zynq.o   -Wl,--start-group,-lxil,-lgcc,-lc,--end-group
'Finished building target: rfid_zynq.elf'
' '
'Invoking: ARM v7 Print Size'
arm-none-eabi-size rfid_zynq.elf  |tee "rfid_zynq.elf.size"
   text	   data	    bss	    dec	    hex	filename
  19352	   1144	  22568	  43064	   a838	rfid_zynq.elf
'Finished building: rfid_zynq.elf.size'
' '
19:43:45 **** Auto Build of configuration Debug for project rfid_zynq ****
make pre-build main-build 
a9-linaro-pre-build-step
' '
make: Nothing to be done for 'main-build'.
19:44:05 **** Clean-only build of configuration Debug for project rfid_zynq ****
make clean 
rm -rf  ./src/platform.o ./src/rfid_zynq.o  ./src/platform.d ./src/rfid_zynq.d  rfid_zynq.elf.size  rfid_zynq.elf
' '
19:44:05 **** Auto Build of configuration Debug for project rfid_zynq ****
make pre-build main-build 
a9-linaro-pre-build-step
' '
'Building file: ../src/platform.c'
'Invoking: ARM v7 gcc compiler'
arm-none-eabi-gcc -Wall -O0 -g3 -c -fmessage-length=0 -MT"src/platform.o" -mcpu=cortex-a9 -mfpu=vfpv3 -mfloat-abi=hard -I../../rfid_zynq_bsp/ps7_cortexa9_0/include -MMD -MP -MF"src/platform.d" -MT"src/platform.o" -o "src/platform.o" "../src/platform.c"
'Finished building: ../src/platform.c'
' '
'Building file: ../src/rfid_zynq.c'
'Invoking: ARM v7 gcc compiler'
arm-none-eabi-gcc -Wall -O0 -g3 -c -fmessage-length=0 -MT"src/rfid_zynq.o" -mcpu=cortex-a9 -mfpu=vfpv3 -mfloat-abi=hard -I../../rfid_zynq_bsp/ps7_cortexa9_0/include -MMD -MP -MF"src/rfid_zynq.d" -MT"src/rfid_zynq.o" -o "src/rfid_zynq.o" "../src/rfid_zynq.c"
'Finished building: ../src/rfid_zynq.c'
' '
'Building target: rfid_zynq.elf'
'Invoking: ARM v7 gcc linker'
arm-none-eabi-gcc -mcpu=cortex-a9 -mfpu=vfpv3 -mfloat-abi=hard -Wl,-build-id=none -specs=Xilinx.spec -Wl,-T -Wl,../src/lscript.ld -L../../rfid_zynq_bsp/ps7_cortexa9_0/lib -o "rfid_zynq.elf"  ./src/platform.o ./src/rfid_zynq.o   -Wl,--start-group,-lxil,-lgcc,-lc,--end-group
'Finished building target: rfid_zynq.elf'
' '
'Invoking: ARM v7 Print Size'
arm-none-eabi-size rfid_zynq.elf  |tee "rfid_zynq.elf.size"
   text	   data	    bss	    dec	    hex	filename
  19352	   1144	  22568	  43064	   a838	rfid_zynq.elf
'Finished building: rfid_zynq.elf.size'
' '
19:44:06 **** Clean-only build of configuration Debug for project rfid_zynq ****
make clean 
rm -rf  ./src/platform.o ./src/rfid_zynq.o  ./src/platform.d ./src/rfid_zynq.d  rfid_zynq.elf.size  rfid_zynq.elf
' '
19:44:06 **** Auto Build of configuration Debug for project rfid_zynq ****
make pre-build main-build 
a9-linaro-pre-build-step
' '
'Building file: ../src/platform.c'
'Invoking: ARM v7 gcc compiler'
arm-none-eabi-gcc -Wall -O0 -g3 -c -fmessage-length=0 -MT"src/platform.o" -mcpu=cortex-a9 -mfpu=vfpv3 -mfloat-abi=hard -I../../rfid_zynq_bsp/ps7_cortexa9_0/include -MMD -MP -MF"src/platform.d" -MT"src/platform.o" -o "src/platform.o" "../src/platform.c"
'Finished building: ../src/platform.c'
' '
'Building file: ../src/rfid_zynq.c'
'Invoking: ARM v7 gcc compiler'
arm-none-eabi-gcc -Wall -O0 -g3 -c -fmessage-length=0 -MT"src/rfid_zynq.o" -mcpu=cortex-a9 -mfpu=vfpv3 -mfloat-abi=hard -I../../rfid_zynq_bsp/ps7_cortexa9_0/include -MMD -MP -MF"src/rfid_zynq.d" -MT"src/rfid_zynq.o" -o "src/rfid_zynq.o" "../src/rfid_zynq.c"
'Finished building: ../src/rfid_zynq.c'
' '
'Building target: rfid_zynq.elf'
'Invoking: ARM v7 gcc linker'
arm-none-eabi-gcc -mcpu=cortex-a9 -mfpu=vfpv3 -mfloat-abi=hard -Wl,-build-id=none -specs=Xilinx.spec -Wl,-T -Wl,../src/lscript.ld -L../../rfid_zynq_bsp/ps7_cortexa9_0/lib -o "rfid_zynq.elf"  ./src/platform.o ./src/rfid_zynq.o   -Wl,--start-group,-lxil,-lgcc,-lc,--end-group
'Finished building target: rfid_zynq.elf'
' '
'Invoking: ARM v7 Print Size'
arm-none-eabi-size rfid_zynq.elf  |tee "rfid_zynq.elf.size"
   text	   data	    bss	    dec	    hex	filename
  19352	   1144	  22568	  43064	   a838	rfid_zynq.elf
'Finished building: rfid_zynq.elf.size'
' '
19:44:23 **** Auto Build of configuration Debug for project rfid_zynq ****
make pre-build main-build 
a9-linaro-pre-build-step
' '
make: Nothing to be done for 'main-build'.
19:44:37 **** Auto Build of configuration Debug for project rfid_zynq ****
make pre-build main-build 
a9-linaro-pre-build-step
' '
make: Nothing to be done for 'main-build'.
19:45:05 **** Auto Build of configuration Debug for project rfid_zynq ****
make pre-build main-build 
a9-linaro-pre-build-step
' '
'Building file: ../src/rc522.c'
'Invoking: ARM v7 gcc compiler'
arm-none-eabi-gcc -Wall -O0 -g3 -c -fmessage-length=0 -MT"src/rc522.o" -mcpu=cortex-a9 -mfpu=vfpv3 -mfloat-abi=hard -I../../rfid_zynq_bsp/ps7_cortexa9_0/include -MMD -MP -MF"src/rc522.d" -MT"src/rc522.o" -o "src/rc522.o" "../src/rc522.c"
'Finished building: ../src/rc522.c'
' '
'Building target: rfid_zynq.elf'
'Invoking: ARM v7 gcc linker'
arm-none-eabi-gcc -mcpu=cortex-a9 -mfpu=vfpv3 -mfloat-abi=hard -Wl,-build-id=none -specs=Xilinx.spec -Wl,-T -Wl,../src/lscript.ld -L../../rfid_zynq_bsp/ps7_cortexa9_0/lib -o "rfid_zynq.elf"  ./src/platform.o ./src/rc522.o ./src/rfid_zynq.o   -Wl,--start-group,-lxil,-lgcc,-lc,--end-group
'Finished building target: rfid_zynq.elf'
' '
'Invoking: ARM v7 Print Size'
arm-none-eabi-size rfid_zynq.elf  |tee "rfid_zynq.elf.size"
   text	   data	    bss	    dec	    hex	filename
  19352	   1144	  22568	  43064	   a838	rfid_zynq.elf
'Finished building: rfid_zynq.elf.size'
' '
19:45:43 **** Auto Build of configuration Debug for project rfid_zynq ****
make pre-build main-build 
a9-linaro-pre-build-step
' '
'Building file: ../src/rc522.c'
'Invoking: ARM v7 gcc compiler'
arm-none-eabi-gcc -Wall -O0 -g3 -c -fmessage-length=0 -MT"src/rc522.o" -mcpu=cortex-a9 -mfpu=vfpv3 -mfloat-abi=hard -I../../rfid_zynq_bsp/ps7_cortexa9_0/include -MMD -MP -MF"src/rc522.d" -MT"src/rc522.o" -o "src/rc522.o" "../src/rc522.c"
../src/rc522.c: In function 'PcdHalt':
../src/rc522.c:333:10: warning: variable 'status' set but not used [-Wunused-but-set-variable]
     char status;
          ^~~~~~
../src/rc522.c: In function 'PcdReset':
../src/rc522.c:376:5: error: 'MF522_RST' undeclared (first use in this function); did you mean 'MF522_SDA'?
     MF522_RST=1;
     ^~~~~~~~~
     MF522_SDA
../src/rc522.c:376:5: note: each undeclared identifier is reported only once for each function it appears in
../src/rc522.c: In function 'ReadRawRC':
../src/rc522.c:412:6: error: 'MF522_SCK' undeclared (first use in this function); did you mean 'MF522_SDA'?
      MF522_SCK = 0;
      ^~~~~~~~~
      MF522_SDA
In file included from ../src/rc522.c:2:0:
../src/rfid_zynq.h:11:20: error: expected expression before '=' token
 #define MF522_SDA  = XPAR_AXI_GPIO_4_BASEADDR;
                    ^
../src/rc522.c:413:6: note: in expansion of macro 'MF522_SDA'
      MF522_SDA = 0;
      ^~~~~~~~~
../src/rfid_zynq.h:11:22: error: 'XPAR_AXI_GPIO_4_BASEADDR' undeclared (first use in this function)
 #define MF522_SDA  = XPAR_AXI_GPIO_4_BASEADDR;
                      ^
../src/rc522.c:413:6: note: in expansion of macro 'MF522_SDA'
      MF522_SDA = 0;
      ^~~~~~~~~
../src/rc522.c:413:16: error: expected expression before '=' token
      MF522_SDA = 0;
                ^
../src/rc522.c:418:10: error: 'MF522_MOSI' undeclared (first use in this function); did you mean 'MF522_SCK'?
          MF522_MOSI = ((ucAddr&0x80)==0x80);
          ^~~~~~~~~~
          MF522_SCK
../src/rc522.c:428:21: error: 'bit' undeclared (first use in this function)
          ucResult|=(bit)MF522_MISO;
                     ^~~
../src/rc522.c:428:25: error: expected ';' before 'MF522_MISO'
          ucResult|=(bit)MF522_MISO;
                         ^~~~~~~~~~
In file included from ../src/rc522.c:2:0:
../src/rfid_zynq.h:11:20: error: expected expression before '=' token
 #define MF522_SDA  = XPAR_AXI_GPIO_4_BASEADDR;
                    ^
../src/rc522.c:432:6: note: in expansion of macro 'MF522_SDA'
      MF522_SDA = 1;
      ^~~~~~~~~
../src/rc522.c:432:16: error: expected expression before '=' token
      MF522_SDA = 1;
                ^
../src/rc522.c: In function 'WriteRawRC':
../src/rc522.c:446:5: error: 'MF522_SCK' undeclared (first use in this function); did you mean 'MF522_SDA'?
     MF522_SCK = 0;
     ^~~~~~~~~
     MF522_SDA
In file included from ../src/rc522.c:2:0:
../src/rfid_zynq.h:11:20: error: expected expression before '=' token
 #define MF522_SDA  = XPAR_AXI_GPIO_4_BASEADDR;
                    ^
../src/rc522.c:447:5: note: in expansion of macro 'MF522_SDA'
     MF522_SDA = 0;
     ^~~~~~~~~
../src/rfid_zynq.h:11:22: error: 'XPAR_AXI_GPIO_4_BASEADDR' undeclared (first use in this function)
 #define MF522_SDA  = XPAR_AXI_GPIO_4_BASEADDR;
                      ^
../src/rc522.c:447:5: note: in expansion of macro 'MF522_SDA'
     MF522_SDA = 0;
     ^~~~~~~~~
../src/rc522.c:447:15: error: expected expression before '=' token
     MF522_SDA = 0;
               ^
../src/rc522.c:452:9: error: 'MF522_MOSI' undeclared (first use in this function); did you mean 'MF522_SCK'?
         MF522_MOSI = ((ucAddr&0x80)==0x80);
         ^~~~~~~~~~
         MF522_SCK
In file included from ../src/rc522.c:2:0:
../src/rfid_zynq.h:11:20: error: expected expression before '=' token
 #define MF522_SDA  = XPAR_AXI_GPIO_4_BASEADDR;
                    ^
../src/rc522.c:465:5: note: in expansion of macro 'MF522_SDA'
     MF522_SDA = 1;
     ^~~~~~~~~
../src/rc522.c:465:15: error: expected expression before '=' token
     MF522_SDA = 1;
               ^
make: *** [src/subdir.mk:29: src/rc522.o] Error 1
19:48:03 **** Auto Build of configuration Debug for project rfid_zynq ****
make pre-build main-build 
a9-linaro-pre-build-step
' '
'Building file: ../src/rc522.c'
'Invoking: ARM v7 gcc compiler'
arm-none-eabi-gcc -Wall -O0 -g3 -c -fmessage-length=0 -MT"src/rc522.o" -mcpu=cortex-a9 -mfpu=vfpv3 -mfloat-abi=hard -I../../rfid_zynq_bsp/ps7_cortexa9_0/include -MMD -MP -MF"src/rc522.d" -MT"src/rc522.o" -o "src/rc522.o" "../src/rc522.c"
../src/rc522.c: In function 'PcdHalt':
../src/rc522.c:333:10: warning: variable 'status' set but not used [-Wunused-but-set-variable]
     char status;
          ^~~~~~
../src/rc522.c: In function 'PcdReset':
../src/rc522.c:376:5: error: 'MF522_RST' undeclared (first use in this function); did you mean 'MF522_SDA'?
     MF522_RST=1;
     ^~~~~~~~~
     MF522_SDA
../src/rc522.c:376:5: note: each undeclared identifier is reported only once for each function it appears in
../src/rc522.c: In function 'ReadRawRC':
../src/rc522.c:412:6: error: 'MF522_SCK' undeclared (first use in this function); did you mean 'MF522_SDA'?
      MF522_SCK = 0;
      ^~~~~~~~~
      MF522_SDA
../src/rc522.c:413:16: error: lvalue required as left operand of assignment
      MF522_SDA = 0;
                ^
../src/rc522.c:418:10: error: 'MF522_MOSI' undeclared (first use in this function); did you mean 'MF522_SCK'?
          MF522_MOSI = ((ucAddr&0x80)==0x80);
          ^~~~~~~~~~
          MF522_SCK
../src/rc522.c:428:21: error: 'bit' undeclared (first use in this function)
          ucResult|=(bit)MF522_MISO;
                     ^~~
../src/rc522.c:428:25: error: expected ';' before 'MF522_MISO'
          ucResult|=(bit)MF522_MISO;
                         ^~~~~~~~~~
../src/rc522.c:432:16: error: lvalue required as left operand of assignment
      MF522_SDA = 1;
                ^
../src/rc522.c: In function 'WriteRawRC':
../src/rc522.c:446:5: error: 'MF522_SCK' undeclared (first use in this function); did you mean 'MF522_SDA'?
     MF522_SCK = 0;
     ^~~~~~~~~
     MF522_SDA
../src/rc522.c:447:15: error: lvalue required as left operand of assignment
     MF522_SDA = 0;
               ^
../src/rc522.c:452:9: error: 'MF522_MOSI' undeclared (first use in this function); did you mean 'MF522_SCK'?
         MF522_MOSI = ((ucAddr&0x80)==0x80);
         ^~~~~~~~~~
         MF522_SCK
../src/rc522.c:465:15: error: lvalue required as left operand of assignment
     MF522_SDA = 1;
               ^
make: *** [src/subdir.mk:29: src/rc522.o] Error 1
19:49:44 **** Auto Build of configuration Debug for project rfid_zynq ****
make pre-build main-build 
a9-linaro-pre-build-step
' '
'Building file: ../src/rc522.c'
'Invoking: ARM v7 gcc compiler'
arm-none-eabi-gcc -Wall -O0 -g3 -c -fmessage-length=0 -MT"src/rc522.o" -mcpu=cortex-a9 -mfpu=vfpv3 -mfloat-abi=hard -I../../rfid_zynq_bsp/ps7_cortexa9_0/include -MMD -MP -MF"src/rc522.d" -MT"src/rc522.o" -o "src/rc522.o" "../src/rc522.c"
../src/rc522.c: In function 'PcdHalt':
../src/rc522.c:333:10: warning: variable 'status' set but not used [-Wunused-but-set-variable]
     char status;
          ^~~~~~
../src/rc522.c: In function 'PcdReset':
../src/rc522.c:376:14: error: lvalue required as left operand of assignment
     MF522_RST=1;
              ^
../src/rc522.c:380:14: error: lvalue required as left operand of assignment
     MF522_RST=0;
              ^
../src/rc522.c:384:14: error: lvalue required as left operand of assignment
     MF522_RST=1;
              ^
../src/rc522.c: In function 'ReadRawRC':
../src/rc522.c:412:16: error: lvalue required as left operand of assignment
      MF522_SCK = 0;
                ^
../src/rc522.c:413:16: error: lvalue required as left operand of assignment
      MF522_SDA = 0;
                ^
../src/rc522.c:418:21: error: lvalue required as left operand of assignment
          MF522_MOSI = ((ucAddr&0x80)==0x80);
                     ^
../src/rc522.c:419:20: error: lvalue required as left operand of assignment
          MF522_SCK = 1;
                    ^
../src/rc522.c:421:20: error: lvalue required as left operand of assignment
          MF522_SCK = 0;
                    ^
../src/rc522.c:426:20: error: lvalue required as left operand of assignment
          MF522_SCK = 1;
                    ^
../src/rc522.c:428:21: error: 'bit' undeclared (first use in this function)
          ucResult|=(bit)MF522_MISO;
                     ^~~
../src/rc522.c:428:21: note: each undeclared identifier is reported only once for each function it appears in
In file included from ../src/rc522.c:2:0:
../src/rfid_zynq.h:11:20: error: expected ';' before numeric constant
 #define MF522_MISO 0
                    ^
../src/rc522.c:428:25: note: in expansion of macro 'MF522_MISO'
          ucResult|=(bit)MF522_MISO;
                         ^~~~~~~~~~
../src/rc522.c:429:20: error: lvalue required as left operand of assignment
          MF522_SCK = 0;
                    ^
../src/rc522.c:432:16: error: lvalue required as left operand of assignment
      MF522_SDA = 1;
                ^
../src/rc522.c:433:16: error: lvalue required as left operand of assignment
      MF522_SCK = 1;
                ^
../src/rc522.c: In function 'WriteRawRC':
../src/rc522.c:446:15: error: lvalue required as left operand of assignment
     MF522_SCK = 0;
               ^
../src/rc522.c:447:15: error: lvalue required as left operand of assignment
     MF522_SDA = 0;
               ^
../src/rc522.c:452:20: error: lvalue required as left operand of assignment
         MF522_MOSI = ((ucAddr&0x80)==0x80);
                    ^
../src/rc522.c:453:19: error: lvalue required as left operand of assignment
         MF522_SCK = 1;
                   ^
../src/rc522.c:455:19: error: lvalue required as left operand of assignment
         MF522_SCK = 0;
                   ^
../src/rc522.c:460:20: error: lvalue required as left operand of assignment
         MF522_MOSI = ((value&0x80)==0x80);
                    ^
../src/rc522.c:461:19: error: lvalue required as left operand of assignment
         MF522_SCK = 1;
                   ^
../src/rc522.c:463:19: error: lvalue required as left operand of assignment
         MF522_SCK = 0;
                   ^
../src/rc522.c:465:15: error: lvalue required as left operand of assignment
     MF522_SDA = 1;
               ^
../src/rc522.c:466:15: error: lvalue required as left operand of assignment
     MF522_SCK = 1;
               ^
make: *** [src/subdir.mk:29: src/rc522.o] Error 1
19:51:06 **** Auto Build of configuration Debug for project rfid_zynq ****
make pre-build main-build 
a9-linaro-pre-build-step
' '
'Building file: ../src/rc522.c'
'Invoking: ARM v7 gcc compiler'
arm-none-eabi-gcc -Wall -O0 -g3 -c -fmessage-length=0 -MT"src/rc522.o" -mcpu=cortex-a9 -mfpu=vfpv3 -mfloat-abi=hard -I../../rfid_zynq_bsp/ps7_cortexa9_0/include -MMD -MP -MF"src/rc522.d" -MT"src/rc522.o" -o "src/rc522.o" "../src/rc522.c"
../src/rc522.c: In function 'PcdHalt':
../src/rc522.c:333:10: warning: variable 'status' set but not used [-Wunused-but-set-variable]
     char status;
          ^~~~~~
../src/rc522.c: In function 'PcdReset':
../src/rc522.c:376:14: error: lvalue required as left operand of assignment
     MF522_RST=1;
              ^
../src/rc522.c:380:14: error: lvalue required as left operand of assignment
     MF522_RST=0;
              ^
../src/rc522.c:384:14: error: lvalue required as left operand of assignment
     MF522_RST=1;
              ^
../src/rc522.c: In function 'ReadRawRC':
../src/rc522.c:412:16: error: lvalue required as left operand of assignment
      MF522_SCK = 0;
                ^
../src/rc522.c:413:16: error: lvalue required as left operand of assignment
      MF522_SDA = 0;
                ^
../src/rc522.c:418:21: error: lvalue required as left operand of assignment
          MF522_MOSI = ((ucAddr&0x80)==0x80);
                     ^
../src/rc522.c:419:20: error: lvalue required as left operand of assignment
          MF522_SCK = 1;
                    ^
../src/rc522.c:421:20: error: lvalue required as left operand of assignment
          MF522_SCK = 0;
                    ^
../src/rc522.c:426:20: error: lvalue required as left operand of assignment
          MF522_SCK = 1;
                    ^
../src/rc522.c:428:21: error: 'bit' undeclared (first use in this function)
          ucResult|=(bit)MF522_MISO;
                     ^~~
../src/rc522.c:428:21: note: each undeclared identifier is reported only once for each function it appears in
In file included from ../src/rc522.c:2:0:
../src/rfid_zynq.h:11:20: error: expected ';' before numeric constant
 #define MF522_MISO 0
                    ^
../src/rc522.c:428:25: note: in expansion of macro 'MF522_MISO'
          ucResult|=(bit)MF522_MISO;
                         ^~~~~~~~~~
../src/rc522.c:429:20: error: lvalue required as left operand of assignment
          MF522_SCK = 0;
                    ^
../src/rc522.c:432:16: error: lvalue required as left operand of assignment
      MF522_SDA = 1;
                ^
../src/rc522.c:433:16: error: lvalue required as left operand of assignment
      MF522_SCK = 1;
                ^
../src/rc522.c: In function 'WriteRawRC':
../src/rc522.c:446:15: error: lvalue required as left operand of assignment
     MF522_SCK = 0;
               ^
../src/rc522.c:447:15: error: lvalue required as left operand of assignment
     MF522_SDA = 0;
               ^
../src/rc522.c:452:20: error: lvalue required as left operand of assignment
         MF522_MOSI = ((ucAddr&0x80)==0x80);
                    ^
../src/rc522.c:453:19: error: lvalue required as left operand of assignment
         MF522_SCK = 1;
                   ^
../src/rc522.c:455:19: error: lvalue required as left operand of assignment
         MF522_SCK = 0;
                   ^
../src/rc522.c:460:20: error: lvalue required as left operand of assignment
         MF522_MOSI = ((value&0x80)==0x80);
                    ^
../src/rc522.c:461:19: error: lvalue required as left operand of assignment
         MF522_SCK = 1;
                   ^
../src/rc522.c:463:19: error: lvalue required as left operand of assignment
         MF522_SCK = 0;
                   ^
../src/rc522.c:465:15: error: lvalue required as left operand of assignment
     MF522_SDA = 1;
               ^
../src/rc522.c:466:15: error: lvalue required as left operand of assignment
     MF522_SCK = 1;
               ^
make: *** [src/subdir.mk:29: src/rc522.o] Error 1
19:51:39 **** Auto Build of configuration Debug for project rfid_zynq ****
make pre-build main-build 
a9-linaro-pre-build-step
' '
'Building file: ../src/rc522.c'
'Invoking: ARM v7 gcc compiler'
arm-none-eabi-gcc -Wall -O0 -g3 -c -fmessage-length=0 -MT"src/rc522.o" -mcpu=cortex-a9 -mfpu=vfpv3 -mfloat-abi=hard -I../../rfid_zynq_bsp/ps7_cortexa9_0/include -MMD -MP -MF"src/rc522.d" -MT"src/rc522.o" -o "src/rc522.o" "../src/rc522.c"
../src/rc522.c: In function 'PcdHalt':
../src/rc522.c:333:10: warning: variable 'status' set but not used [-Wunused-but-set-variable]
     char status;
          ^~~~~~
../src/rc522.c: In function 'PcdReset':
../src/rc522.c:376:14: error: lvalue required as left operand of assignment
     MF522_RST=1;
              ^
../src/rc522.c:380:14: error: lvalue required as left operand of assignment
     MF522_RST=0;
              ^
../src/rc522.c:384:14: error: lvalue required as left operand of assignment
     MF522_RST=1;
              ^
../src/rc522.c: In function 'ReadRawRC':
../src/rc522.c:412:16: error: lvalue required as left operand of assignment
      MF522_SCK = 0;
                ^
../src/rc522.c:413:16: error: lvalue required as left operand of assignment
      MF522_SDA = 0;
                ^
../src/rc522.c:418:21: error: lvalue required as left operand of assignment
          MF522_MOSI = ((ucAddr&0x80)==0x80);
                     ^
../src/rc522.c:419:20: error: lvalue required as left operand of assignment
          MF522_SCK = 1;
                    ^
../src/rc522.c:421:20: error: lvalue required as left operand of assignment
          MF522_SCK = 0;
                    ^
../src/rc522.c:426:20: error: lvalue required as left operand of assignment
          MF522_SCK = 1;
                    ^
../src/rc522.c:428:21: error: 'bit' undeclared (first use in this function)
          ucResult|=(bit)MF522_MISO;
                     ^~~
../src/rc522.c:428:21: note: each undeclared identifier is reported only once for each function it appears in
../src/rc522.c:428:25: error: expected ';' before 'MF522_MISO'
          ucResult|=(bit)MF522_MISO;
                         ^~~~~~~~~~
../src/rc522.c:429:20: error: lvalue required as left operand of assignment
          MF522_SCK = 0;
                    ^
../src/rc522.c:432:16: error: lvalue required as left operand of assignment
      MF522_SDA = 1;
                ^
../src/rc522.c:433:16: error: lvalue required as left operand of assignment
      MF522_SCK = 1;
                ^
../src/rc522.c: In function 'WriteRawRC':
../src/rc522.c:446:15: error: lvalue required as left operand of assignment
     MF522_SCK = 0;
               ^
../src/rc522.c:447:15: error: lvalue required as left operand of assignment
     MF522_SDA = 0;
               ^
../src/rc522.c:452:20: error: lvalue required as left operand of assignment
         MF522_MOSI = ((ucAddr&0x80)==0x80);
                    ^
../src/rc522.c:453:19: error: lvalue required as left operand of assignment
         MF522_SCK = 1;
                   ^
../src/rc522.c:455:19: error: lvalue required as left operand of assignment
         MF522_SCK = 0;
                   ^
../src/rc522.c:460:20: error: lvalue required as left operand of assignment
         MF522_MOSI = ((value&0x80)==0x80);
                    ^
../src/rc522.c:461:19: error: lvalue required as left operand of assignment
         MF522_SCK = 1;
                   ^
../src/rc522.c:463:19: error: lvalue required as left operand of assignment
         MF522_SCK = 0;
                   ^
../src/rc522.c:465:15: error: lvalue required as left operand of assignment
     MF522_SDA = 1;
               ^
../src/rc522.c:466:15: error: lvalue required as left operand of assignment
     MF522_SCK = 1;
               ^
make: *** [src/subdir.mk:29: src/rc522.o] Error 1
19:51:53 **** Auto Build of configuration Debug for project rfid_zynq ****
make pre-build main-build 
a9-linaro-pre-build-step
' '
'Building file: ../src/rc522.c'
'Invoking: ARM v7 gcc compiler'
arm-none-eabi-gcc -Wall -O0 -g3 -c -fmessage-length=0 -MT"src/rc522.o" -mcpu=cortex-a9 -mfpu=vfpv3 -mfloat-abi=hard -I../../rfid_zynq_bsp/ps7_cortexa9_0/include -MMD -MP -MF"src/rc522.d" -MT"src/rc522.o" -o "src/rc522.o" "../src/rc522.c"
../src/rc522.c: In function 'PcdHalt':
../src/rc522.c:333:10: warning: variable 'status' set but not used [-Wunused-but-set-variable]
     char status;
          ^~~~~~
../src/rc522.c: In function 'PcdReset':
../src/rc522.c:376:14: error: lvalue required as left operand of assignment
     MF522_RST=1;
              ^
../src/rc522.c:380:14: error: lvalue required as left operand of assignment
     MF522_RST=0;
              ^
../src/rc522.c:384:14: error: lvalue required as left operand of assignment
     MF522_RST=1;
              ^
../src/rc522.c: In function 'ReadRawRC':
../src/rc522.c:412:16: error: lvalue required as left operand of assignment
      MF522_SCK = 0;
                ^
../src/rc522.c:413:16: error: lvalue required as left operand of assignment
      MF522_SDA = 0;
                ^
../src/rc522.c:418:21: error: lvalue required as left operand of assignment
          MF522_MOSI = ((ucAddr&0x80)==0x80);
                     ^
../src/rc522.c:419:20: error: lvalue required as left operand of assignment
          MF522_SCK = 1;
                    ^
../src/rc522.c:421:20: error: lvalue required as left operand of assignment
          MF522_SCK = 0;
                    ^
../src/rc522.c:426:20: error: lvalue required as left operand of assignment
          MF522_SCK = 1;
                    ^
../src/rc522.c:428:21: error: 'bit' undeclared (first use in this function)
          ucResult|=(bit)MF522_MISO;
                     ^~~
../src/rc522.c:428:21: note: each undeclared identifier is reported only once for each function it appears in
In file included from ../src/rc522.c:2:0:
../src/rfid_zynq.h:11:20: error: expected ';' before numeric constant
 #define MF522_MISO 0
                    ^
../src/rc522.c:428:25: note: in expansion of macro 'MF522_MISO'
          ucResult|=(bit)MF522_MISO;
                         ^~~~~~~~~~
../src/rc522.c:429:20: error: lvalue required as left operand of assignment
          MF522_SCK = 0;
                    ^
../src/rc522.c:432:16: error: lvalue required as left operand of assignment
      MF522_SDA = 1;
                ^
../src/rc522.c:433:16: error: lvalue required as left operand of assignment
      MF522_SCK = 1;
                ^
../src/rc522.c: In function 'WriteRawRC':
../src/rc522.c:446:15: error: lvalue required as left operand of assignment
     MF522_SCK = 0;
               ^
../src/rc522.c:447:15: error: lvalue required as left operand of assignment
     MF522_SDA = 0;
               ^
../src/rc522.c:452:20: error: lvalue required as left operand of assignment
         MF522_MOSI = ((ucAddr&0x80)==0x80);
                    ^
../src/rc522.c:453:19: error: lvalue required as left operand of assignment
         MF522_SCK = 1;
                   ^
../src/rc522.c:455:19: error: lvalue required as left operand of assignment
         MF522_SCK = 0;
                   ^
../src/rc522.c:460:20: error: lvalue required as left operand of assignment
         MF522_MOSI = ((value&0x80)==0x80);
                    ^
../src/rc522.c:461:19: error: lvalue required as left operand of assignment
         MF522_SCK = 1;
                   ^
../src/rc522.c:463:19: error: lvalue required as left operand of assignment
         MF522_SCK = 0;
                   ^
../src/rc522.c:465:15: error: lvalue required as left operand of assignment
     MF522_SDA = 1;
               ^
../src/rc522.c:466:15: error: lvalue required as left operand of assignment
     MF522_SCK = 1;
               ^
make: *** [src/subdir.mk:29: src/rc522.o] Error 1
19:52:03 **** Auto Build of configuration Debug for project rfid_zynq ****
make pre-build main-build 
a9-linaro-pre-build-step
' '
'Building file: ../src/rc522.c'
'Invoking: ARM v7 gcc compiler'
arm-none-eabi-gcc -Wall -O0 -g3 -c -fmessage-length=0 -MT"src/rc522.o" -mcpu=cortex-a9 -mfpu=vfpv3 -mfloat-abi=hard -I../../rfid_zynq_bsp/ps7_cortexa9_0/include -MMD -MP -MF"src/rc522.d" -MT"src/rc522.o" -o "src/rc522.o" "../src/rc522.c"
../src/rc522.c: In function 'PcdHalt':
../src/rc522.c:333:10: warning: variable 'status' set but not used [-Wunused-but-set-variable]
     char status;
          ^~~~~~
../src/rc522.c: In function 'PcdReset':
../src/rc522.c:376:14: error: lvalue required as left operand of assignment
     MF522_RST=1;
              ^
../src/rc522.c:380:14: error: lvalue required as left operand of assignment
     MF522_RST=0;
              ^
../src/rc522.c:384:14: error: lvalue required as left operand of assignment
     MF522_RST=1;
              ^
../src/rc522.c: In function 'ReadRawRC':
../src/rc522.c:412:16: error: lvalue required as left operand of assignment
      MF522_SCK = 0;
                ^
../src/rc522.c:413:16: error: lvalue required as left operand of assignment
      MF522_SDA = 0;
                ^
../src/rc522.c:418:21: error: lvalue required as left operand of assignment
          MF522_MOSI = ((ucAddr&0x80)==0x80);
                     ^
../src/rc522.c:419:20: error: lvalue required as left operand of assignment
          MF522_SCK = 1;
                    ^
../src/rc522.c:421:20: error: lvalue required as left operand of assignment
          MF522_SCK = 0;
                    ^
../src/rc522.c:426:20: error: lvalue required as left operand of assignment
          MF522_SCK = 1;
                    ^
../src/rc522.c:428:21: error: 'bit' undeclared (first use in this function)
          ucResult|=(bit)MF522_MISO;
                     ^~~
../src/rc522.c:428:21: note: each undeclared identifier is reported only once for each function it appears in
../src/rc522.c:428:25: error: expected ';' before 'MF522_MISO'
          ucResult|=(bit)MF522_MISO;
                         ^~~~~~~~~~
../src/rc522.c:429:20: error: lvalue required as left operand of assignment
          MF522_SCK = 0;
                    ^
../src/rc522.c:432:16: error: lvalue required as left operand of assignment
      MF522_SDA = 1;
                ^
../src/rc522.c:433:16: error: lvalue required as left operand of assignment
      MF522_SCK = 1;
                ^
../src/rc522.c: In function 'WriteRawRC':
../src/rc522.c:446:15: error: lvalue required as left operand of assignment
     MF522_SCK = 0;
               ^
../src/rc522.c:447:15: error: lvalue required as left operand of assignment
     MF522_SDA = 0;
               ^
../src/rc522.c:452:20: error: lvalue required as left operand of assignment
         MF522_MOSI = ((ucAddr&0x80)==0x80);
                    ^
../src/rc522.c:453:19: error: lvalue required as left operand of assignment
         MF522_SCK = 1;
                   ^
../src/rc522.c:455:19: error: lvalue required as left operand of assignment
         MF522_SCK = 0;
                   ^
../src/rc522.c:460:20: error: lvalue required as left operand of assignment
         MF522_MOSI = ((value&0x80)==0x80);
                    ^
../src/rc522.c:461:19: error: lvalue required as left operand of assignment
         MF522_SCK = 1;
                   ^
../src/rc522.c:463:19: error: lvalue required as left operand of assignment
         MF522_SCK = 0;
                   ^
../src/rc522.c:465:15: error: lvalue required as left operand of assignment
     MF522_SDA = 1;
               ^
../src/rc522.c:466:15: error: lvalue required as left operand of assignment
     MF522_SCK = 1;
               ^
make: *** [src/subdir.mk:29: src/rc522.o] Error 1
19:52:13 **** Auto Build of configuration Debug for project rfid_zynq ****
make pre-build main-build 
a9-linaro-pre-build-step
' '
'Building file: ../src/rc522.c'
'Invoking: ARM v7 gcc compiler'
arm-none-eabi-gcc -Wall -O0 -g3 -c -fmessage-length=0 -MT"src/rc522.o" -mcpu=cortex-a9 -mfpu=vfpv3 -mfloat-abi=hard -I../../rfid_zynq_bsp/ps7_cortexa9_0/include -MMD -MP -MF"src/rc522.d" -MT"src/rc522.o" -o "src/rc522.o" "../src/rc522.c"
In file included from ../src/rc522.c:2:0:
../src/rfid_zynq.h:12:0: warning: "MF522_RST" redefined
 #define MF522_RST  1
 
../src/rfid_zynq.h:11:0: note: this is the location of the previous definition
 #define MF522_RST  0
 
../src/rc522.c: In function 'PcdHalt':
../src/rc522.c:333:10: warning: variable 'status' set but not used [-Wunused-but-set-variable]
     char status;
          ^~~~~~
../src/rc522.c: In function 'PcdReset':
../src/rc522.c:376:14: error: lvalue required as left operand of assignment
     MF522_RST=1;
              ^
../src/rc522.c:380:14: error: lvalue required as left operand of assignment
     MF522_RST=0;
              ^
../src/rc522.c:384:14: error: lvalue required as left operand of assignment
     MF522_RST=1;
              ^
../src/rc522.c: In function 'ReadRawRC':
../src/rc522.c:412:16: error: lvalue required as left operand of assignment
      MF522_SCK = 0;
                ^
../src/rc522.c:413:16: error: lvalue required as left operand of assignment
      MF522_SDA = 0;
                ^
../src/rc522.c:418:21: error: lvalue required as left operand of assignment
          MF522_MOSI = ((ucAddr&0x80)==0x80);
                     ^
../src/rc522.c:419:20: error: lvalue required as left operand of assignment
          MF522_SCK = 1;
                    ^
../src/rc522.c:421:20: error: lvalue required as left operand of assignment
          MF522_SCK = 0;
                    ^
../src/rc522.c:426:20: error: lvalue required as left operand of assignment
          MF522_SCK = 1;
                    ^
../src/rc522.c:428:21: error: 'bit' undeclared (first use in this function)
          ucResult|=(bit)MF522_MISO;
                     ^~~
../src/rc522.c:428:21: note: each undeclared identifier is reported only once for each function it appears in
../src/rc522.c:428:25: error: expected ';' before 'MF522_MISO'
          ucResult|=(bit)MF522_MISO;
                         ^~~~~~~~~~
../src/rc522.c:429:20: error: lvalue required as left operand of assignment
          MF522_SCK = 0;
                    ^
../src/rc522.c:432:16: error: lvalue required as left operand of assignment
      MF522_SDA = 1;
                ^
../src/rc522.c:433:16: error: lvalue required as left operand of assignment
      MF522_SCK = 1;
                ^
../src/rc522.c: In function 'WriteRawRC':
../src/rc522.c:446:15: error: lvalue required as left operand of assignment
     MF522_SCK = 0;
               ^
../src/rc522.c:447:15: error: lvalue required as left operand of assignment
     MF522_SDA = 0;
               ^
../src/rc522.c:452:20: error: lvalue required as left operand of assignment
         MF522_MOSI = ((ucAddr&0x80)==0x80);
                    ^
../src/rc522.c:453:19: error: lvalue required as left operand of assignment
         MF522_SCK = 1;
                   ^
../src/rc522.c:455:19: error: lvalue required as left operand of assignment
         MF522_SCK = 0;
                   ^
../src/rc522.c:460:20: error: lvalue required as left operand of assignment
         MF522_MOSI = ((value&0x80)==0x80);
                    ^
../src/rc522.c:461:19: error: lvalue required as left operand of assignment
         MF522_SCK = 1;
                   ^
../src/rc522.c:463:19: error: lvalue required as left operand of assignment
         MF522_SCK = 0;
                   ^
../src/rc522.c:465:15: error: lvalue required as left operand of assignment
     MF522_SDA = 1;
               ^
../src/rc522.c:466:15: error: lvalue required as left operand of assignment
     MF522_SCK = 1;
               ^
make: *** [src/subdir.mk:29: src/rc522.o] Error 1
19:52:18 **** Auto Build of configuration Debug for project rfid_zynq ****
make pre-build main-build 
a9-linaro-pre-build-step
' '
'Building file: ../src/rc522.c'
'Invoking: ARM v7 gcc compiler'
arm-none-eabi-gcc -Wall -O0 -g3 -c -fmessage-length=0 -MT"src/rc522.o" -mcpu=cortex-a9 -mfpu=vfpv3 -mfloat-abi=hard -I../../rfid_zynq_bsp/ps7_cortexa9_0/include -MMD -MP -MF"src/rc522.d" -MT"src/rc522.o" -o "src/rc522.o" "../src/rc522.c"
../src/rc522.c: In function 'PcdHalt':
../src/rc522.c:333:10: warning: variable 'status' set but not used [-Wunused-but-set-variable]
     char status;
          ^~~~~~
../src/rc522.c: In function 'PcdReset':
../src/rc522.c:376:14: error: lvalue required as left operand of assignment
     MF522_RST=1;
              ^
../src/rc522.c:380:14: error: lvalue required as left operand of assignment
     MF522_RST=0;
              ^
../src/rc522.c:384:14: error: lvalue required as left operand of assignment
     MF522_RST=1;
              ^
../src/rc522.c: In function 'ReadRawRC':
../src/rc522.c:412:16: error: lvalue required as left operand of assignment
      MF522_SCK = 0;
                ^
../src/rc522.c:413:16: error: lvalue required as left operand of assignment
      MF522_SDA = 0;
                ^
../src/rc522.c:418:21: error: lvalue required as left operand of assignment
          MF522_MOSI = ((ucAddr&0x80)==0x80);
                     ^
../src/rc522.c:419:20: error: lvalue required as left operand of assignment
          MF522_SCK = 1;
                    ^
../src/rc522.c:421:20: error: lvalue required as left operand of assignment
          MF522_SCK = 0;
                    ^
../src/rc522.c:426:20: error: lvalue required as left operand of assignment
          MF522_SCK = 1;
                    ^
../src/rc522.c:428:21: error: 'bit' undeclared (first use in this function)
          ucResult|=(bit)MF522_MISO;
                     ^~~
../src/rc522.c:428:21: note: each undeclared identifier is reported only once for each function it appears in
In file included from ../src/rc522.c:2:0:
../src/rfid_zynq.h:11:21: error: expected ';' before numeric constant
 #define MF522_MISO  0
                     ^
../src/rc522.c:428:25: note: in expansion of macro 'MF522_MISO'
          ucResult|=(bit)MF522_MISO;
                         ^~~~~~~~~~
../src/rc522.c:429:20: error: lvalue required as left operand of assignment
          MF522_SCK = 0;
                    ^
../src/rc522.c:432:16: error: lvalue required as left operand of assignment
      MF522_SDA = 1;
                ^
../src/rc522.c:433:16: error: lvalue required as left operand of assignment
      MF522_SCK = 1;
                ^
../src/rc522.c: In function 'WriteRawRC':
../src/rc522.c:446:15: error: lvalue required as left operand of assignment
     MF522_SCK = 0;
               ^
../src/rc522.c:447:15: error: lvalue required as left operand of assignment
     MF522_SDA = 0;
               ^
../src/rc522.c:452:20: error: lvalue required as left operand of assignment
         MF522_MOSI = ((ucAddr&0x80)==0x80);
                    ^
../src/rc522.c:453:19: error: lvalue required as left operand of assignment
         MF522_SCK = 1;
                   ^
../src/rc522.c:455:19: error: lvalue required as left operand of assignment
         MF522_SCK = 0;
                   ^
../src/rc522.c:460:20: error: lvalue required as left operand of assignment
         MF522_MOSI = ((value&0x80)==0x80);
                    ^
../src/rc522.c:461:19: error: lvalue required as left operand of assignment
         MF522_SCK = 1;
                   ^
../src/rc522.c:463:19: error: lvalue required as left operand of assignment
         MF522_SCK = 0;
                   ^
../src/rc522.c:465:15: error: lvalue required as left operand of assignment
     MF522_SDA = 1;
               ^
../src/rc522.c:466:15: error: lvalue required as left operand of assignment
     MF522_SCK = 1;
               ^
make: *** [src/subdir.mk:29: src/rc522.o] Error 1
19:52:44 **** Auto Build of configuration Debug for project rfid_zynq ****
make pre-build main-build 
a9-linaro-pre-build-step
' '
'Building file: ../src/rc522.c'
'Invoking: ARM v7 gcc compiler'
arm-none-eabi-gcc -Wall -O0 -g3 -c -fmessage-length=0 -MT"src/rc522.o" -mcpu=cortex-a9 -mfpu=vfpv3 -mfloat-abi=hard -I../../rfid_zynq_bsp/ps7_cortexa9_0/include -MMD -MP -MF"src/rc522.d" -MT"src/rc522.o" -o "src/rc522.o" "../src/rc522.c"
In file included from ../src/rc522.c:2:0:
../src/rfid_zynq.h:11:19: warning: ISO C99 requires whitespace after the macro name
 #define MF522_MISO;  0
                   ^
../src/rc522.c: In function 'PcdHalt':
../src/rc522.c:333:10: warning: variable 'status' set but not used [-Wunused-but-set-variable]
     char status;
          ^~~~~~
../src/rc522.c: In function 'PcdReset':
../src/rc522.c:376:14: error: lvalue required as left operand of assignment
     MF522_RST=1;
              ^
../src/rc522.c:380:14: error: lvalue required as left operand of assignment
     MF522_RST=0;
              ^
../src/rc522.c:384:14: error: lvalue required as left operand of assignment
     MF522_RST=1;
              ^
../src/rc522.c: In function 'ReadRawRC':
../src/rc522.c:412:16: error: lvalue required as left operand of assignment
      MF522_SCK = 0;
                ^
../src/rc522.c:413:16: error: lvalue required as left operand of assignment
      MF522_SDA = 0;
                ^
../src/rc522.c:418:21: error: lvalue required as left operand of assignment
          MF522_MOSI = ((ucAddr&0x80)==0x80);
                     ^
../src/rc522.c:419:20: error: lvalue required as left operand of assignment
          MF522_SCK = 1;
                    ^
../src/rc522.c:421:20: error: lvalue required as left operand of assignment
          MF522_SCK = 0;
                    ^
../src/rc522.c:426:20: error: lvalue required as left operand of assignment
          MF522_SCK = 1;
                    ^
../src/rc522.c:428:21: error: 'bit' undeclared (first use in this function)
          ucResult|=(bit)MF522_MISO;
                     ^~~
../src/rc522.c:428:21: note: each undeclared identifier is reported only once for each function it appears in
In file included from ../src/rc522.c:2:0:
../src/rfid_zynq.h:11:22: warning: statement with no effect [-Wunused-value]
 #define MF522_MISO;  0
                      ^
../src/rc522.c:428:25: note: in expansion of macro 'MF522_MISO'
          ucResult|=(bit)MF522_MISO;
                         ^~~~~~~~~~
../src/rc522.c:429:20: error: lvalue required as left operand of assignment
          MF522_SCK = 0;
                    ^
../src/rc522.c:432:16: error: lvalue required as left operand of assignment
      MF522_SDA = 1;
                ^
../src/rc522.c:433:16: error: lvalue required as left operand of assignment
      MF522_SCK = 1;
                ^
../src/rc522.c: In function 'WriteRawRC':
../src/rc522.c:446:15: error: lvalue required as left operand of assignment
     MF522_SCK = 0;
               ^
../src/rc522.c:447:15: error: lvalue required as left operand of assignment
     MF522_SDA = 0;
               ^
../src/rc522.c:452:20: error: lvalue required as left operand of assignment
         MF522_MOSI = ((ucAddr&0x80)==0x80);
                    ^
../src/rc522.c:453:19: error: lvalue required as left operand of assignment
         MF522_SCK = 1;
                   ^
../src/rc522.c:455:19: error: lvalue required as left operand of assignment
         MF522_SCK = 0;
                   ^
../src/rc522.c:460:20: error: lvalue required as left operand of assignment
         MF522_MOSI = ((value&0x80)==0x80);
                    ^
../src/rc522.c:461:19: error: lvalue required as left operand of assignment
         MF522_SCK = 1;
                   ^
../src/rc522.c:463:19: error: lvalue required as left operand of assignment
         MF522_SCK = 0;
                   ^
../src/rc522.c:465:15: error: lvalue required as left operand of assignment
     MF522_SDA = 1;
               ^
../src/rc522.c:466:15: error: lvalue required as left operand of assignment
     MF522_SCK = 1;
               ^
make: *** [src/subdir.mk:29: src/rc522.o] Error 1
19:52:55 **** Auto Build of configuration Debug for project rfid_zynq ****
make pre-build main-build 
a9-linaro-pre-build-step
' '
'Building file: ../src/rc522.c'
'Invoking: ARM v7 gcc compiler'
arm-none-eabi-gcc -Wall -O0 -g3 -c -fmessage-length=0 -MT"src/rc522.o" -mcpu=cortex-a9 -mfpu=vfpv3 -mfloat-abi=hard -I../../rfid_zynq_bsp/ps7_cortexa9_0/include -MMD -MP -MF"src/rc522.d" -MT"src/rc522.o" -o "src/rc522.o" "../src/rc522.c"
../src/rc522.c: In function 'PcdHalt':
../src/rc522.c:333:10: warning: variable 'status' set but not used [-Wunused-but-set-variable]
     char status;
          ^~~~~~
../src/rc522.c: In function 'PcdReset':
../src/rc522.c:376:14: error: lvalue required as left operand of assignment
     MF522_RST=1;
              ^
../src/rc522.c:380:14: error: lvalue required as left operand of assignment
     MF522_RST=0;
              ^
../src/rc522.c:384:14: error: lvalue required as left operand of assignment
     MF522_RST=1;
              ^
../src/rc522.c: In function 'ReadRawRC':
../src/rc522.c:412:16: error: lvalue required as left operand of assignment
      MF522_SCK = 0;
                ^
../src/rc522.c:413:16: error: lvalue required as left operand of assignment
      MF522_SDA = 0;
                ^
../src/rc522.c:418:21: error: lvalue required as left operand of assignment
          MF522_MOSI = ((ucAddr&0x80)==0x80);
                     ^
../src/rc522.c:419:20: error: lvalue required as left operand of assignment
          MF522_SCK = 1;
                    ^
../src/rc522.c:421:20: error: lvalue required as left operand of assignment
          MF522_SCK = 0;
                    ^
../src/rc522.c:426:20: error: lvalue required as left operand of assignment
          MF522_SCK = 1;
                    ^
../src/rc522.c:428:21: error: 'bit' undeclared (first use in this function)
          ucResult|=(bit)MF522_MISO;
                     ^~~
../src/rc522.c:428:21: note: each undeclared identifier is reported only once for each function it appears in
In file included from ../src/rc522.c:2:0:
../src/rfid_zynq.h:11:20: error: expected ';' before numeric constant
 #define MF522_MISO 0
                    ^
../src/rc522.c:428:25: note: in expansion of macro 'MF522_MISO'
          ucResult|=(bit)MF522_MISO;
                         ^~~~~~~~~~
../src/rc522.c:429:20: error: lvalue required as left operand of assignment
          MF522_SCK = 0;
                    ^
../src/rc522.c:432:16: error: lvalue required as left operand of assignment
      MF522_SDA = 1;
                ^
../src/rc522.c:433:16: error: lvalue required as left operand of assignment
      MF522_SCK = 1;
                ^
../src/rc522.c: In function 'WriteRawRC':
../src/rc522.c:446:15: error: lvalue required as left operand of assignment
     MF522_SCK = 0;
               ^
../src/rc522.c:447:15: error: lvalue required as left operand of assignment
     MF522_SDA = 0;
               ^
../src/rc522.c:452:20: error: lvalue required as left operand of assignment
         MF522_MOSI = ((ucAddr&0x80)==0x80);
                    ^
../src/rc522.c:453:19: error: lvalue required as left operand of assignment
         MF522_SCK = 1;
                   ^
../src/rc522.c:455:19: error: lvalue required as left operand of assignment
         MF522_SCK = 0;
                   ^
../src/rc522.c:460:20: error: lvalue required as left operand of assignment
         MF522_MOSI = ((value&0x80)==0x80);
                    ^
../src/rc522.c:461:19: error: lvalue required as left operand of assignment
         MF522_SCK = 1;
                   ^
../src/rc522.c:463:19: error: lvalue required as left operand of assignment
         MF522_SCK = 0;
                   ^
../src/rc522.c:465:15: error: lvalue required as left operand of assignment
     MF522_SDA = 1;
               ^
../src/rc522.c:466:15: error: lvalue required as left operand of assignment
     MF522_SCK = 1;
               ^
make: *** [src/subdir.mk:29: src/rc522.o] Error 1
19:53:04 **** Auto Build of configuration Debug for project rfid_zynq ****
make pre-build main-build 
a9-linaro-pre-build-step
' '
'Building file: ../src/rc522.c'
'Invoking: ARM v7 gcc compiler'
arm-none-eabi-gcc -Wall -O0 -g3 -c -fmessage-length=0 -MT"src/rc522.o" -mcpu=cortex-a9 -mfpu=vfpv3 -mfloat-abi=hard -I../../rfid_zynq_bsp/ps7_cortexa9_0/include -MMD -MP -MF"src/rc522.d" -MT"src/rc522.o" -o "src/rc522.o" "../src/rc522.c"
../src/rc522.c: In function 'PcdHalt':
../src/rc522.c:333:10: warning: variable 'status' set but not used [-Wunused-but-set-variable]
     char status;
          ^~~~~~
../src/rc522.c: In function 'PcdReset':
../src/rc522.c:376:14: error: lvalue required as left operand of assignment
     MF522_RST=1;
              ^
../src/rc522.c:380:14: error: lvalue required as left operand of assignment
     MF522_RST=0;
              ^
../src/rc522.c:384:14: error: lvalue required as left operand of assignment
     MF522_RST=1;
              ^
../src/rc522.c: In function 'ReadRawRC':
../src/rc522.c:412:16: error: lvalue required as left operand of assignment
      MF522_SCK = 0;
                ^
../src/rc522.c:413:16: error: lvalue required as left operand of assignment
      MF522_SDA = 0;
                ^
../src/rc522.c:418:21: error: lvalue required as left operand of assignment
          MF522_MOSI = ((ucAddr&0x80)==0x80);
                     ^
../src/rc522.c:419:20: error: lvalue required as left operand of assignment
          MF522_SCK = 1;
                    ^
../src/rc522.c:421:20: error: lvalue required as left operand of assignment
          MF522_SCK = 0;
                    ^
../src/rc522.c:426:20: error: lvalue required as left operand of assignment
          MF522_SCK = 1;
                    ^
../src/rc522.c:428:21: error: 'bit' undeclared (first use in this function)
          ucResult|=(bit)MF522_MISO;
                     ^~~
../src/rc522.c:428:21: note: each undeclared identifier is reported only once for each function it appears in
In file included from ../src/rc522.c:2:0:
../src/rfid_zynq.h:11:21: error: expected ';' before numeric constant
 #define MF522_MISO  0
                     ^
../src/rc522.c:428:25: note: in expansion of macro 'MF522_MISO'
          ucResult|=(bit)MF522_MISO;
                         ^~~~~~~~~~
../src/rc522.c:429:20: error: lvalue required as left operand of assignment
          MF522_SCK = 0;
                    ^
../src/rc522.c:432:16: error: lvalue required as left operand of assignment
      MF522_SDA = 1;
                ^
../src/rc522.c:433:16: error: lvalue required as left operand of assignment
      MF522_SCK = 1;
                ^
../src/rc522.c: In function 'WriteRawRC':
../src/rc522.c:446:15: error: lvalue required as left operand of assignment
     MF522_SCK = 0;
               ^
../src/rc522.c:447:15: error: lvalue required as left operand of assignment
     MF522_SDA = 0;
               ^
../src/rc522.c:452:20: error: lvalue required as left operand of assignment
         MF522_MOSI = ((ucAddr&0x80)==0x80);
                    ^
../src/rc522.c:453:19: error: lvalue required as left operand of assignment
         MF522_SCK = 1;
                   ^
../src/rc522.c:455:19: error: lvalue required as left operand of assignment
         MF522_SCK = 0;
                   ^
../src/rc522.c:460:20: error: lvalue required as left operand of assignment
         MF522_MOSI = ((value&0x80)==0x80);
                    ^
../src/rc522.c:461:19: error: lvalue required as left operand of assignment
         MF522_SCK = 1;
                   ^
../src/rc522.c:463:19: error: lvalue required as left operand of assignment
         MF522_SCK = 0;
                   ^
../src/rc522.c:465:15: error: lvalue required as left operand of assignment
     MF522_SDA = 1;
               ^
../src/rc522.c:466:15: error: lvalue required as left operand of assignment
     MF522_SCK = 1;
               ^
make: *** [src/subdir.mk:29: src/rc522.o] Error 1
19:53:08 **** Auto Build of configuration Debug for project rfid_zynq ****
make pre-build main-build 
a9-linaro-pre-build-step
' '
'Building file: ../src/rc522.c'
'Invoking: ARM v7 gcc compiler'
arm-none-eabi-gcc -Wall -O0 -g3 -c -fmessage-length=0 -MT"src/rc522.o" -mcpu=cortex-a9 -mfpu=vfpv3 -mfloat-abi=hard -I../../rfid_zynq_bsp/ps7_cortexa9_0/include -MMD -MP -MF"src/rc522.d" -MT"src/rc522.o" -o "src/rc522.o" "../src/rc522.c"
../src/rc522.c: In function 'PcdHalt':
../src/rc522.c:333:10: warning: variable 'status' set but not used [-Wunused-but-set-variable]
     char status;
          ^~~~~~
../src/rc522.c: In function 'PcdReset':
../src/rc522.c:376:14: error: lvalue required as left operand of assignment
     MF522_RST=1;
              ^
../src/rc522.c:380:14: error: lvalue required as left operand of assignment
     MF522_RST=0;
              ^
../src/rc522.c:384:14: error: lvalue required as left operand of assignment
     MF522_RST=1;
              ^
../src/rc522.c: In function 'ReadRawRC':
../src/rc522.c:412:16: error: lvalue required as left operand of assignment
      MF522_SCK = 0;
                ^
../src/rc522.c:413:16: error: lvalue required as left operand of assignment
      MF522_SDA = 0;
                ^
../src/rc522.c:418:21: error: lvalue required as left operand of assignment
          MF522_MOSI = ((ucAddr&0x80)==0x80);
                     ^
../src/rc522.c:419:20: error: lvalue required as left operand of assignment
          MF522_SCK = 1;
                    ^
../src/rc522.c:421:20: error: lvalue required as left operand of assignment
          MF522_SCK = 0;
                    ^
../src/rc522.c:426:20: error: lvalue required as left operand of assignment
          MF522_SCK = 1;
                    ^
../src/rc522.c:428:21: error: 'bit' undeclared (first use in this function)
          ucResult|=(bit)MF522_MISO;
                     ^~~
../src/rc522.c:428:21: note: each undeclared identifier is reported only once for each function it appears in
In file included from ../src/rc522.c:2:0:
../src/rfid_zynq.h:11:22: error: expected ';' before numeric constant
 #define MF522_MISO   0
                      ^
../src/rc522.c:428:25: note: in expansion of macro 'MF522_MISO'
          ucResult|=(bit)MF522_MISO;
                         ^~~~~~~~~~
../src/rc522.c:429:20: error: lvalue required as left operand of assignment
          MF522_SCK = 0;
                    ^
../src/rc522.c:432:16: error: lvalue required as left operand of assignment
      MF522_SDA = 1;
                ^
../src/rc522.c:433:16: error: lvalue required as left operand of assignment
      MF522_SCK = 1;
                ^
../src/rc522.c: In function 'WriteRawRC':
../src/rc522.c:446:15: error: lvalue required as left operand of assignment
     MF522_SCK = 0;
               ^
../src/rc522.c:447:15: error: lvalue required as left operand of assignment
     MF522_SDA = 0;
               ^
../src/rc522.c:452:20: error: lvalue required as left operand of assignment
         MF522_MOSI = ((ucAddr&0x80)==0x80);
                    ^
../src/rc522.c:453:19: error: lvalue required as left operand of assignment
         MF522_SCK = 1;
                   ^
../src/rc522.c:455:19: error: lvalue required as left operand of assignment
         MF522_SCK = 0;
                   ^
../src/rc522.c:460:20: error: lvalue required as left operand of assignment
         MF522_MOSI = ((value&0x80)==0x80);
                    ^
../src/rc522.c:461:19: error: lvalue required as left operand of assignment
         MF522_SCK = 1;
                   ^
../src/rc522.c:463:19: error: lvalue required as left operand of assignment
         MF522_SCK = 0;
                   ^
../src/rc522.c:465:15: error: lvalue required as left operand of assignment
     MF522_SDA = 1;
               ^
../src/rc522.c:466:15: error: lvalue required as left operand of assignment
     MF522_SCK = 1;
               ^
make: *** [src/subdir.mk:29: src/rc522.o] Error 1
19:53:20 **** Auto Build of configuration Debug for project rfid_zynq ****
make pre-build main-build 
a9-linaro-pre-build-step
' '
'Building file: ../src/rc522.c'
'Invoking: ARM v7 gcc compiler'
arm-none-eabi-gcc -Wall -O0 -g3 -c -fmessage-length=0 -MT"src/rc522.o" -mcpu=cortex-a9 -mfpu=vfpv3 -mfloat-abi=hard -I../../rfid_zynq_bsp/ps7_cortexa9_0/include -MMD -MP -MF"src/rc522.d" -MT"src/rc522.o" -o "src/rc522.o" "../src/rc522.c"
../src/rc522.c: In function 'PcdHalt':
../src/rc522.c:333:10: warning: variable 'status' set but not used [-Wunused-but-set-variable]
     char status;
          ^~~~~~
../src/rc522.c: In function 'PcdReset':
[...]
'Finished building target: rfid_zynq.elf'
' '
'Invoking: ARM v7 Print Size'
arm-none-eabi-size rfid_zynq.elf  |tee "rfid_zynq.elf.size"
   text	   data	    bss	    dec	    hex	filename
  79752	   2688	  23440	 105880	  19d98	rfid_zynq.elf
'Finished building: rfid_zynq.elf.size'
' '
21:57:04 **** Auto Build of configuration Debug for project rfid_zynq ****
make pre-build main-build 
a9-linaro-pre-build-step
' '
'Building file: ../src/rc522.c'
'Invoking: ARM v7 gcc compiler'
arm-none-eabi-gcc -Wall -O0 -g3 -c -fmessage-length=0 -MT"src/rc522.o" -mcpu=cortex-a9 -mfpu=vfpv3 -mfloat-abi=hard -I../../rfid_zynq_bsp/ps7_cortexa9_0/include -MMD -MP -MF"src/rc522.d" -MT"src/rc522.o" -o "src/rc522.o" "../src/rc522.c"
../src/rc522.c: In function 'PcdHalt':
../src/rc522.c:336:10: warning: variable 'status' set but not used [-Wunused-but-set-variable]
     char status;
          ^~~~~~
'Finished building: ../src/rc522.c'
' '
'Building target: rfid_zynq.elf'
'Invoking: ARM v7 gcc linker'
arm-none-eabi-gcc -mcpu=cortex-a9 -mfpu=vfpv3 -mfloat-abi=hard -Wl,-build-id=none -specs=Xilinx.spec -Wl,-T -Wl,../src/lscript.ld -L../../rfid_zynq_bsp/ps7_cortexa9_0/lib -o "rfid_zynq.elf"  ./src/platform.o ./src/rc522.o ./src/rfid_zynq.o   -Wl,--start-group,-lxil,-lgcc,-lc,--end-group
'Finished building target: rfid_zynq.elf'
' '
'Invoking: ARM v7 Print Size'
arm-none-eabi-size rfid_zynq.elf  |tee "rfid_zynq.elf.size"
   text	   data	    bss	    dec	    hex	filename
  79752	   2688	  23440	 105880	  19d98	rfid_zynq.elf
'Finished building: rfid_zynq.elf.size'
' '
21:57:20 **** Auto Build of configuration Debug for project rfid_zynq ****
make pre-build main-build 
a9-linaro-pre-build-step
' '
'Building file: ../src/rc522.c'
'Invoking: ARM v7 gcc compiler'
arm-none-eabi-gcc -Wall -O0 -g3 -c -fmessage-length=0 -MT"src/rc522.o" -mcpu=cortex-a9 -mfpu=vfpv3 -mfloat-abi=hard -I../../rfid_zynq_bsp/ps7_cortexa9_0/include -MMD -MP -MF"src/rc522.d" -MT"src/rc522.o" -o "src/rc522.o" "../src/rc522.c"
../src/rc522.c: In function 'PcdHalt':
../src/rc522.c:336:10: warning: variable 'status' set but not used [-Wunused-but-set-variable]
     char status;
          ^~~~~~
'Finished building: ../src/rc522.c'
' '
'Building target: rfid_zynq.elf'
'Invoking: ARM v7 gcc linker'
arm-none-eabi-gcc -mcpu=cortex-a9 -mfpu=vfpv3 -mfloat-abi=hard -Wl,-build-id=none -specs=Xilinx.spec -Wl,-T -Wl,../src/lscript.ld -L../../rfid_zynq_bsp/ps7_cortexa9_0/lib -o "rfid_zynq.elf"  ./src/platform.o ./src/rc522.o ./src/rfid_zynq.o   -Wl,--start-group,-lxil,-lgcc,-lc,--end-group
'Finished building target: rfid_zynq.elf'
' '
'Invoking: ARM v7 Print Size'
arm-none-eabi-size rfid_zynq.elf  |tee "rfid_zynq.elf.size"
   text	   data	    bss	    dec	    hex	filename
  79752	   2688	  23440	 105880	  19d98	rfid_zynq.elf
'Finished building: rfid_zynq.elf.size'
' '
21:57:25 **** Auto Build of configuration Debug for project rfid_zynq ****
make pre-build main-build 
a9-linaro-pre-build-step
' '
'Building file: ../src/rc522.c'
'Invoking: ARM v7 gcc compiler'
arm-none-eabi-gcc -Wall -O0 -g3 -c -fmessage-length=0 -MT"src/rc522.o" -mcpu=cortex-a9 -mfpu=vfpv3 -mfloat-abi=hard -I../../rfid_zynq_bsp/ps7_cortexa9_0/include -MMD -MP -MF"src/rc522.d" -MT"src/rc522.o" -o "src/rc522.o" "../src/rc522.c"
../src/rc522.c: In function 'PcdHalt':
../src/rc522.c:336:10: warning: variable 'status' set but not used [-Wunused-but-set-variable]
     char status;
          ^~~~~~
'Finished building: ../src/rc522.c'
' '
'Building target: rfid_zynq.elf'
'Invoking: ARM v7 gcc linker'
arm-none-eabi-gcc -mcpu=cortex-a9 -mfpu=vfpv3 -mfloat-abi=hard -Wl,-build-id=none -specs=Xilinx.spec -Wl,-T -Wl,../src/lscript.ld -L../../rfid_zynq_bsp/ps7_cortexa9_0/lib -o "rfid_zynq.elf"  ./src/platform.o ./src/rc522.o ./src/rfid_zynq.o   -Wl,--start-group,-lxil,-lgcc,-lc,--end-group
'Finished building target: rfid_zynq.elf'
' '
'Invoking: ARM v7 Print Size'
arm-none-eabi-size rfid_zynq.elf  |tee "rfid_zynq.elf.size"
   text	   data	    bss	    dec	    hex	filename
  79752	   2688	  23440	 105880	  19d98	rfid_zynq.elf
'Finished building: rfid_zynq.elf.size'
' '
23:33:44 **** Incremental Build of configuration Debug for project rfid_zynq ****
make pre-build main-build 
a9-linaro-pre-build-step
' '
make: Nothing to be done for 'main-build'.
23:34:15 **** Auto Build of configuration Debug for project rfid_zynq ****
make pre-build main-build 
a9-linaro-pre-build-step
' '
'Building file: ../src/rfid_zynq.c'
'Invoking: ARM v7 gcc compiler'
arm-none-eabi-gcc -Wall -O0 -g3 -c -fmessage-length=0 -MT"src/rfid_zynq.o" -mcpu=cortex-a9 -mfpu=vfpv3 -mfloat-abi=hard -I../../rfid_zynq_bsp/ps7_cortexa9_0/include -MMD -MP -MF"src/rfid_zynq.d" -MT"src/rfid_zynq.o" -o "src/rfid_zynq.o" "../src/rfid_zynq.c"
'Finished building: ../src/rfid_zynq.c'
' '
'Building target: rfid_zynq.elf'
'Invoking: ARM v7 gcc linker'
arm-none-eabi-gcc -mcpu=cortex-a9 -mfpu=vfpv3 -mfloat-abi=hard -Wl,-build-id=none -specs=Xilinx.spec -Wl,-T -Wl,../src/lscript.ld -L../../rfid_zynq_bsp/ps7_cortexa9_0/lib -o "rfid_zynq.elf"  ./src/platform.o ./src/rc522.o ./src/rfid_zynq.o   -Wl,--start-group,-lxil,-lgcc,-lc,--end-group
'Finished building target: rfid_zynq.elf'
' '
'Invoking: ARM v7 Print Size'
arm-none-eabi-size rfid_zynq.elf  |tee "rfid_zynq.elf.size"
   text	   data	    bss	    dec	    hex	filename
  79752	   2688	  23440	 105880	  19d98	rfid_zynq.elf
'Finished building: rfid_zynq.elf.size'
' '
23:34:21 **** Incremental Build of configuration Debug for project rfid_zynq ****
make pre-build main-build 
a9-linaro-pre-build-step
' '
make: Nothing to be done for 'main-build'.
10:49:16 **** Auto Build of configuration Debug for project rfid_zynq ****
make pre-build main-build 
a9-linaro-pre-build-step
' '
'Building file: ../src/rc522.c'
'Invoking: ARM v7 gcc compiler'
arm-none-eabi-gcc -Wall -O0 -g3 -c -fmessage-length=0 -MT"src/rc522.o" -mcpu=cortex-a9 -mfpu=vfpv3 -mfloat-abi=hard -I../../rfid_zynq_bsp/ps7_cortexa9_0/include -MMD -MP -MF"src/rc522.d" -MT"src/rc522.o" -o "src/rc522.o" "../src/rc522.c"
../src/rc522.c: In function 'PcdHalt':
../src/rc522.c:336:10: warning: variable 'status' set but not used [-Wunused-but-set-variable]
     char status;
          ^~~~~~
../src/rc522.c: In function 'ReadRawRC':
../src/rc522.c:425:6: error: stray '\343' in program
      、�?�usleep(1);
      ^
../src/rc522.c:425:7: error: stray '\200' in program
      、�?�usleep(1);
       ^
../src/rc522.c:425:8: error: stray '\201' in program
      、�?�usleep(1);
        ^
../src/rc522.c:425:9: error: stray '\343' in program
      、�?�usleep(1);
         ^
../src/rc522.c:425:10: error: stray '\200' in program
      、�?�usleep(1);
          ^
../src/rc522.c:425:11: error: stray '\201' in program
      、�?�usleep(1);
           ^
make: *** [src/subdir.mk:29: src/rc522.o] Error 1
10:49:18 **** Auto Build of configuration Debug for project rfid_zynq ****
make pre-build main-build 
a9-linaro-pre-build-step
' '
'Building file: ../src/rc522.c'
'Invoking: ARM v7 gcc compiler'
arm-none-eabi-gcc -Wall -O0 -g3 -c -fmessage-length=0 -MT"src/rc522.o" -mcpu=cortex-a9 -mfpu=vfpv3 -mfloat-abi=hard -I../../rfid_zynq_bsp/ps7_cortexa9_0/include -MMD -MP -MF"src/rc522.d" -MT"src/rc522.o" -o "src/rc522.o" "../src/rc522.c"
../src/rc522.c: In function 'PcdHalt':
../src/rc522.c:336:10: warning: variable 'status' set but not used [-Wunused-but-set-variable]
     char status;
          ^~~~~~
'Finished building: ../src/rc522.c'
' '
'Building target: rfid_zynq.elf'
'Invoking: ARM v7 gcc linker'
arm-none-eabi-gcc -mcpu=cortex-a9 -mfpu=vfpv3 -mfloat-abi=hard -Wl,-build-id=none -specs=Xilinx.spec -Wl,-T -Wl,../src/lscript.ld -L../../rfid_zynq_bsp/ps7_cortexa9_0/lib -o "rfid_zynq.elf"  ./src/platform.o ./src/rc522.o ./src/rfid_zynq.o   -Wl,--start-group,-lxil,-lgcc,-lc,--end-group
'Finished building target: rfid_zynq.elf'
' '
'Invoking: ARM v7 Print Size'
arm-none-eabi-size rfid_zynq.elf  |tee "rfid_zynq.elf.size"
   text	   data	    bss	    dec	    hex	filename
  79752	   2688	  23440	 105880	  19d98	rfid_zynq.elf
'Finished building: rfid_zynq.elf.size'
' '
10:49:36 **** Auto Build of configuration Debug for project rfid_zynq ****
make pre-build main-build 
a9-linaro-pre-build-step
' '
'Building file: ../src/rc522.c'
'Invoking: ARM v7 gcc compiler'
arm-none-eabi-gcc -Wall -O0 -g3 -c -fmessage-length=0 -MT"src/rc522.o" -mcpu=cortex-a9 -mfpu=vfpv3 -mfloat-abi=hard -I../../rfid_zynq_bsp/ps7_cortexa9_0/include -MMD -MP -MF"src/rc522.d" -MT"src/rc522.o" -o "src/rc522.o" "../src/rc522.c"
../src/rc522.c: In function 'PcdHalt':
../src/rc522.c:336:10: warning: variable 'status' set but not used [-Wunused-but-set-variable]
     char status;
          ^~~~~~
'Finished building: ../src/rc522.c'
' '
'Building target: rfid_zynq.elf'
'Invoking: ARM v7 gcc linker'
arm-none-eabi-gcc -mcpu=cortex-a9 -mfpu=vfpv3 -mfloat-abi=hard -Wl,-build-id=none -specs=Xilinx.spec -Wl,-T -Wl,../src/lscript.ld -L../../rfid_zynq_bsp/ps7_cortexa9_0/lib -o "rfid_zynq.elf"  ./src/platform.o ./src/rc522.o ./src/rfid_zynq.o   -Wl,--start-group,-lxil,-lgcc,-lc,--end-group
'Finished building target: rfid_zynq.elf'
' '
'Invoking: ARM v7 Print Size'
arm-none-eabi-size rfid_zynq.elf  |tee "rfid_zynq.elf.size"
   text	   data	    bss	    dec	    hex	filename
  79688	   2688	  23440	 105816	  19d58	rfid_zynq.elf
'Finished building: rfid_zynq.elf.size'
' '
10:49:47 **** Auto Build of configuration Debug for project rfid_zynq ****
make pre-build main-build 
a9-linaro-pre-build-step
' '
'Building file: ../src/rc522.c'
'Invoking: ARM v7 gcc compiler'
arm-none-eabi-gcc -Wall -O0 -g3 -c -fmessage-length=0 -MT"src/rc522.o" -mcpu=cortex-a9 -mfpu=vfpv3 -mfloat-abi=hard -I../../rfid_zynq_bsp/ps7_cortexa9_0/include -MMD -MP -MF"src/rc522.d" -MT"src/rc522.o" -o "src/rc522.o" "../src/rc522.c"
../src/rc522.c: In function 'PcdHalt':
../src/rc522.c:336:10: warning: variable 'status' set but not used [-Wunused-but-set-variable]
     char status;
          ^~~~~~
'Finished building: ../src/rc522.c'
' '
'Building target: rfid_zynq.elf'
'Invoking: ARM v7 gcc linker'
arm-none-eabi-gcc -mcpu=cortex-a9 -mfpu=vfpv3 -mfloat-abi=hard -Wl,-build-id=none -specs=Xilinx.spec -Wl,-T -Wl,../src/lscript.ld -L../../rfid_zynq_bsp/ps7_cortexa9_0/lib -o "rfid_zynq.elf"  ./src/platform.o ./src/rc522.o ./src/rfid_zynq.o   -Wl,--start-group,-lxil,-lgcc,-lc,--end-group
'Finished building target: rfid_zynq.elf'
' '
'Invoking: ARM v7 Print Size'
arm-none-eabi-size rfid_zynq.elf  |tee "rfid_zynq.elf.size"
   text	   data	    bss	    dec	    hex	filename
  79688	   2688	  23440	 105816	  19d58	rfid_zynq.elf
'Finished building: rfid_zynq.elf.size'
' '
10:49:52 **** Auto Build of configuration Debug for project rfid_zynq ****
make pre-build main-build 
a9-linaro-pre-build-step
' '
'Building file: ../src/rc522.c'
'Invoking: ARM v7 gcc compiler'
arm-none-eabi-gcc -Wall -O0 -g3 -c -fmessage-length=0 -MT"src/rc522.o" -mcpu=cortex-a9 -mfpu=vfpv3 -mfloat-abi=hard -I../../rfid_zynq_bsp/ps7_cortexa9_0/include -MMD -MP -MF"src/rc522.d" -MT"src/rc522.o" -o "src/rc522.o" "../src/rc522.c"
../src/rc522.c: In function 'PcdHalt':
../src/rc522.c:336:10: warning: variable 'status' set but not used [-Wunused-but-set-variable]
     char status;
          ^~~~~~
'Finished building: ../src/rc522.c'
' '
'Building target: rfid_zynq.elf'
'Invoking: ARM v7 gcc linker'
arm-none-eabi-gcc -mcpu=cortex-a9 -mfpu=vfpv3 -mfloat-abi=hard -Wl,-build-id=none -specs=Xilinx.spec -Wl,-T -Wl,../src/lscript.ld -L../../rfid_zynq_bsp/ps7_cortexa9_0/lib -o "rfid_zynq.elf"  ./src/platform.o ./src/rc522.o ./src/rfid_zynq.o   -Wl,--start-group,-lxil,-lgcc,-lc,--end-group
'Finished building target: rfid_zynq.elf'
' '
'Invoking: ARM v7 Print Size'
arm-none-eabi-size rfid_zynq.elf  |tee "rfid_zynq.elf.size"
   text	   data	    bss	    dec	    hex	filename
  79688	   2688	  23440	 105816	  19d58	rfid_zynq.elf
'Finished building: rfid_zynq.elf.size'
' '
10:49:58 **** Auto Build of configuration Debug for project rfid_zynq ****
make pre-build main-build 
a9-linaro-pre-build-step
' '
'Building file: ../src/rc522.c'
'Invoking: ARM v7 gcc compiler'
arm-none-eabi-gcc -Wall -O0 -g3 -c -fmessage-length=0 -MT"src/rc522.o" -mcpu=cortex-a9 -mfpu=vfpv3 -mfloat-abi=hard -I../../rfid_zynq_bsp/ps7_cortexa9_0/include -MMD -MP -MF"src/rc522.d" -MT"src/rc522.o" -o "src/rc522.o" "../src/rc522.c"
../src/rc522.c: In function 'PcdHalt':
../src/rc522.c:336:10: warning: variable 'status' set but not used [-Wunused-but-set-variable]
     char status;
          ^~~~~~
'Finished building: ../src/rc522.c'
' '
'Building target: rfid_zynq.elf'
'Invoking: ARM v7 gcc linker'
arm-none-eabi-gcc -mcpu=cortex-a9 -mfpu=vfpv3 -mfloat-abi=hard -Wl,-build-id=none -specs=Xilinx.spec -Wl,-T -Wl,../src/lscript.ld -L../../rfid_zynq_bsp/ps7_cortexa9_0/lib -o "rfid_zynq.elf"  ./src/platform.o ./src/rc522.o ./src/rfid_zynq.o   -Wl,--start-group,-lxil,-lgcc,-lc,--end-group
'Finished building target: rfid_zynq.elf'
' '
'Invoking: ARM v7 Print Size'
arm-none-eabi-size rfid_zynq.elf  |tee "rfid_zynq.elf.size"
   text	   data	    bss	    dec	    hex	filename
  79688	   2688	  23440	 105816	  19d58	rfid_zynq.elf
'Finished building: rfid_zynq.elf.size'
' '
10:50:02 **** Auto Build of configuration Debug for project rfid_zynq ****
make pre-build main-build 
a9-linaro-pre-build-step
' '
'Building file: ../src/rc522.c'
'Invoking: ARM v7 gcc compiler'
arm-none-eabi-gcc -Wall -O0 -g3 -c -fmessage-length=0 -MT"src/rc522.o" -mcpu=cortex-a9 -mfpu=vfpv3 -mfloat-abi=hard -I../../rfid_zynq_bsp/ps7_cortexa9_0/include -MMD -MP -MF"src/rc522.d" -MT"src/rc522.o" -o "src/rc522.o" "../src/rc522.c"
../src/rc522.c: In function 'PcdHalt':
../src/rc522.c:336:10: warning: variable 'status' set but not used [-Wunused-but-set-variable]
     char status;
          ^~~~~~
'Finished building: ../src/rc522.c'
' '
'Building target: rfid_zynq.elf'
'Invoking: ARM v7 gcc linker'
arm-none-eabi-gcc -mcpu=cortex-a9 -mfpu=vfpv3 -mfloat-abi=hard -Wl,-build-id=none -specs=Xilinx.spec -Wl,-T -Wl,../src/lscript.ld -L../../rfid_zynq_bsp/ps7_cortexa9_0/lib -o "rfid_zynq.elf"  ./src/platform.o ./src/rc522.o ./src/rfid_zynq.o   -Wl,--start-group,-lxil,-lgcc,-lc,--end-group
'Finished building target: rfid_zynq.elf'
' '
'Invoking: ARM v7 Print Size'
arm-none-eabi-size rfid_zynq.elf  |tee "rfid_zynq.elf.size"
   text	   data	    bss	    dec	    hex	filename
  79688	   2688	  23440	 105816	  19d58	rfid_zynq.elf
'Finished building: rfid_zynq.elf.size'
' '
10:50:05 **** Auto Build of configuration Debug for project rfid_zynq ****
make pre-build main-build 
a9-linaro-pre-build-step
' '
'Building file: ../src/rc522.c'
'Invoking: ARM v7 gcc compiler'
arm-none-eabi-gcc -Wall -O0 -g3 -c -fmessage-length=0 -MT"src/rc522.o" -mcpu=cortex-a9 -mfpu=vfpv3 -mfloat-abi=hard -I../../rfid_zynq_bsp/ps7_cortexa9_0/include -MMD -MP -MF"src/rc522.d" -MT"src/rc522.o" -o "src/rc522.o" "../src/rc522.c"
../src/rc522.c: In function 'PcdHalt':
../src/rc522.c:336:10: warning: variable 'status' set but not used [-Wunused-but-set-variable]
     char status;
          ^~~~~~
'Finished building: ../src/rc522.c'
' '
'Building target: rfid_zynq.elf'
'Invoking: ARM v7 gcc linker'
arm-none-eabi-gcc -mcpu=cortex-a9 -mfpu=vfpv3 -mfloat-abi=hard -Wl,-build-id=none -specs=Xilinx.spec -Wl,-T -Wl,../src/lscript.ld -L../../rfid_zynq_bsp/ps7_cortexa9_0/lib -o "rfid_zynq.elf"  ./src/platform.o ./src/rc522.o ./src/rfid_zynq.o   -Wl,--start-group,-lxil,-lgcc,-lc,--end-group
'Finished building target: rfid_zynq.elf'
' '
'Invoking: ARM v7 Print Size'
arm-none-eabi-size rfid_zynq.elf  |tee "rfid_zynq.elf.size"
   text	   data	    bss	    dec	    hex	filename
  79688	   2688	  23440	 105816	  19d58	rfid_zynq.elf
'Finished building: rfid_zynq.elf.size'
' '
10:50:07 **** Auto Build of configuration Debug for project rfid_zynq ****
make pre-build main-build 
a9-linaro-pre-build-step
' '
'Building file: ../src/rc522.c'
'Invoking: ARM v7 gcc compiler'
arm-none-eabi-gcc -Wall -O0 -g3 -c -fmessage-length=0 -MT"src/rc522.o" -mcpu=cortex-a9 -mfpu=vfpv3 -mfloat-abi=hard -I../../rfid_zynq_bsp/ps7_cortexa9_0/include -MMD -MP -MF"src/rc522.d" -MT"src/rc522.o" -o "src/rc522.o" "../src/rc522.c"
../src/rc522.c: In function 'PcdHalt':
../src/rc522.c:336:10: warning: variable 'status' set but not used [-Wunused-but-set-variable]
     char status;
          ^~~~~~
'Finished building: ../src/rc522.c'
' '
'Building target: rfid_zynq.elf'
'Invoking: ARM v7 gcc linker'
arm-none-eabi-gcc -mcpu=cortex-a9 -mfpu=vfpv3 -mfloat-abi=hard -Wl,-build-id=none -specs=Xilinx.spec -Wl,-T -Wl,../src/lscript.ld -L../../rfid_zynq_bsp/ps7_cortexa9_0/lib -o "rfid_zynq.elf"  ./src/platform.o ./src/rc522.o ./src/rfid_zynq.o   -Wl,--start-group,-lxil,-lgcc,-lc,--end-group
'Finished building target: rfid_zynq.elf'
' '
'Invoking: ARM v7 Print Size'
arm-none-eabi-size rfid_zynq.elf  |tee "rfid_zynq.elf.size"
   text	   data	    bss	    dec	    hex	filename
  79688	   2688	  23440	 105816	  19d58	rfid_zynq.elf
'Finished building: rfid_zynq.elf.size'
' '
10:50:12 **** Auto Build of configuration Debug for project rfid_zynq ****
make pre-build main-build 
a9-linaro-pre-build-step
' '
'Building file: ../src/rc522.c'
'Invoking: ARM v7 gcc compiler'
arm-none-eabi-gcc -Wall -O0 -g3 -c -fmessage-length=0 -MT"src/rc522.o" -mcpu=cortex-a9 -mfpu=vfpv3 -mfloat-abi=hard -I../../rfid_zynq_bsp/ps7_cortexa9_0/include -MMD -MP -MF"src/rc522.d" -MT"src/rc522.o" -o "src/rc522.o" "../src/rc522.c"
../src/rc522.c: In function 'PcdHalt':
../src/rc522.c:336:10: warning: variable 'status' set but not used [-Wunused-but-set-variable]
     char status;
          ^~~~~~
'Finished building: ../src/rc522.c'
' '
'Building target: rfid_zynq.elf'
'Invoking: ARM v7 gcc linker'
arm-none-eabi-gcc -mcpu=cortex-a9 -mfpu=vfpv3 -mfloat-abi=hard -Wl,-build-id=none -specs=Xilinx.spec -Wl,-T -Wl,../src/lscript.ld -L../../rfid_zynq_bsp/ps7_cortexa9_0/lib -o "rfid_zynq.elf"  ./src/platform.o ./src/rc522.o ./src/rfid_zynq.o   -Wl,--start-group,-lxil,-lgcc,-lc,--end-group
'Finished building target: rfid_zynq.elf'
' '
'Invoking: ARM v7 Print Size'
arm-none-eabi-size rfid_zynq.elf  |tee "rfid_zynq.elf.size"
   text	   data	    bss	    dec	    hex	filename
  79688	   2688	  23440	 105816	  19d58	rfid_zynq.elf
'Finished building: rfid_zynq.elf.size'
' '
10:50:54 **** Incremental Build of configuration Debug for project rfid_zynq ****
make pre-build main-build 
a9-linaro-pre-build-step
' '
make: Nothing to be done for 'main-build'.
10:51:26 **** Auto Build of configuration Debug for project rfid_zynq ****
make pre-build main-build 
a9-linaro-pre-build-step
' '
'Building file: ../src/rc522.c'
'Invoking: ARM v7 gcc compiler'
arm-none-eabi-gcc -Wall -O0 -g3 -c -fmessage-length=0 -MT"src/rc522.o" -mcpu=cortex-a9 -mfpu=vfpv3 -mfloat-abi=hard -I../../rfid_zynq_bsp/ps7_cortexa9_0/include -MMD -MP -MF"src/rc522.d" -MT"src/rc522.o" -o "src/rc522.o" "../src/rc522.c"
../src/rc522.c: In function 'PcdHalt':
../src/rc522.c:336:10: warning: variable 'status' set but not used [-Wunused-but-set-variable]
     char status;
          ^~~~~~
'Finished building: ../src/rc522.c'
' '
'Building target: rfid_zynq.elf'
'Invoking: ARM v7 gcc linker'
arm-none-eabi-gcc -mcpu=cortex-a9 -mfpu=vfpv3 -mfloat-abi=hard -Wl,-build-id=none -specs=Xilinx.spec -Wl,-T -Wl,../src/lscript.ld -L../../rfid_zynq_bsp/ps7_cortexa9_0/lib -o "rfid_zynq.elf"  ./src/platform.o ./src/rc522.o ./src/rfid_zynq.o   -Wl,--start-group,-lxil,-lgcc,-lc,--end-group
'Finished building target: rfid_zynq.elf'
' '
'Invoking: ARM v7 Print Size'
arm-none-eabi-size rfid_zynq.elf  |tee "rfid_zynq.elf.size"
   text	   data	    bss	    dec	    hex	filename
  79752	   2688	  23440	 105880	  19d98	rfid_zynq.elf
'Finished building: rfid_zynq.elf.size'
' '
10:51:39 **** Incremental Build of configuration Debug for project rfid_zynq ****
make pre-build main-build 
a9-linaro-pre-build-step
' '
make: Nothing to be done for 'main-build'.
