BL51 BANKED LINKER/LOCATER V6.22.2.0                                                    09/22/2020  14:34:18  PAGE 1


BL51 BANKED LINKER/LOCATER V6.22.2.0, INVOKED BY:
E:\SOFTWARE\KEIL\C51\BIN\BL51.EXE MAIN.obj, RC522.obj TO TEST522 RAMSIZE (256)


MEMORY MODEL: SMALL


INPUT MODULES INCLUDED:
  MAIN.obj (MAIN)
  RC522.obj (RC522)
  E:\SOFTWARE\KEIL\C51\LIB\C51S.LIB (?C_STARTUP)
  E:\SOFTWARE\KEIL\C51\LIB\C51S.LIB (?C?CLDOPTR)
  E:\SOFTWARE\KEIL\C51\LIB\C51S.LIB (?C?CSTPTR)
  E:\SOFTWARE\KEIL\C51\LIB\C51S.LIB (?C?CSTOPTR)
  E:\SOFTWARE\KEIL\C51\LIB\C51S.LIB (?C?ISTPTR)
  E:\SOFTWARE\KEIL\C51\LIB\C51S.LIB (PRINTF)
  E:\SOFTWARE\KEIL\C51\LIB\C51S.LIB (?C?CLDPTR)
  E:\SOFTWARE\KEIL\C51\LIB\C51S.LIB (?C?PLDIIDATA)
  E:\SOFTWARE\KEIL\C51\LIB\C51S.LIB (?C?CCASE)
  E:\SOFTWARE\KEIL\C51\LIB\C51S.LIB (PUTCHAR)


LINK MAP OF MODULE:  TEST522 (MAIN)


            TYPE    BASE      LENGTH    RELOCATION   SEGMENT NAME
            -----------------------------------------------------

            * * * * * * *   D A T A   M E M O R Y   * * * * * * *
            REG     0000H     0008H     ABSOLUTE     "REG BANK 0"
            DATA    0008H     0014H     UNIT         ?DT?MAIN
                    001CH     0004H                  *** GAP ***
            BIT     0020H.0   0001H.1   UNIT         _BIT_GROUP_
                    0021H.1   0000H.7                *** GAP ***
            DATA    0022H     0032H     UNIT         _DATA_GROUP_
            IDATA   0054H     0001H     UNIT         ?STACK

            * * * * * * *   C O D E   M E M O R Y   * * * * * * *
            CODE    0000H     0003H     ABSOLUTE     
            CODE    0003H     035CH     UNIT         ?PR?PRINTF?PRINTF
            CODE    035FH     01B7H     UNIT         ?PR?MAIN?MAIN
            CODE    0516H     0194H     UNIT         ?PR?_PCDCOMMF522?RC522
            CODE    06AAH     0128H     UNIT         ?PR?_PCDVALUE?RC522
            CODE    07D2H     00D3H     UNIT         ?PR?_PCDWRITE?RC522
            CODE    08A5H     00CFH     UNIT         ?C?LIB_CODE
            CODE    0974H     0092H     UNIT         ?PR?_PCDBAKVALUE?RC522
            CODE    0A06H     008AH     UNIT         ?PR?_PCDAUTHSTATE?RC522
            CODE    0A90H     0088H     UNIT         ?PR?_PCDSELECT?RC522
            CODE    0B18H     0087H     UNIT         ?PR?_PCDANTICOLL?RC522
            CODE    0B9FH     0087H     UNIT         ?PR?_CALULATECRC?RC522
            CODE    0C26H     006FH     UNIT         ?PR?_PCDREAD?RC522
            CODE    0C95H     0064H     UNIT         ?PR?_PCDREQUEST?RC522
            CODE    0CF9H     005CH     UNIT         ?PR?_READRAWRC?RC522
            CODE    0D55H     005BH     UNIT         ?PR?_WRITERAWRC?RC522
            CODE    0DB0H     0044H     UNIT         ?PR?PCDRESET?RC522
            CODE    0DF4H     003DH     UNIT         ?CO?MAIN
            CODE    0E31H     003DH     UNIT         ?PR?PCDHALT?RC522
            CODE    0E6EH     002CH     UNIT         ?PR?INITIALIZESYSTEM?MAIN
BL51 BANKED LINKER/LOCATER V6.22.2.0                                                  09/22/2020  14:34:18  PAGE 2


            CODE    0E9AH     0027H     UNIT         ?PR?PUTCHAR?PUTCHAR
            CODE    0EC1H     001EH     UNIT         ?PR?_DELAY1?MAIN
            CODE    0EDFH     001EH     UNIT         ?PR?_DELAY2?RC522
            CODE    0EFDH     0012H     UNIT         ?PR?_CLEARBITMASK?RC522
            CODE    0F0FH     0012H     UNIT         ?PR?PCDANTENNAON?RC522
            CODE    0F21H     000DH     UNIT         ?PR?_SETBITMASK?RC522
            CODE    0F2EH     000CH     UNIT         ?C_C51STARTUP
            CODE    0F3AH     0007H     UNIT         ?PR?PCDANTENNAOFF?RC522



OVERLAY MAP OF MODULE:   TEST522 (MAIN)


SEGMENT                              BIT_GROUP          DATA_GROUP 
  +--> CALLED SEGMENT             START    LENGTH     START    LENGTH
---------------------------------------------------------------------
?C_C51STARTUP                     -----    -----      -----    -----
  +--> ?PR?MAIN?MAIN

?PR?MAIN?MAIN                     -----    -----      0022H    0004H
  +--> ?PR?_PCDREQUEST?RC522
  +--> ?PR?INITIALIZESYSTEM?MAIN
  +--> ?PR?PCDRESET?RC522
  +--> ?PR?PCDANTENNAOFF?RC522
  +--> ?PR?PCDANTENNAON?RC522
  +--> ?CO?MAIN
  +--> ?PR?PRINTF?PRINTF
  +--> ?PR?_PCDANTICOLL?RC522
  +--> ?PR?_PCDSELECT?RC522
  +--> ?PR?_PCDAUTHSTATE?RC522
  +--> ?PR?_PCDWRITE?RC522
  +--> ?PR?_PCDVALUE?RC522
  +--> ?PR?_PCDBAKVALUE?RC522
  +--> ?PR?_PCDREAD?RC522
  +--> ?PR?_DELAY1?MAIN
  +--> ?PR?PCDHALT?RC522

?PR?_PCDREQUEST?RC522             -----    -----      0026H    0018H
  +--> ?PR?_CLEARBITMASK?RC522
  +--> ?PR?_WRITERAWRC?RC522
  +--> ?PR?_SETBITMASK?RC522
  +--> ?PR?_PCDCOMMF522?RC522

?PR?_CLEARBITMASK?RC522           -----    -----      -----    -----
  +--> ?PR?_READRAWRC?RC522
  +--> ?PR?_WRITERAWRC?RC522

?PR?_SETBITMASK?RC522             -----    -----      -----    -----
  +--> ?PR?_READRAWRC?RC522
  +--> ?PR?_WRITERAWRC?RC522

?PR?_PCDCOMMF522?RC522            -----    -----      0043H    0011H
  +--> ?PR?_WRITERAWRC?RC522
  +--> ?PR?_CLEARBITMASK?RC522
  +--> ?PR?_SETBITMASK?RC522
  +--> ?PR?_READRAWRC?RC522
BL51 BANKED LINKER/LOCATER V6.22.2.0                                                  09/22/2020  14:34:18  PAGE 3



?PR?PCDRESET?RC522                -----    -----      -----    -----
  +--> ?PR?_DELAY2?RC522
  +--> ?PR?_WRITERAWRC?RC522

?PR?PCDANTENNAOFF?RC522           -----    -----      -----    -----
  +--> ?PR?_CLEARBITMASK?RC522

?PR?PCDANTENNAON?RC522            -----    -----      -----    -----
  +--> ?PR?_READRAWRC?RC522
  +--> ?PR?_SETBITMASK?RC522

?PR?PRINTF?PRINTF                 0020H.0  0001H.1    0026H    0014H
  +--> ?PR?PUTCHAR?PUTCHAR

?PR?_PCDANTICOLL?RC522            -----    -----      0026H    0019H
  +--> ?PR?_CLEARBITMASK?RC522
  +--> ?PR?_WRITERAWRC?RC522
  +--> ?PR?_PCDCOMMF522?RC522
  +--> ?PR?_SETBITMASK?RC522

?PR?_PCDSELECT?RC522              -----    -----      0026H    0017H
  +--> ?PR?_CALULATECRC?RC522
  +--> ?PR?_CLEARBITMASK?RC522
  +--> ?PR?_PCDCOMMF522?RC522

?PR?_CALULATECRC?RC522            -----    -----      003EH    0008H
  +--> ?PR?_CLEARBITMASK?RC522
  +--> ?PR?_WRITERAWRC?RC522
  +--> ?PR?_SETBITMASK?RC522
  +--> ?PR?_READRAWRC?RC522

?PR?_PCDAUTHSTATE?RC522           -----    -----      0026H    001DH
  +--> ?PR?_PCDCOMMF522?RC522
  +--> ?PR?_READRAWRC?RC522

?PR?_PCDWRITE?RC522               -----    -----      0026H    0017H
  +--> ?PR?_CALULATECRC?RC522
  +--> ?PR?_PCDCOMMF522?RC522

?PR?_PCDVALUE?RC522               -----    -----      0026H    0018H
  +--> ?PR?_CALULATECRC?RC522
  +--> ?PR?_PCDCOMMF522?RC522

?PR?_PCDBAKVALUE?RC522            -----    -----      0026H    0015H
  +--> ?PR?_CALULATECRC?RC522
  +--> ?PR?_PCDCOMMF522?RC522

?PR?_PCDREAD?RC522                -----    -----      0026H    0017H
  +--> ?PR?_CALULATECRC?RC522
  +--> ?PR?_PCDCOMMF522?RC522

?PR?PCDHALT?RC522                 -----    -----      0026H    0015H
  +--> ?PR?_CALULATECRC?RC522
  +--> ?PR?_PCDCOMMF522?RC522


BL51 BANKED LINKER/LOCATER V6.22.2.0                                                  09/22/2020  14:34:18  PAGE 4



SYMBOL TABLE OF MODULE:  TEST522 (MAIN)

  VALUE           TYPE          NAME
  ----------------------------------

  -------         MODULE        MAIN
  C:0000H         SYMBOL        _ICE_DUMMY_
  D:0080H         PUBLIC        P0
  D:0090H         PUBLIC        P1
  D:00A0H         PUBLIC        P2
  D:00B0H         PUBLIC        P3
  B:00A8H.7       PUBLIC        EA
  D:00A8H         PUBLIC        IE
  B:00A8H.4       PUBLIC        ES
  D:00B8H         PUBLIC        IP
  B:0098H.0       PUBLIC        RI
  B:0098H.1       PUBLIC        TI
  C:0E6EH         PUBLIC        InitializeSystem
  C:035FH         PUBLIC        main
  B:00B0H.0       PUBLIC        LED_GREEN
  D:0098H         PUBLIC        SCON
  D:0089H         PUBLIC        TMOD
  D:0088H         PUBLIC        TCON
  C:0EC1H         PUBLIC        _delay1
  B:00A8H.1       PUBLIC        ET0
  D:008CH         PUBLIC        TH0
  C:0E17H         PUBLIC        data1
  D:008DH         PUBLIC        TH1
  C:0E27H         PUBLIC        data2
  D:008AH         PUBLIC        TL0
  D:008BH         PUBLIC        TL1
  B:0088H.4       PUBLIC        TR0
  B:0088H.6       PUBLIC        TR1
  D:00C8H         PUBLIC        T2CON
  C:0E2BH         PUBLIC        DefaultKey
  D:0008H         PUBLIC        g_ucTempbuf
  D:00D0H         PUBLIC        PSW
  -------         PROC          _DELAY1
  D:0006H         SYMBOL        z
  -------         DO            
  D:0006H         SYMBOL        x
  D:0004H         SYMBOL        y
  -------         ENDDO         
  C:0EC1H         LINE#         19
  C:0EC1H         LINE#         20
  C:0EC1H         LINE#         22
  C:0ECAH         LINE#         23
  C:0EDEH         LINE#         24
  -------         ENDPROC       _DELAY1
  -------         PROC          MAIN
  -------         DO            
  D:0022H         SYMBOL        status
  D:0023H         SYMBOL        i
  D:0024H         SYMBOL        temp
  -------         ENDDO         
  C:035FH         LINE#         27
BL51 BANKED LINKER/LOCATER V6.22.2.0                                                  09/22/2020  14:34:18  PAGE 5


  C:035FH         LINE#         28
  C:035FH         LINE#         31
  C:035FH         LINE#         32
  C:035FH         LINE#         33
  C:035FH         LINE#         34
  C:0361H         LINE#         35
  C:0361H         LINE#         36
  C:0361H         LINE#         39
  C:036EH         LINE#         40
  C:0371H         LINE#         41
  C:0371H         LINE#         42
  C:0374H         LINE#         43
  C:0377H         LINE#         44
  C:037AH         LINE#         45
  C:037DH         LINE#         46
  C:037FH         LINE#         47
  C:037FH         LINE#         49
  C:0388H         LINE#         50
  C:0396H         LINE#         51
  C:0396H         LINE#         52
  C:03A1H         LINE#         53
  C:03AFH         LINE#         55
  C:03B3H         LINE#         57
  C:03BEH         LINE#         58
  C:03C1H         LINE#         59
  C:03C1H         LINE#         64
  C:03CAH         LINE#         65
  C:03D8H         LINE#         66
  C:03D8H         LINE#         67
  C:03E3H         LINE#         68
  C:03F1H         LINE#         70
  C:03F5H         LINE#         74
  C:0400H         LINE#         75
  C:0406H         LINE#         76
  C:0406H         LINE#         78
  C:041DH         LINE#         79
  C:0423H         LINE#         80
  C:0423H         LINE#         82
  C:0430H         LINE#         83
  C:0436H         LINE#         84
  C:0436H         LINE#         85
  C:0436H         LINE#         86
  C:0436H         LINE#         87
  C:0443H         LINE#         88
  C:0446H         LINE#         89
  C:0446H         LINE#         90
  C:0449H         LINE#         91
  C:044CH         LINE#         92
  C:044FH         LINE#         93
  C:0452H         LINE#         94
  C:0454H         LINE#         95
  C:0454H         LINE#         96
  C:045FH         LINE#         97
  C:0462H         LINE#         98
  C:0462H         LINE#         99
  C:046CH         LINE#         100
  C:046FH         LINE#         101
BL51 BANKED LINKER/LOCATER V6.22.2.0                                                  09/22/2020  14:34:18  PAGE 6


  C:046FH         LINE#         103
  C:0486H         LINE#         104
  C:0489H         LINE#         105
  C:0489H         LINE#         108
  C:0498H         LINE#         109
  C:049BH         LINE#         110
  C:049BH         LINE#         112
  C:04A4H         LINE#         113
  C:04A7H         LINE#         114
  C:04A7H         LINE#         116
  C:04B3H         LINE#         117
  C:04B6H         LINE#         118
  C:04B6H         LINE#         119
  C:04BFH         LINE#         120
  C:04CDH         LINE#         121
  C:04CDH         LINE#         122
  C:04D8H         LINE#         123
  C:04E6H         LINE#         125
  C:04EAH         LINE#         127
  C:04F3H         LINE#         128
  C:04F5H         LINE#         134
  C:04FCH         LINE#         135
  C:04FEH         LINE#         136
  C:0505H         LINE#         137
  C:0507H         LINE#         138
  C:050EH         LINE#         139
  C:0510H         LINE#         140
  C:0513H         LINE#         141
  -------         ENDPROC       MAIN
  -------         PROC          INITIALIZESYSTEM
  C:0E6EH         LINE#         149
  C:0E6EH         LINE#         150
  C:0E6EH         LINE#         154
  C:0E7AH         LINE#         156
  C:0E7DH         LINE#         157
  C:0E80H         LINE#         158
  C:0E83H         LINE#         159
  C:0E86H         LINE#         160
  C:0E89H         LINE#         161
  C:0E8BH         LINE#         162
  C:0E8DH         LINE#         163
  C:0E8FH         LINE#         164
  C:0E91H         LINE#         165
  C:0E93H         LINE#         166
  C:0E95H         LINE#         168
  C:0E97H         LINE#         169
  C:0E99H         LINE#         172
  -------         ENDPROC       INITIALIZESYSTEM
  -------         ENDMOD        MAIN

  -------         MODULE        RC522
  C:0000H         SYMBOL        _ICE_DUMMY_
  C:0F3AH         PUBLIC        PcdAntennaOff
  D:0090H         PUBLIC        P1
  D:00A0H         PUBLIC        P2
  D:00B0H         PUBLIC        P3
  C:0C95H         PUBLIC        _PcdRequest
BL51 BANKED LINKER/LOCATER V6.22.2.0                                                  09/22/2020  14:34:18  PAGE 7


  B:00A0H.3       PUBLIC        MF522_RST
  C:0BB0H         PUBLIC        _CalulateCRC
  D:00A8H         PUBLIC        IE
  C:0C26H         PUBLIC        _PcdRead
  C:06AAH         PUBLIC        _PcdValue
  D:00B8H         PUBLIC        IP
  C:0F01H         PUBLIC        _ClearBitMask
  C:0DB0H         PUBLIC        PcdReset
  C:0F0FH         PUBLIC        PcdAntennaOn
  C:0E31H         PUBLIC        PcdHalt
  C:07D2H         PUBLIC        _PcdWrite
  C:0974H         PUBLIC        _PcdBakValue
  C:0A06H         PUBLIC        _PcdAuthState
  D:0098H         PUBLIC        SCON
  D:0088H         PUBLIC        TCON
  C:0CFFH         PUBLIC        _ReadRawRC
  C:0EDFH         PUBLIC        _delay2
  B:00A0H.4       PUBLIC        MF522_MISO
  B:00A0H.5       PUBLIC        MF522_MOSI
  C:0D59H         PUBLIC        _WriteRawRC
  C:0B18H         PUBLIC        _PcdAnticoll
  C:0F21H         PUBLIC        _SetBitMask
  B:00A0H.7       PUBLIC        MF522_SDA
  C:0533H         PUBLIC        _PcdComMF522
  D:00C8H         PUBLIC        T2CON
  B:00A0H.6       PUBLIC        MF522_SCK
  D:00D0H         PUBLIC        PSW
  C:0A90H         PUBLIC        _PcdSelect
  -------         PROC          _DELAY2
  D:0006H         SYMBOL        z
  -------         DO            
  D:0006H         SYMBOL        x
  D:0004H         SYMBOL        y
  -------         ENDDO         
  C:0EDFH         LINE#         8
  C:0EDFH         LINE#         9
  C:0EDFH         LINE#         11
  C:0EE8H         LINE#         12
  C:0EFCH         LINE#         13
  -------         ENDPROC       _DELAY2
  -------         PROC          _PCDREQUEST
  D:0026H         SYMBOL        req_code
  D:0027H         SYMBOL        pTagType
  -------         DO            
  D:0007H         SYMBOL        status
  D:002AH         SYMBOL        unLen
  D:002CH         SYMBOL        ucComMF522Buf
  -------         ENDDO         
  C:0C95H         LINE#         29
  C:0C9DH         LINE#         30
  C:0C9DH         LINE#         35
  C:0CA0H         LINE#         36
  C:0CA7H         LINE#         37
  C:0CAEH         LINE#         39
  C:0CB1H         LINE#         41
  C:0CCDH         LINE#         43
  C:0CDDH         LINE#         44
BL51 BANKED LINKER/LOCATER V6.22.2.0                                                  09/22/2020  14:34:18  PAGE 8


  C:0CDDH         LINE#         45
  C:0CE8H         LINE#         46
  C:0CF6H         LINE#         47
  C:0CF6H         LINE#         49
  C:0CF8H         LINE#         53
  C:0CF8H         LINE#         55
  C:0CF8H         LINE#         56
  -------         ENDPROC       _PCDREQUEST
  -------         PROC          _PCDANTICOLL
  D:0026H         SYMBOL        pSnr
  -------         DO            
  D:0029H         SYMBOL        status
  D:0007H         SYMBOL        i
  D:002AH         SYMBOL        snr_check
  D:002BH         SYMBOL        unLen
  D:002DH         SYMBOL        ucComMF522Buf
  -------         ENDDO         
  C:0B18H         LINE#         63
  C:0B1EH         LINE#         64
  C:0B1EH         LINE#         66
  C:0B21H         LINE#         71
  C:0B24H         LINE#         72
  C:0B2BH         LINE#         73
  C:0B32H         LINE#         75
  C:0B35H         LINE#         76
  C:0B38H         LINE#         78
  C:0B5AH         LINE#         80
  C:0B61H         LINE#         81
  C:0B61H         LINE#         82
  C:0B6CH         LINE#         83
  C:0B6CH         LINE#         84
  C:0B7FH         LINE#         85
  C:0B86H         LINE#         87
  C:0B89H         LINE#         88
  C:0B92H         LINE#         89
  C:0B95H         LINE#         90
  C:0B95H         LINE#         92
  C:0B9CH         LINE#         93
  C:0B9EH         LINE#         94
  -------         ENDPROC       _PCDANTICOLL
  -------         PROC          _PCDSELECT
  D:0026H         SYMBOL        pSnr
  -------         DO            
  D:0007H         SYMBOL        status
  D:0007H         SYMBOL        i
  D:0029H         SYMBOL        unLen
  D:002BH         SYMBOL        ucComMF522Buf
  -------         ENDDO         
  C:0A90H         LINE#         101
  C:0A96H         LINE#         102
  C:0A96H         LINE#         108
  C:0A99H         LINE#         109
  C:0A9CH         LINE#         110
  C:0A9FH         LINE#         111
  C:0AAAH         LINE#         112
  C:0AAAH         LINE#         113
  C:0ABFH         LINE#         114
BL51 BANKED LINKER/LOCATER V6.22.2.0                                                  09/22/2020  14:34:18  PAGE 9


  C:0AC9H         LINE#         115
  C:0ACCH         LINE#         116
  C:0AE0H         LINE#         118
  C:0AE3H         LINE#         120
  C:0B03H         LINE#         122
  C:0B13H         LINE#         123
  C:0B15H         LINE#         125
  C:0B17H         LINE#         127
  C:0B17H         LINE#         128
  -------         ENDPROC       _PCDSELECT
  -------         PROC          _PCDAUTHSTATE
  D:0007H         SYMBOL        auth_mode
  D:0005H         SYMBOL        addr
  D:0028H         SYMBOL        pKey
  D:002BH         SYMBOL        pSnr
  -------         DO            
  D:002EH         SYMBOL        status
  D:002FH         SYMBOL        unLen
  D:0007H         SYMBOL        i
  D:0031H         SYMBOL        ucComMF522Buf
  -------         ENDDO         
  C:0A06H         LINE#         140
  C:0A0CH         LINE#         141
  C:0A0CH         LINE#         146
  C:0A0EH         LINE#         147
  C:0A10H         LINE#         148
  C:0A1CH         LINE#         149
  C:0A34H         LINE#         150
  C:0A40H         LINE#         151
  C:0A58H         LINE#         155
  C:0A7AH         LINE#         156
  C:0A8AH         LINE#         157
  C:0A8DH         LINE#         159
  C:0A8FH         LINE#         160
  -------         ENDPROC       _PCDAUTHSTATE
  -------         PROC          _PCDREAD
  D:0007H         SYMBOL        addr
  D:0026H         SYMBOL        pData
  -------         DO            
  D:0007H         SYMBOL        status
  D:0029H         SYMBOL        unLen
  D:0006H         SYMBOL        i
  D:002BH         SYMBOL        ucComMF522Buf
  -------         ENDDO         
  C:0C26H         LINE#         168
  C:0C2CH         LINE#         169
  C:0C2CH         LINE#         174
  C:0C2FH         LINE#         175
  C:0C31H         LINE#         176
  C:0C41H         LINE#         178
  C:0C61H         LINE#         179
  C:0C71H         LINE#         181
  C:0C71H         LINE#         182
  C:0C7CH         LINE#         183
  C:0C92H         LINE#         184
  C:0C92H         LINE#         186
  C:0C94H         LINE#         188
BL51 BANKED LINKER/LOCATER V6.22.2.0                                                  09/22/2020  14:34:18  PAGE 10


  C:0C94H         LINE#         189
  -------         ENDPROC       _PCDREAD
  -------         PROC          _PCDWRITE
  D:0007H         SYMBOL        addr
  D:0026H         SYMBOL        pData
  -------         DO            
  D:0007H         SYMBOL        status
  D:0029H         SYMBOL        unLen
  D:0006H         SYMBOL        i
  D:002BH         SYMBOL        ucComMF522Buf
  -------         ENDDO         
  C:07D2H         LINE#         197
  C:07D8H         LINE#         198
  C:07D8H         LINE#         203
  C:07DBH         LINE#         204
  C:07DDH         LINE#         205
  C:07F1H         LINE#         207
  C:0811H         LINE#         209
  C:0829H         LINE#         210
  C:082BH         LINE#         212
  C:0833H         LINE#         213
  C:0833H         LINE#         215
  C:083EH         LINE#         216
  C:0856H         LINE#         217
  C:086AH         LINE#         219
  C:088AH         LINE#         220
  C:08A2H         LINE#         221
  C:08A4H         LINE#         222
  C:08A4H         LINE#         224
  C:08A4H         LINE#         225
  -------         ENDPROC       _PCDWRITE
  -------         PROC          _PCDVALUE
  D:0007H         SYMBOL        dd_mode
  D:0026H         SYMBOL        addr
  D:0027H         SYMBOL        pValue
  -------         DO            
  D:0007H         SYMBOL        status
  D:002AH         SYMBOL        unLen
  D:0006H         SYMBOL        i
  D:002CH         SYMBOL        ucComMF522Buf
  -------         ENDDO         
  C:06AAH         LINE#         236
  C:06B2H         LINE#         237
  C:06B2H         LINE#         242
  C:06B4H         LINE#         243
  C:06B7H         LINE#         244
  C:06CBH         LINE#         246
  C:06EBH         LINE#         248
  C:0703H         LINE#         249
  C:0705H         LINE#         251
  C:070DH         LINE#         252
  C:070DH         LINE#         254
  C:0718H         LINE#         255
  C:0730H         LINE#         256
  C:0744H         LINE#         257
  C:0749H         LINE#         258
  C:0766H         LINE#         259
BL51 BANKED LINKER/LOCATER V6.22.2.0                                                  09/22/2020  14:34:18  PAGE 11


  C:0775H         LINE#         260
  C:0777H         LINE#         261
  C:0777H         LINE#         263
  C:077FH         LINE#         264
  C:077FH         LINE#         265
  C:0782H         LINE#         266
  C:0785H         LINE#         267
  C:0797H         LINE#         269
  C:07B7H         LINE#         271
  C:07CFH         LINE#         272
  C:07D1H         LINE#         273
  C:07D1H         LINE#         274
  C:07D1H         LINE#         275
  -------         ENDPROC       _PCDVALUE
  -------         PROC          _PCDBAKVALUE
  D:0007H         SYMBOL        sourceaddr
  D:0026H         SYMBOL        goaladdr
  -------         DO            
  D:0007H         SYMBOL        status
  D:0027H         SYMBOL        unLen
  D:0029H         SYMBOL        ucComMF522Buf
  -------         ENDDO         
  C:0974H         LINE#         283
  C:0976H         LINE#         284
  C:0976H         LINE#         289
  C:0979H         LINE#         290
  C:097BH         LINE#         291
  C:097EH         LINE#         293
  C:0981H         LINE#         295
  C:0999H         LINE#         296
  C:099BH         LINE#         298
  C:09A3H         LINE#         299
  C:09A3H         LINE#         300
  C:09A5H         LINE#         301
  C:09A7H         LINE#         302
  C:09A9H         LINE#         303
  C:09ABH         LINE#         304
  C:09BDH         LINE#         306
  C:09C3H         LINE#         307
  C:09D2H         LINE#         308
  C:09D4H         LINE#         309
  C:09D4H         LINE#         311
  C:09DCH         LINE#         312
  C:09DFH         LINE#         314
  C:09E2H         LINE#         315
  C:09E5H         LINE#         317
  C:09E8H         LINE#         319
  C:09EBH         LINE#         321
  C:0A03H         LINE#         322
  C:0A05H         LINE#         324
  C:0A05H         LINE#         325
  -------         ENDPROC       _PCDBAKVALUE
  -------         PROC          PCDHALT
  -------         DO            
  D:0026H         SYMBOL        status
  D:0027H         SYMBOL        unLen
  D:0029H         SYMBOL        ucComMF522Buf
BL51 BANKED LINKER/LOCATER V6.22.2.0                                                  09/22/2020  14:34:18  PAGE 12


  -------         ENDDO         
  C:0E31H         LINE#         332
  C:0E31H         LINE#         333
  C:0E31H         LINE#         338
  C:0E34H         LINE#         339
  C:0E37H         LINE#         340
  C:0E49H         LINE#         342
  C:0E6BH         LINE#         344
  C:0E6DH         LINE#         345
  -------         ENDPROC       PCDHALT
  C:0BACH         SYMBOL        L?0139
  -------         PROC          L?0138
  -------         ENDPROC       L?0138
  C:0BACH         SYMBOL        L?0139
  -------         PROC          _CALULATECRC
  D:003EH         SYMBOL        pIndata
  D:0041H         SYMBOL        len
  D:0042H         SYMBOL        pOutData
  -------         DO            
  D:0045H         SYMBOL        i
  D:0007H         SYMBOL        n
  -------         ENDDO         
  C:0BB0H         LINE#         350
  C:0BB8H         LINE#         351
  C:0BB8H         LINE#         353
  C:0BBFH         LINE#         354
  C:0BC2H         LINE#         355
  C:0BC9H         LINE#         356
  C:0BD3H         LINE#         357
  C:0BECH         LINE#         358
  C:0BF3H         LINE#         359
  C:0BF6H         LINE#         361
  C:0BF6H         LINE#         362
  C:0BFBH         LINE#         363
  C:0BFDH         LINE#         364
  C:0BFDH         LINE#         365
  C:0C05H         LINE#         366
  C:0C14H         LINE#         367
  -------         ENDPROC       _CALULATECRC
  -------         PROC          PCDRESET
  C:0DB0H         LINE#         374
  C:0DB0H         LINE#         375
  C:0DB0H         LINE#         377
  C:0DB2H         LINE#         379
  C:0DB3H         LINE#         381
  C:0DB5H         LINE#         383
  C:0DB6H         LINE#         385
  C:0DB8H         LINE#         387
  C:0DBFH         LINE#         389
  C:0DC6H         LINE#         391
  C:0DC7H         LINE#         394
  C:0DCEH         LINE#         395
  C:0DD5H         LINE#         396
  C:0DDCH         LINE#         397
  C:0DE3H         LINE#         398
  C:0DEAH         LINE#         399
  C:0DF1H         LINE#         400
BL51 BANKED LINKER/LOCATER V6.22.2.0                                                  09/22/2020  14:34:18  PAGE 13


  C:0DF3H         LINE#         401
  -------         ENDPROC       PCDRESET
  -------         PROC          L?0144
  -------         ENDPROC       L?0144
  -------         PROC          _READRAWRC
  D:0007H         SYMBOL        Address
  -------         DO            
  D:0005H         SYMBOL        i
  D:0007H         SYMBOL        ucAddr
  D:0006H         SYMBOL        ucResult
  -------         ENDDO         
  C:0CFFH         LINE#         408
  C:0CFFH         LINE#         409
  C:0CFFH         LINE#         411
  C:0D01H         LINE#         413
  C:0D03H         LINE#         414
  C:0D05H         LINE#         415
  C:0D0DH         LINE#         417
  C:0D19H         LINE#         418
  C:0D19H         LINE#         419
  C:0D26H         LINE#         420
  C:0D28H         LINE#         421
  C:0D2CH         LINE#         422
  C:0D2EH         LINE#         423
  C:0D31H         LINE#         425
  C:0D3DH         LINE#         426
  C:0D3DH         LINE#         427
  C:0D3FH         LINE#         428
  C:0D43H         LINE#         429
  C:0D49H         LINE#         430
  C:0D4BH         LINE#         431
  C:0D4EH         LINE#         433
  C:0D50H         LINE#         434
  C:0D52H         LINE#         435
  C:0D54H         LINE#         436
  -------         ENDPROC       _READRAWRC
  C:0D55H         SYMBOL        L?0143
  -------         PROC          L?0142
  -------         ENDPROC       L?0142
  C:0D55H         SYMBOL        L?0143
  -------         PROC          _WRITERAWRC
  D:0007H         SYMBOL        Address
  D:0005H         SYMBOL        value
  -------         DO            
  D:0006H         SYMBOL        i
  D:0007H         SYMBOL        ucAddr
  -------         ENDDO         
  C:0D59H         LINE#         443
  C:0D59H         LINE#         444
  C:0D59H         LINE#         447
  C:0D5BH         LINE#         448
  C:0D5DH         LINE#         449
  C:0D63H         LINE#         451
  C:0D6FH         LINE#         452
  C:0D6FH         LINE#         453
  C:0D7CH         LINE#         454
  C:0D7EH         LINE#         455
BL51 BANKED LINKER/LOCATER V6.22.2.0                                                  09/22/2020  14:34:18  PAGE 14


  C:0D82H         LINE#         456
  C:0D84H         LINE#         457
  C:0D87H         LINE#         459
  C:0D93H         LINE#         460
  C:0D93H         LINE#         461
  C:0DA0H         LINE#         462
  C:0DA2H         LINE#         463
  C:0DA6H         LINE#         464
  C:0DA8H         LINE#         465
  C:0DABH         LINE#         466
  C:0DADH         LINE#         467
  C:0DAFH         LINE#         468
  -------         ENDPROC       _WRITERAWRC
  -------         PROC          _SETBITMASK
  D:0004H         SYMBOL        reg
  D:0003H         SYMBOL        mask
  -------         DO            
  D:0006H         SYMBOL        tmp
  -------         ENDDO         
  C:0F21H         LINE#         475
  C:0F21H         LINE#         476
  C:0F21H         LINE#         477
  C:0F21H         LINE#         478
  C:0F26H         LINE#         479
  -------         ENDPROC       _SETBITMASK
  C:0EFDH         SYMBOL        L?0141
  -------         PROC          L?0140
  -------         ENDPROC       L?0140
  C:0EFDH         SYMBOL        L?0141
  -------         PROC          _CLEARBITMASK
  D:0004H         SYMBOL        reg
  D:0003H         SYMBOL        mask
  -------         DO            
  D:0006H         SYMBOL        tmp
  -------         ENDDO         
  C:0F01H         LINE#         487
  C:0F01H         LINE#         488
  C:0F01H         LINE#         489
  C:0F01H         LINE#         490
  C:0F06H         LINE#         491
  -------         ENDPROC       _CLEARBITMASK
  C:0519H         SYMBOL        L?0136
  C:052FH         SYMBOL        L?0137
  -------         PROC          L?0135
  -------         ENDPROC       L?0135
  C:0519H         SYMBOL        L?0136
  C:052FH         SYMBOL        L?0137
  -------         PROC          _PCDCOMMF522
  D:0043H         SYMBOL        Command
  D:0044H         SYMBOL        pInData
  D:0047H         SYMBOL        InLenByte
  D:0048H         SYMBOL        pOutData
  D:004BH         SYMBOL        pOutLenBit
  -------         DO            
  D:004EH         SYMBOL        status
  D:004FH         SYMBOL        irqEn
  D:0050H         SYMBOL        waitFor
BL51 BANKED LINKER/LOCATER V6.22.2.0                                                  09/22/2020  14:34:18  PAGE 15


  D:0005H         SYMBOL        lastBits
  D:0051H         SYMBOL        n
  D:0052H         SYMBOL        i
  -------         ENDDO         
  C:0533H         LINE#         502
  C:053BH         LINE#         507
  C:053BH         LINE#         508
  C:053EH         LINE#         509
  C:0541H         LINE#         510
  C:0543H         LINE#         514
  C:054DH         LINE#         515
  C:054DH         LINE#         516
  C:054DH         LINE#         517
  C:0550H         LINE#         518
  C:0553H         LINE#         519
  C:0555H         LINE#         520
  C:0555H         LINE#         521
  C:0558H         LINE#         522
  C:055BH         LINE#         523
  C:055BH         LINE#         524
  C:055BH         LINE#         525
  C:055BH         LINE#         526
  C:055BH         LINE#         528
  C:0565H         LINE#         529
  C:056CH         LINE#         530
  C:056FH         LINE#         531
  C:0576H         LINE#         533
  C:0586H         LINE#         534
  C:05A5H         LINE#         535
  C:05ACH         LINE#         538
  C:05B2H         LINE#         539
  C:05B9H         LINE#         541
  C:05BFH         LINE#         543
  C:05BFH         LINE#         544
  C:05C6H         LINE#         545
  C:05CEH         LINE#         546
  C:05CEH         LINE#         547
  C:05DDH         LINE#         548
  C:05E4H         LINE#         550
  C:05EDH         LINE#         551
  C:05EDH         LINE#         552
  C:05FAH         LINE#         553
  C:05FAH         LINE#         554
  C:05FCH         LINE#         555
  C:0603H         LINE#         556
  C:0606H         LINE#         557
  C:060FH         LINE#         558
  C:060FH         LINE#         559
  C:0616H         LINE#         560
  C:061FH         LINE#         561
  C:0621H         LINE#         562
  C:0642H         LINE#         564
  C:0656H         LINE#         565
  C:065AH         LINE#         566
  C:065DH         LINE#         567
  C:0668H         LINE#         568
  C:066BH         LINE#         569
BL51 BANKED LINKER/LOCATER V6.22.2.0                                                  09/22/2020  14:34:18  PAGE 16


  C:067BH         LINE#         570
  C:069AH         LINE#         571
  C:069AH         LINE#         572
  C:069AH         LINE#         574
  C:069DH         LINE#         576
  C:069DH         LINE#         579
  C:06A4H         LINE#         580
  C:06A7H         LINE#         581
  C:06A9H         LINE#         582
  -------         ENDPROC       _PCDCOMMF522
  -------         PROC          PCDANTENNAON
  -------         DO            
  D:0007H         SYMBOL        i
  -------         ENDDO         
  C:0F0FH         LINE#         589
  C:0F0FH         LINE#         590
  C:0F0FH         LINE#         592
  C:0F14H         LINE#         593
  C:0F19H         LINE#         594
  C:0F19H         LINE#         595
  C:0F20H         LINE#         596
  C:0F20H         LINE#         597
  -------         ENDPROC       PCDANTENNAON
  -------         PROC          PCDANTENNAOFF
  C:0F3AH         LINE#         603
  C:0F3AH         LINE#         604
  C:0F3AH         LINE#         605
  -------         ENDPROC       PCDANTENNAOFF
  -------         ENDMOD        RC522

  -------         MODULE        ?C?CLDOPTR
  C:08A5H         PUBLIC        ?C?CLDOPTR
  -------         ENDMOD        ?C?CLDOPTR

  -------         MODULE        ?C?CSTPTR
  C:08D2H         PUBLIC        ?C?CSTPTR
  -------         ENDMOD        ?C?CSTPTR

  -------         MODULE        ?C?CSTOPTR
  C:08E4H         PUBLIC        ?C?CSTOPTR
  -------         ENDMOD        ?C?CSTOPTR

  -------         MODULE        ?C?ISTPTR
  C:0906H         PUBLIC        ?C?ISTPTR
  -------         ENDMOD        ?C?ISTPTR

  -------         MODULE        PRINTF
  D:0026H         PUBLIC        ?_PRINTF517?BYTE
  D:0026H         PUBLIC        ?_PRINTF?BYTE
  D:0026H         PUBLIC        ?_SPRINTF517?BYTE
  D:0026H         PUBLIC        ?_SPRINTF?BYTE
  C:0065H         PUBLIC        _PRINTF
  C:0065H         PUBLIC        _PRINTF517
  C:005FH         PUBLIC        _SPRINTF
  C:005FH         PUBLIC        _SPRINTF517
  -------         ENDMOD        PRINTF

BL51 BANKED LINKER/LOCATER V6.22.2.0                                                  09/22/2020  14:34:18  PAGE 17


  -------         MODULE        ?C?CLDPTR
  C:0925H         PUBLIC        ?C?CLDPTR
  -------         ENDMOD        ?C?CLDPTR

  -------         MODULE        ?C?PLDIIDATA
  C:093EH         PUBLIC        ?C?PLDIIDATA
  -------         ENDMOD        ?C?PLDIIDATA

  -------         MODULE        ?C?CCASE
  C:094EH         PUBLIC        ?C?CCASE
  -------         ENDMOD        ?C?CCASE

  -------         MODULE        PUTCHAR
  C:0E9AH         PUBLIC        _PUTCHAR
  -------         ENDMOD        PUTCHAR

Program Size: data=80.1 xdata=0 code=3905
LINK/LOCATE RUN COMPLETE.  0 WARNING(S),  0 ERROR(S)
